19:48:16.902 [main                     ] DEBUG Logger               - Configured Logger
19:48:16.910 [main                     ] DEBUG GameApplication      - Logging settings
Title: Simulador de Batalla
Version: 1.0
Width: 1024
Height: 768
Fullscreen: false
Intro: false
Profiling: false
Single step:false
App Mode: DEVELOPER
Menu Key: ESCAPE
Stage Style: DECORATED
Scene Factory: class com.almasb.fxgl.app.scene.SceneFactory

19:48:17.414 [JavaFX Application Thread] DEBUG FXGLApplication      - Initializing FXGL
19:48:17.417 [JavaFX Application Thread] INFO  Engine               - FXGL-21 (28.12.2023 13.35) on WINDOWS (J:24.0.2 FX:21.0.1)
19:48:17.417 [JavaFX Application Thread] DEBUG Engine               - JRE Vendor Name: Oracle Corporation
19:48:17.417 [JavaFX Application Thread] DEBUG Engine               - Running on OS: Windows 11 version 10.0
19:48:17.417 [JavaFX Application Thread] DEBUG Engine               - Architecture: amd64
19:48:17.417 [JavaFX Application Thread] INFO  Engine               - Source code and latest versions at: https://github.com/AlmasB/FXGL
19:48:17.417 [JavaFX Application Thread] INFO  Engine               -       Ask questions and discuss at: https://github.com/AlmasB/FXGL/discussions
19:48:17.417 [JavaFX Application Thread] INFO  Engine               -              Join the FXGL chat at: https://gitter.im/AlmasB/FXGL
19:48:17.522 [JavaFX Application Thread] DEBUG PrimaryStageWindow   - Creating a JavaFX scene
19:48:17.570 [JavaFX Application Thread] DEBUG PrimaryStageWindow   - Target settings size: 1024.0 x 768.0
19:48:17.570 [JavaFX Application Thread] DEBUG PrimaryStageWindow   - Scaled scene size:    1024.0 x 768.0
19:48:17.570 [JavaFX Application Thread] DEBUG PrimaryStageWindow   - Scaled ratio: (1.0, 1.0)
19:48:17.571 [JavaFX Application Thread] DEBUG PrimaryStageWindow   - Set initial scene to FXGLStartupScene
19:48:17.575 [JavaFX Application Thread] DEBUG PrimaryStageWindow   - Opening main window
19:48:17.658 [JavaFX Application Thread] DEBUG PrimaryStageWindow   - Window border size: (16.0, 39.0)
19:48:17.659 [JavaFX Application Thread] DEBUG PrimaryStageWindow   - Scaled size: 1024.0 x 768.0
19:48:17.659 [JavaFX Application Thread] DEBUG PrimaryStageWindow   - Scaled ratio: (1.0, 1.0)
19:48:17.659 [JavaFX Application Thread] DEBUG PrimaryStageWindow   - Scene size: 1024.0 x 768.0
19:48:17.659 [JavaFX Application Thread] DEBUG PrimaryStageWindow   - Stage size: 1040.0 x 807.0
19:48:17.666 [FXGL Background Thread 1 ] DEBUG Engine               - Initializing environment variables
19:48:17.730 [FXGL Background Thread 1 ] DEBUG FXGLAssetLoaderServi - User app class for loading assets: class Batalla.BattleSimulatorApp
19:48:17.730 [FXGL Background Thread 1 ] DEBUG GameApplicationServi - Applying CSS: fxgl_dark.css
19:48:17.731 [FXGL Background Thread 1 ] DEBUG FXGLAssetLoaderServi - Loading from file system: jar:file:/C:/Users/andy/.m2/repository/com/github/almasb/fxgl/21/fxgl-21.jar!/fxglassets/ui/css/fxgl_dark.css
19:48:17.771 [FXGL Background Thread 1 ] DEBUG GameApplicationServi - Initializing application scenes
19:48:17.816 [FXGL Background Thread 1 ] DEBUG GameWorld            - Game world initialized
19:48:17.869 [FXGL Background Thread 1 ] DEBUG PhysicsWorld         - Physics world initialized: appHeight=768, physics.ppm=50.0
19:48:17.870 [FXGL Background Thread 1 ] DEBUG PhysicsWorld         - Using strategy: BRUTE_FORCE
19:48:17.872 [FXGL Background Thread 1 ] DEBUG GameScene            - Game scene initialized: 1024x768
19:48:17.885 [FXGL Background Thread 1 ] DEBUG FXGL.DefaultMenu     - createMenuBodyGameMenu()
19:48:17.898 [FXGL Background Thread 1 ] DEBUG FXGL.DefaultMenu     - createOptionsMenu()
19:48:17.908 [FXGL Background Thread 1 ] DEBUG FXGLAssetLoaderServi - Loading from file system: jar:file:/C:/Users/andy/.m2/repository/com/github/almasb/fxgl/21/fxgl-21.jar!/fxglassets/textures/particles/smoke.png
19:48:17.993 [FXGL Background Thread 1 ] DEBUG FXGLAssetLoaderServi - Loading from file system: jar:file:/C:/Users/andy/.m2/repository/com/github/almasb/fxgl/21/fxgl-21.jar!/fxglassets/textures/particles/trace_horizontal.png
19:48:18.016 [FXGL Background Thread 1 ] DEBUG GameApplicationServi - Application scenes initialized
19:48:18.026 [FXGL Background Thread 1 ] DEBUG SystemBundleService  - Loading FXGL system data
19:48:18.030 [FXGL Background Thread 1 ] DEBUG FileSystemAccess     - Reading from: C:\Users\andy\OneDrive\Documentos\Proyecto_procesos\system\fxgl.bundle
19:48:18.036 [FXGL Background Thread 1 ] DEBUG SystemBundleService  - Bundle FXGL: {}
19:48:18.036 [FXGL Background Thread 1 ] DEBUG UpdaterService       - Checking for updates
19:48:18.041 [FXGL Background Thread 4 ] DEBUG FXGLApplication      - Loading fonts
19:48:18.041 [FXGL Background Thread 4 ] DEBUG FXGLAssetLoaderServi - Loading from file system: jar:file:/C:/Users/andy/.m2/repository/com/github/almasb/fxgl/21/fxgl-21.jar!/fxglassets/ui/fonts/VarelaRound-Regular.ttf
19:48:18.041 [FXGL Background Thread 1 ] DEBUG FXGLApplication      - Loading default localization
19:48:18.042 [FXGL Background Thread 1 ] DEBUG FXGLAssetLoaderServi - Loading from file system: jar:file:/C:/Users/andy/.m2/repository/com/github/almasb/fxgl/21/fxgl-21.jar!/fxglassets/languages/english.lang
19:48:18.062 [FXGL Background Thread 1 ] INFO  FXGLApplication      - FXGL initialization took: 0.396 sec
19:48:18.063 [JavaFX Application Thread] DEBUG FXGLAssetLoaderServi - Loading from file system: jar:file:/C:/Users/andy/.m2/repository/com/github/almasb/fxgl/21/fxgl-21.jar!/fxglassets/textures/fxgl_icon.png
19:48:18.074 [FXGL Background Thread 4 ] DEBUG FXGLAssetLoaderServi - Loading from file system: jar:file:/C:/Users/andy/.m2/repository/com/github/almasb/fxgl/21/fxgl-21.jar!/fxglassets/ui/fonts/Abel-Regular.ttf
19:48:18.077 [FXGL Background Thread 4 ] DEBUG FXGLAssetLoaderServi - Loading from file system: jar:file:/C:/Users/andy/.m2/repository/com/github/almasb/fxgl/21/fxgl-21.jar!/fxglassets/ui/fonts/TerminalLandMono-Regular.otf
19:48:18.078 [JavaFX Application Thread] DEBUG FXGLAssetLoaderServi - Loading from file system: jar:file:/C:/Users/andy/.m2/repository/com/github/almasb/fxgl/21/fxgl-21.jar!/fxglassets/textures/fxgl_default_cursor.png
19:48:18.081 [FXGL Background Thread 4 ] DEBUG FXGLAssetLoaderServi - Loading from file system: jar:file:/C:/Users/andy/.m2/repository/com/github/almasb/fxgl/21/fxgl-21.jar!/fxglassets/ui/fonts/Courier-Prime.ttf
19:48:18.086 [JavaFX Application Thread] DEBUG Input                - Registered new binding: Screenshot - CTRL+8
19:48:18.086 [JavaFX Application Thread] DEBUG Input                - Registered new binding: System info dump - CTRL+9
19:48:18.087 [JavaFX Application Thread] DEBUG Input                - Registered new binding: Restart - CTRL+R
19:48:18.087 [JavaFX Application Thread] DEBUG Input                - Registered new binding: Toggle Debug Camera - CTRL+7
19:48:18.089 [JavaFX Application Thread] DEBUG LoopRunner           - Starting loop
19:48:18.090 [JavaFX Application Thread] DEBUG LoopRunner           - Initializing JavaFX AnimationTimerLoop
19:48:18.090 [JavaFX Application Thread] DEBUG GameApplicationServi - Starting new game
19:48:18.091 [JavaFX Application Thread] DEBUG Input                - Clearing active input actions
19:48:18.100 [JavaFX Application Thread] DEBUG GameApplicationServi - Removing overlay from FXGLStartupScene and adding to FXGLLoadingScene
19:48:18.101 [JavaFX Application Thread] DEBUG PrimaryStageWindow   - FXGLStartupScene -> FXGLLoadingScene
19:48:18.101 [JavaFX Application Thread] DEBUG GameApplicationServi - Clearing previous game
19:48:18.101 [JavaFX Application Thread] DEBUG GameScene            - Clearing game scene
19:48:18.101 [JavaFX Application Thread] DEBUG GameWorld            - Clearing game world
19:48:18.101 [JavaFX Application Thread] DEBUG PhysicsWorld         - Clearing physics world
19:48:18.103 [FXGL Background Thread 4 ] DEBUG FXGLApplication      - Initializing game
19:48:18.105 [JavaFX Application Thread] DEBUG FXGLApplication      - Registering font factories with UI factory
19:48:18.108 [FXGL Background Thread 4 ] INFO  FXGLApplication      - Game initialization took: 0.005 sec
19:48:18.142 [JavaFX Application Thread] DEBUG Input                - Clearing active input actions
19:48:18.153 [JavaFX Application Thread] DEBUG GameApplicationServi - Removing overlay from FXGLLoadingScene and adding to GameScene
19:48:18.153 [JavaFX Application Thread] DEBUG PrimaryStageWindow   - FXGLLoadingScene -> GameScene
19:48:18.430 [FXGL Background Thread 2 ] INFO  UpdaterService       - Your current version:  21
19:48:18.430 [FXGL Background Thread 2 ] INFO  UpdaterService       - Latest stable version: 25
19:48:19.661 [JavaFX Application Thread] DEBUG FXGLAssetLoaderServi - Loading from file system: file:/C:/Users/andy/OneDrive/Documentos/Proyecto_procesos/target/classes/assets/textures/coliseo.png
19:48:19.722 [JavaFX Application Thread] DEBUG FXGLAssetLoaderServi - Loading from file system: file:/C:/Users/andy/OneDrive/Documentos/Proyecto_procesos/target/classes/assets/textures/sprites/panda/idle.png
19:48:19.730 [JavaFX Application Thread] DEBUG FXGLAssetLoaderServi - Loading from file system: file:/C:/Users/andy/OneDrive/Documentos/Proyecto_procesos/target/classes/assets/textures/sprites/panda/ataque1.png
19:48:19.732 [JavaFX Application Thread] DEBUG FXGLAssetLoaderServi - Loading from file system: file:/C:/Users/andy/OneDrive/Documentos/Proyecto_procesos/target/classes/assets/textures/sprites/panda/ataque2.png
19:48:19.735 [JavaFX Application Thread] DEBUG FXGLAssetLoaderServi - Loading from file system: file:/C:/Users/andy/OneDrive/Documentos/Proyecto_procesos/target/classes/assets/textures/sprites/panda/hurt.png
19:48:19.736 [JavaFX Application Thread] DEBUG FXGLAssetLoaderServi - Loading from file system: file:/C:/Users/andy/OneDrive/Documentos/Proyecto_procesos/target/classes/assets/textures/sprites/panda/defensa.png
19:48:19.737 [JavaFX Application Thread] DEBUG FXGLAssetLoaderServi - Loading from file system: file:/C:/Users/andy/OneDrive/Documentos/Proyecto_procesos/target/classes/assets/textures/sprites/panda/correr.png
19:48:19.739 [JavaFX Application Thread] DEBUG FXGLAssetLoaderServi - Loading from file system: file:/C:/Users/andy/OneDrive/Documentos/Proyecto_procesos/target/classes/assets/textures/sprites/panda/muerte.png
19:48:19.741 [JavaFX Application Thread] DEBUG FXGLAssetLoaderServi - Loading from file system: file:/C:/Users/andy/OneDrive/Documentos/Proyecto_procesos/target/classes/assets/textures/sprites/chino/idle.png
19:48:19.742 [JavaFX Application Thread] DEBUG FXGLAssetLoaderServi - Loading from file system: file:/C:/Users/andy/OneDrive/Documentos/Proyecto_procesos/target/classes/assets/textures/sprites/chino/ataque1.png
19:48:19.743 [JavaFX Application Thread] DEBUG FXGLAssetLoaderServi - Loading from file system: file:/C:/Users/andy/OneDrive/Documentos/Proyecto_procesos/target/classes/assets/textures/sprites/chino/ataque2.png
19:48:19.744 [JavaFX Application Thread] DEBUG FXGLAssetLoaderServi - Loading from file system: file:/C:/Users/andy/OneDrive/Documentos/Proyecto_procesos/target/classes/assets/textures/sprites/chino/hurt.png
19:48:19.745 [JavaFX Application Thread] DEBUG FXGLAssetLoaderServi - Loading from file system: file:/C:/Users/andy/OneDrive/Documentos/Proyecto_procesos/target/classes/assets/textures/sprites/chino/defensa.png
19:48:19.747 [JavaFX Application Thread] DEBUG FXGLAssetLoaderServi - Loading from file system: file:/C:/Users/andy/OneDrive/Documentos/Proyecto_procesos/target/classes/assets/textures/sprites/chino/correr.png
19:48:19.748 [JavaFX Application Thread] DEBUG FXGLAssetLoaderServi - Loading from file system: file:/C:/Users/andy/OneDrive/Documentos/Proyecto_procesos/target/classes/assets/textures/sprites/chino/muerte.png
19:48:21.046 [FXGL Background Thread 3 ] DEBUG Engine               - Logging environment variables
19:48:21.047 [FXGL Background Thread 3 ] DEBUG Engine               - achievements: []
19:48:21.047 [FXGL Background Thread 3 ] DEBUG Engine               - actualHeight: 768.0
19:48:21.047 [FXGL Background Thread 3 ] DEBUG Engine               - actualHeightProperty: ReadOnlyDoubleProperty [value: 768.0]
19:48:21.047 [FXGL Background Thread 3 ] DEBUG Engine               - actualWidth: 1024.0
19:48:21.047 [FXGL Background Thread 3 ] DEBUG Engine               - actualWidthProperty: ReadOnlyDoubleProperty [value: 1024.0]
19:48:21.047 [FXGL Background Thread 3 ] DEBUG Engine               - appIcon: fxgl_icon.png
19:48:21.047 [FXGL Background Thread 3 ] DEBUG Engine               - applicationMode: DEVELOPER
19:48:21.047 [FXGL Background Thread 3 ] DEBUG Engine               - cSSList: [fxgl_dark.css]
19:48:21.047 [FXGL Background Thread 3 ] DEBUG Engine               - collisionDetectionStrategy: BRUTE_FORCE
19:48:21.047 [FXGL Background Thread 3 ] DEBUG Engine               - configClass: Optional.empty
19:48:21.047 [FXGL Background Thread 3 ] DEBUG Engine               - credits: []
19:48:21.047 [FXGL Background Thread 3 ] DEBUG Engine               - defaultCursor: CursorInfo(imageName=fxgl_default_cursor.png, hotspotX=7.0, hotspotY=6.0)
19:48:21.047 [FXGL Background Thread 3 ] DEBUG Engine               - devBBoxColorProperty: ObjectProperty [value: 0xff0000ff]
19:48:21.047 [FXGL Background Thread 3 ] DEBUG Engine               - devEnableDebugCameraProperty: BooleanProperty [value: false]
19:48:21.047 [FXGL Background Thread 3 ] DEBUG Engine               - devSensorColorProperty: ObjectProperty [value: 0xffff00ff]
19:48:21.047 [FXGL Background Thread 3 ] DEBUG Engine               - devShowBBoxProperty: BooleanProperty [value: false]
19:48:21.048 [FXGL Background Thread 3 ] DEBUG Engine               - devShowPositionProperty: BooleanProperty [value: false]
19:48:21.048 [FXGL Background Thread 3 ] DEBUG Engine               - enabledMenuItems: []
19:48:21.048 [FXGL Background Thread 3 ] DEBUG Engine               - engineServices: [class com.almasb.fxgl.app.services.FXGLAssetLoaderService, class com.almasb.fxgl.app.FXGLApplication$GameApplicationService, class com.almasb.fxgl.app.services.FXGLDialogService, class com.almasb.fxgl.app.services.IOTaskExecutorService, class com.almasb.fxgl.io.FileSystemService, class com.almasb.fxgl.localization.LocalizationService, class com.almasb.fxgl.app.services.SystemBundleService, class com.almasb.fxgl.profile.SaveLoadService, class com.almasb.fxgl.ui.FXGLUIFactoryServiceProvider, class com.almasb.fxgl.ui.FXGLDialogFactoryServiceProvider, class com.almasb.fxgl.audio.AudioPlayer, class com.almasb.fxgl.notification.impl.NotificationServiceProvider, class com.almasb.fxgl.achievement.AchievementService, class com.almasb.fxgl.cutscene.CutsceneService, class com.almasb.fxgl.minigames.MiniGameService, class com.almasb.fxgl.net.NetService, class com.almasb.fxgl.app.services.UpdaterService, class com.almasb.fxgl.dev.DevService]
19:48:21.048 [FXGL Background Thread 3 ] DEBUG Engine               - fontGame: Abel-Regular.ttf
19:48:21.048 [FXGL Background Thread 3 ] DEBUG Engine               - fontMono: TerminalLandMono-Regular.otf
19:48:21.048 [FXGL Background Thread 3 ] DEBUG Engine               - fontSizeScaleUI: 1.0
19:48:21.048 [FXGL Background Thread 3 ] DEBUG Engine               - fontText: Courier-Prime.ttf
19:48:21.048 [FXGL Background Thread 3 ] DEBUG Engine               - fontUI: VarelaRound-Regular.ttf
19:48:21.048 [FXGL Background Thread 3 ] DEBUG Engine               - fullScreen: BooleanProperty [value: false]
19:48:21.048 [FXGL Background Thread 3 ] DEBUG Engine               - gameDifficulty: MEDIUM
19:48:21.048 [FXGL Background Thread 3 ] DEBUG Engine               - gameDifficultyProperty: ObjectProperty [value: MEDIUM]
19:48:21.048 [FXGL Background Thread 3 ] DEBUG Engine               - globalMusicVolume: 0.5
19:48:21.048 [FXGL Background Thread 3 ] DEBUG Engine               - globalMusicVolumeProperty: DoubleProperty [value: 0.5]
19:48:21.048 [FXGL Background Thread 3 ] DEBUG Engine               - globalSoundVolume: 0.5
19:48:21.048 [FXGL Background Thread 3 ] DEBUG Engine               - globalSoundVolumeProperty: DoubleProperty [value: 0.5]
19:48:21.048 [FXGL Background Thread 3 ] DEBUG Engine               - height: 768
19:48:21.048 [FXGL Background Thread 3 ] DEBUG Engine               - is3D: false
19:48:21.048 [FXGL Background Thread 3 ] DEBUG Engine               - isAndroid: false
19:48:21.048 [FXGL Background Thread 3 ] DEBUG Engine               - isBrowser: false
19:48:21.048 [FXGL Background Thread 3 ] DEBUG Engine               - isClickFeedbackEnabled: false
19:48:21.048 [FXGL Background Thread 3 ] DEBUG Engine               - isCloseConfirmation: false
19:48:21.048 [FXGL Background Thread 3 ] DEBUG Engine               - isDesktop: true
19:48:21.048 [FXGL Background Thread 3 ] DEBUG Engine               - isDeveloperMenuEnabled: false
19:48:21.049 [FXGL Background Thread 3 ] DEBUG Engine               - isEmbedded: false
19:48:21.049 [FXGL Background Thread 3 ] DEBUG Engine               - isEntityPreloadEnabled: true
19:48:21.049 [FXGL Background Thread 3 ] DEBUG Engine               - isExperimentalTiledLargeMap: false
19:48:21.049 [FXGL Background Thread 3 ] DEBUG Engine               - isFileSystemWriteAllowed: true
19:48:21.049 [FXGL Background Thread 3 ] DEBUG Engine               - isFullScreenAllowed: false
19:48:21.049 [FXGL Background Thread 3 ] DEBUG Engine               - isFullScreenFromStart: false
19:48:21.049 [FXGL Background Thread 3 ] DEBUG Engine               - isGameMenuEnabled: true
19:48:21.049 [FXGL Background Thread 3 ] DEBUG Engine               - isIOS: false
19:48:21.049 [FXGL Background Thread 3 ] DEBUG Engine               - isIntroEnabled: false
19:48:21.049 [FXGL Background Thread 3 ] DEBUG Engine               - isLinux: false
19:48:21.049 [FXGL Background Thread 3 ] DEBUG Engine               - isMac: false
19:48:21.049 [FXGL Background Thread 3 ] DEBUG Engine               - isMainMenuEnabled: false
19:48:21.049 [FXGL Background Thread 3 ] DEBUG Engine               - isManualResizeEnabled: false
19:48:21.049 [FXGL Background Thread 3 ] DEBUG Engine               - isMobile: false
19:48:21.049 [FXGL Background Thread 3 ] DEBUG Engine               - isNative: false
19:48:21.049 [FXGL Background Thread 3 ] DEBUG Engine               - isPauseMusicWhenMinimized: true
19:48:21.049 [FXGL Background Thread 3 ] DEBUG Engine               - isPreserveResizeRatio: false
19:48:21.049 [FXGL Background Thread 3 ] DEBUG Engine               - isProfilingEnabled: false
19:48:21.049 [FXGL Background Thread 3 ] DEBUG Engine               - isScaleAffectedOnResize: true
19:48:21.049 [FXGL Background Thread 3 ] DEBUG Engine               - isSingleStep: false
19:48:21.049 [FXGL Background Thread 3 ] DEBUG Engine               - isUserProfileEnabled: false
19:48:21.049 [FXGL Background Thread 3 ] DEBUG Engine               - isWindows: true
19:48:21.049 [FXGL Background Thread 3 ] DEBUG Engine               - language: ObjectProperty [value: ENGLISH]
19:48:21.049 [FXGL Background Thread 3 ] DEBUG Engine               - menuKey: ESCAPE
19:48:21.049 [FXGL Background Thread 3 ] DEBUG Engine               - mouseSensitivity: 0.2
19:48:21.049 [FXGL Background Thread 3 ] DEBUG Engine               - notificationViewClass: class com.almasb.fxgl.notification.view.XboxNotificationView
19:48:21.050 [FXGL Background Thread 3 ] DEBUG Engine               - pixelsPerMeter: 50.0
19:48:21.050 [FXGL Background Thread 3 ] DEBUG Engine               - platform: WINDOWS
19:48:21.050 [FXGL Background Thread 3 ] DEBUG Engine               - prefHeightProperty: ReadOnlyDoubleProperty [value: 768.0]
19:48:21.050 [FXGL Background Thread 3 ] DEBUG Engine               - prefWidthProperty: ReadOnlyDoubleProperty [value: 1024.0]
19:48:21.050 [FXGL Background Thread 3 ] DEBUG Engine               - profileDir: profiles/
19:48:21.050 [FXGL Background Thread 3 ] DEBUG Engine               - profileName: StringProperty [value: DEFAULT]
19:48:21.050 [FXGL Background Thread 3 ] DEBUG Engine               - randomSeed: -1
19:48:21.050 [FXGL Background Thread 3 ] DEBUG Engine               - runtimeInfo: RuntimeInfo(platform=WINDOWS, version=21, build=28.12.2023 13.35)
19:48:21.050 [FXGL Background Thread 3 ] DEBUG Engine               - saveFileExt: sav
19:48:21.050 [FXGL Background Thread 3 ] DEBUG Engine               - scaledHeightProp$fxgl: DoubleProperty [bound, value: 768.0]
19:48:21.050 [FXGL Background Thread 3 ] DEBUG Engine               - scaledWidthProp$fxgl: DoubleProperty [bound, value: 1024.0]
19:48:21.050 [FXGL Background Thread 3 ] DEBUG Engine               - sceneFactory: com.almasb.fxgl.app.scene.SceneFactory@292011cb
19:48:21.050 [FXGL Background Thread 3 ] DEBUG Engine               - secondsIn24h: 60
19:48:21.050 [FXGL Background Thread 3 ] DEBUG Engine               - soundMenuBack: menu/back.wav
19:48:21.050 [FXGL Background Thread 3 ] DEBUG Engine               - soundMenuPress: menu/press.wav
19:48:21.050 [FXGL Background Thread 3 ] DEBUG Engine               - soundMenuSelect: menu/select.wav
19:48:21.050 [FXGL Background Thread 3 ] DEBUG Engine               - soundNotification: core/notification.wav
19:48:21.050 [FXGL Background Thread 3 ] DEBUG Engine               - stageStyle: DECORATED
19:48:21.050 [FXGL Background Thread 3 ] DEBUG Engine               - supportedLanguages: [ENGLISH, FRENCH, GERMAN, HUNGARIAN, RUSSIAN]
19:48:21.050 [FXGL Background Thread 3 ] DEBUG Engine               - ticksPerSecond: -1
19:48:21.050 [FXGL Background Thread 3 ] DEBUG Engine               - title: Simulador de Batalla
19:48:21.051 [FXGL Background Thread 3 ] DEBUG Engine               - urlGithub: https://github.com/AlmasB/FXGL
19:48:21.051 [FXGL Background Thread 3 ] DEBUG Engine               - urlLeaderboard: http://fxgl-top.herokuapp.com/
19:48:21.051 [FXGL Background Thread 3 ] DEBUG Engine               - urlPOM: https://raw.githubusercontent.com/AlmasB/FXGL/release/README.md
19:48:21.051 [FXGL Background Thread 3 ] DEBUG Engine               - userAppClass: class Batalla.BattleSimulatorApp
19:48:21.051 [FXGL Background Thread 3 ] DEBUG Engine               - version: 1.0
19:48:21.051 [FXGL Background Thread 3 ] DEBUG Engine               - versionCheckDays: 7
19:48:21.051 [FXGL Background Thread 3 ] DEBUG Engine               - width: 1024
19:48:21.051 [FXGL Background Thread 3 ] DEBUG Engine               - Logging services
19:48:21.051 [FXGL Background Thread 3 ] DEBUG Engine               - class com.almasb.fxgl.app.services.FXGLAssetLoaderService
19:48:21.051 [FXGL Background Thread 3 ] DEBUG Engine               - class com.almasb.fxgl.app.FXGLApplication$GameApplicationService
19:48:21.051 [FXGL Background Thread 3 ] DEBUG Engine               - class com.almasb.fxgl.app.services.FXGLDialogService
19:48:21.051 [FXGL Background Thread 3 ] DEBUG Engine               - class com.almasb.fxgl.app.services.IOTaskExecutorService
19:48:21.051 [FXGL Background Thread 3 ] DEBUG Engine               - class com.almasb.fxgl.io.FileSystemService
19:48:21.051 [FXGL Background Thread 3 ] DEBUG Engine               - class com.almasb.fxgl.localization.LocalizationService
19:48:21.051 [FXGL Background Thread 3 ] DEBUG Engine               - class com.almasb.fxgl.app.services.SystemBundleService
19:48:21.051 [FXGL Background Thread 3 ] DEBUG Engine               - class com.almasb.fxgl.profile.SaveLoadService
19:48:21.051 [FXGL Background Thread 3 ] DEBUG Engine               - class com.almasb.fxgl.ui.FXGLUIFactoryServiceProvider
19:48:21.051 [FXGL Background Thread 3 ] DEBUG Engine               - class com.almasb.fxgl.ui.FXGLDialogFactoryServiceProvider
19:48:21.051 [FXGL Background Thread 3 ] DEBUG Engine               - class com.almasb.fxgl.audio.AudioPlayer
19:48:21.051 [FXGL Background Thread 3 ] DEBUG Engine               - class com.almasb.fxgl.notification.impl.NotificationServiceProvider
19:48:21.051 [FXGL Background Thread 3 ] DEBUG Engine               - class com.almasb.fxgl.achievement.AchievementService
19:48:21.051 [FXGL Background Thread 3 ] DEBUG Engine               - class com.almasb.fxgl.cutscene.CutsceneService
19:48:21.051 [FXGL Background Thread 3 ] DEBUG Engine               - class com.almasb.fxgl.minigames.MiniGameService
19:48:21.051 [FXGL Background Thread 3 ] DEBUG Engine               - class com.almasb.fxgl.net.NetService
19:48:21.051 [FXGL Background Thread 3 ] DEBUG Engine               - class com.almasb.fxgl.app.services.UpdaterService
19:48:21.051 [FXGL Background Thread 3 ] DEBUG Engine               - class com.almasb.fxgl.dev.DevService
19:48:42.322 [JavaFX Application Thread] DEBUG LoopRunner           - Pausing loop
19:48:52.199 [JavaFX Application Thread] DEBUG LoopRunner           - Resuming loop
19:49:18.567 [JavaFX Application Thread] DEBUG FXGLApplication      - Exiting FXGL
19:49:18.567 [JavaFX Application Thread] DEBUG LoopRunner           - Stopping loop
19:49:18.567 [JavaFX Application Thread] DEBUG SystemBundleService  - Saving FXGL system data
19:49:18.569 [JavaFX Application Thread] DEBUG FileSystemAccess     - Writing to: C:\Users\andy\OneDrive\Documentos\Proyecto_procesos\system\fxgl.bundle
19:49:18.571 [JavaFX Application Thread] DEBUG Async                - Shutting down background threads
19:49:18.571 [JavaFX Application Thread] DEBUG PrimaryStageWindow   - Closing main window
19:49:18.580 [JavaFX Application Thread] DEBUG Logger               - Closing Logger
