16:42:29.086 [main                     ] DEBUG Logger               - Configured Logger
16:42:29.095 [main                     ] DEBUG GameApplication      - Logging settings
Title: Simulador de Batalla
Version: 1.0
Width: 1024
Height: 768
Fullscreen: false
Intro: false
Profiling: false
Single step:false
App Mode: DEVELOPER
Menu Key: ESCAPE
Stage Style: DECORATED
Scene Factory: class com.almasb.fxgl.app.scene.SceneFactory

16:42:29.568 [JavaFX Application Thread] DEBUG FXGLApplication      - Initializing FXGL
16:42:29.572 [JavaFX Application Thread] INFO  Engine               - FXGL-21 (28.12.2023 13.35) on WINDOWS (J:24.0.2 FX:21.0.1)
16:42:29.573 [JavaFX Application Thread] DEBUG Engine               - JRE Vendor Name: Eclipse Adoptium
16:42:29.573 [JavaFX Application Thread] DEBUG Engine               - Running on OS: Windows 10 version 10.0
16:42:29.573 [JavaFX Application Thread] DEBUG Engine               - Architecture: amd64
16:42:29.573 [JavaFX Application Thread] INFO  Engine               - Source code and latest versions at: https://github.com/AlmasB/FXGL
16:42:29.573 [JavaFX Application Thread] INFO  Engine               -       Ask questions and discuss at: https://github.com/AlmasB/FXGL/discussions
16:42:29.574 [JavaFX Application Thread] INFO  Engine               -              Join the FXGL chat at: https://gitter.im/AlmasB/FXGL
16:42:29.816 [JavaFX Application Thread] DEBUG PrimaryStageWindow   - Creating a JavaFX scene
16:42:29.903 [JavaFX Application Thread] DEBUG PrimaryStageWindow   - Target settings size: 1024.0 x 768.0
16:42:29.903 [JavaFX Application Thread] DEBUG PrimaryStageWindow   - Scaled scene size:    1024.0 x 768.0
16:42:29.903 [JavaFX Application Thread] DEBUG PrimaryStageWindow   - Scaled ratio: (1.0, 1.0)
16:42:29.906 [JavaFX Application Thread] DEBUG PrimaryStageWindow   - Set initial scene to FXGLStartupScene
16:42:29.911 [JavaFX Application Thread] DEBUG PrimaryStageWindow   - Opening main window
16:42:30.034 [JavaFX Application Thread] DEBUG PrimaryStageWindow   - Window border size: (14.4000244140625, 37.5999755859375)
16:42:30.034 [JavaFX Application Thread] DEBUG PrimaryStageWindow   - Scaled size: 1024.0 x 768.0
16:42:30.034 [JavaFX Application Thread] DEBUG PrimaryStageWindow   - Scaled ratio: (1.0, 1.0)
16:42:30.035 [JavaFX Application Thread] DEBUG PrimaryStageWindow   - Scene size: 1024.0 x 768.0
16:42:30.035 [JavaFX Application Thread] DEBUG PrimaryStageWindow   - Stage size: 1038.4000244140625 x 805.5999755859375
16:42:30.050 [FXGL Background Thread 1 ] DEBUG Engine               - Initializing environment variables
16:42:30.137 [FXGL Background Thread 1 ] DEBUG FXGLAssetLoaderServi - User app class for loading assets: class Batalla.BattleSimulatorApp
16:42:30.137 [FXGL Background Thread 1 ] DEBUG GameApplicationServi - Applying CSS: fxgl_dark.css
16:42:30.138 [FXGL Background Thread 1 ] DEBUG FXGLAssetLoaderServi - Loading from file system: jar:file:/C:/Users/oscar/.m2/repository/com/github/almasb/fxgl/21/fxgl-21.jar!/fxglassets/ui/css/fxgl_dark.css
16:42:30.237 [FXGL Background Thread 1 ] DEBUG GameApplicationServi - Initializing application scenes
16:42:30.376 [FXGL Background Thread 1 ] DEBUG GameWorld            - Game world initialized
16:42:30.445 [FXGL Background Thread 1 ] DEBUG PhysicsWorld         - Physics world initialized: appHeight=768, physics.ppm=50.0
16:42:30.446 [FXGL Background Thread 1 ] DEBUG PhysicsWorld         - Using strategy: BRUTE_FORCE
16:42:30.451 [FXGL Background Thread 1 ] DEBUG GameScene            - Game scene initialized: 1024x768
16:42:30.467 [FXGL Background Thread 1 ] DEBUG FXGL.DefaultMenu     - createMenuBodyGameMenu()
16:42:30.491 [FXGL Background Thread 1 ] DEBUG FXGL.DefaultMenu     - createOptionsMenu()
16:42:30.507 [FXGL Background Thread 1 ] DEBUG FXGLAssetLoaderServi - Loading from file system: jar:file:/C:/Users/oscar/.m2/repository/com/github/almasb/fxgl/21/fxgl-21.jar!/fxglassets/textures/particles/smoke.png
16:42:30.642 [FXGL Background Thread 1 ] DEBUG FXGLAssetLoaderServi - Loading from file system: jar:file:/C:/Users/oscar/.m2/repository/com/github/almasb/fxgl/21/fxgl-21.jar!/fxglassets/textures/particles/trace_horizontal.png
16:42:30.677 [FXGL Background Thread 1 ] DEBUG GameApplicationServi - Application scenes initialized
16:42:30.697 [FXGL Background Thread 1 ] DEBUG SystemBundleService  - Loading FXGL system data
16:42:30.699 [FXGL Background Thread 1 ] DEBUG FileSystemAccess     - Reading from: C:\Users\oscar\IdeaProjects\Proyecto_procesos\system\fxgl.bundle
16:42:30.701 [FXGL Background Thread 1 ] DEBUG SystemBundleService  - Bundle FXGL: {}
16:42:30.701 [FXGL Background Thread 1 ] DEBUG UpdaterService       - Checking for updates
16:42:30.709 [FXGL Background Thread 4 ] DEBUG FXGLApplication      - Loading fonts
16:42:30.710 [FXGL Background Thread 1 ] DEBUG FXGLApplication      - Loading default localization
16:42:30.711 [FXGL Background Thread 1 ] DEBUG FXGLAssetLoaderServi - Loading from file system: jar:file:/C:/Users/oscar/.m2/repository/com/github/almasb/fxgl/21/fxgl-21.jar!/fxglassets/languages/english.lang
16:42:30.721 [FXGL Background Thread 4 ] DEBUG FXGLAssetLoaderServi - Loading from file system: jar:file:/C:/Users/oscar/.m2/repository/com/github/almasb/fxgl/21/fxgl-21.jar!/fxglassets/ui/fonts/VarelaRound-Regular.ttf
16:42:30.748 [FXGL Background Thread 4 ] DEBUG FXGLAssetLoaderServi - Loading from file system: jar:file:/C:/Users/oscar/.m2/repository/com/github/almasb/fxgl/21/fxgl-21.jar!/fxglassets/ui/fonts/Abel-Regular.ttf
16:42:30.763 [FXGL Background Thread 1 ] INFO  FXGLApplication      - FXGL initialization took: 0.713 sec
16:42:30.765 [JavaFX Application Thread] DEBUG FXGLAssetLoaderServi - Loading from file system: jar:file:/C:/Users/oscar/.m2/repository/com/github/almasb/fxgl/21/fxgl-21.jar!/fxglassets/textures/fxgl_icon.png
16:42:30.799 [FXGL Background Thread 4 ] DEBUG FXGLAssetLoaderServi - Loading from file system: jar:file:/C:/Users/oscar/.m2/repository/com/github/almasb/fxgl/21/fxgl-21.jar!/fxglassets/ui/fonts/TerminalLandMono-Regular.otf
16:42:30.806 [FXGL Background Thread 4 ] DEBUG FXGLAssetLoaderServi - Loading from file system: jar:file:/C:/Users/oscar/.m2/repository/com/github/almasb/fxgl/21/fxgl-21.jar!/fxglassets/ui/fonts/Courier-Prime.ttf
16:42:30.806 [JavaFX Application Thread] DEBUG FXGLAssetLoaderServi - Loading from file system: jar:file:/C:/Users/oscar/.m2/repository/com/github/almasb/fxgl/21/fxgl-21.jar!/fxglassets/textures/fxgl_default_cursor.png
16:42:30.821 [JavaFX Application Thread] DEBUG Input                - Registered new binding: Screenshot - CTRL+8
16:42:30.822 [JavaFX Application Thread] DEBUG Input                - Registered new binding: System info dump - CTRL+9
16:42:30.823 [JavaFX Application Thread] DEBUG Input                - Registered new binding: Restart - CTRL+R
16:42:30.824 [JavaFX Application Thread] DEBUG Input                - Registered new binding: Toggle Debug Camera - CTRL+7
16:42:30.829 [JavaFX Application Thread] DEBUG LoopRunner           - Starting loop
16:42:30.829 [JavaFX Application Thread] DEBUG LoopRunner           - Initializing JavaFX AnimationTimerLoop
16:42:30.832 [JavaFX Application Thread] DEBUG GameApplicationServi - Starting new game
16:42:30.832 [JavaFX Application Thread] DEBUG Input                - Clearing active input actions
16:42:30.857 [JavaFX Application Thread] DEBUG GameApplicationServi - Removing overlay from FXGLStartupScene and adding to FXGLLoadingScene
16:42:30.857 [JavaFX Application Thread] DEBUG PrimaryStageWindow   - FXGLStartupScene -> FXGLLoadingScene
16:42:30.857 [JavaFX Application Thread] DEBUG GameApplicationServi - Clearing previous game
16:42:30.857 [JavaFX Application Thread] DEBUG GameScene            - Clearing game scene
16:42:30.857 [JavaFX Application Thread] DEBUG GameWorld            - Clearing game world
16:42:30.857 [JavaFX Application Thread] DEBUG PhysicsWorld         - Clearing physics world
16:42:30.860 [FXGL Background Thread 4 ] DEBUG FXGLApplication      - Initializing game
16:42:30.886 [FXGL Background Thread 4 ] INFO  FXGLApplication      - Game initialization took: 0.027 sec
16:42:30.946 [JavaFX Application Thread] DEBUG FXGLApplication      - Registering font factories with UI factory
16:42:30.955 [JavaFX Application Thread] DEBUG Input                - Clearing active input actions
16:42:30.990 [JavaFX Application Thread] DEBUG GameApplicationServi - Removing overlay from FXGLLoadingScene and adding to GameScene
16:42:30.991 [JavaFX Application Thread] DEBUG PrimaryStageWindow   - FXGLLoadingScene -> GameScene
16:42:31.539 [FXGL Background Thread 2 ] INFO  UpdaterService       - Your current version:  21
16:42:31.539 [FXGL Background Thread 2 ] INFO  UpdaterService       - Latest stable version: 25
16:42:32.990 [JavaFX Application Thread] DEBUG FXGLAssetLoaderServi - Loading from file system: file:/C:/Users/oscar/IdeaProjects/Proyecto_procesos/target/classes/assets/textures/C.png
16:42:33.077 [JavaFX Application Thread] DEBUG FXGLAssetLoaderServi - Loading from file system: file:/C:/Users/oscar/IdeaProjects/Proyecto_procesos/target/classes/assets/textures/sprites/panda/idle.png
16:42:33.088 [JavaFX Application Thread] DEBUG FXGLAssetLoaderServi - Loading from file system: file:/C:/Users/oscar/IdeaProjects/Proyecto_procesos/target/classes/assets/textures/sprites/panda/ataque1.png
16:42:33.091 [JavaFX Application Thread] DEBUG FXGLAssetLoaderServi - Loading from file system: file:/C:/Users/oscar/IdeaProjects/Proyecto_procesos/target/classes/assets/textures/sprites/panda/ataque2.png
16:42:33.098 [JavaFX Application Thread] DEBUG FXGLAssetLoaderServi - Loading from file system: file:/C:/Users/oscar/IdeaProjects/Proyecto_procesos/target/classes/assets/textures/sprites/panda/hurt.png
16:42:33.100 [JavaFX Application Thread] DEBUG FXGLAssetLoaderServi - Loading from file system: file:/C:/Users/oscar/IdeaProjects/Proyecto_procesos/target/classes/assets/textures/sprites/panda/defensa.png
16:42:33.103 [JavaFX Application Thread] DEBUG FXGLAssetLoaderServi - Loading from file system: file:/C:/Users/oscar/IdeaProjects/Proyecto_procesos/target/classes/assets/textures/sprites/panda/correr.png
16:42:33.106 [JavaFX Application Thread] DEBUG FXGLAssetLoaderServi - Loading from file system: file:/C:/Users/oscar/IdeaProjects/Proyecto_procesos/target/classes/assets/textures/sprites/panda/muerte.png
16:42:33.110 [JavaFX Application Thread] DEBUG FXGLAssetLoaderServi - Loading from file system: file:/C:/Users/oscar/IdeaProjects/Proyecto_procesos/target/classes/assets/textures/sprites/ninja/idle.png
16:42:33.113 [JavaFX Application Thread] DEBUG FXGLAssetLoaderServi - Loading from file system: file:/C:/Users/oscar/IdeaProjects/Proyecto_procesos/target/classes/assets/textures/sprites/ninja/ataque1.png
16:42:33.115 [JavaFX Application Thread] DEBUG FXGLAssetLoaderServi - Loading from file system: file:/C:/Users/oscar/IdeaProjects/Proyecto_procesos/target/classes/assets/textures/sprites/ninja/ataque2.png
16:42:33.117 [JavaFX Application Thread] DEBUG FXGLAssetLoaderServi - Loading from file system: file:/C:/Users/oscar/IdeaProjects/Proyecto_procesos/target/classes/assets/textures/sprites/ninja/hurt.png
16:42:33.119 [JavaFX Application Thread] DEBUG FXGLAssetLoaderServi - Loading from file system: file:/C:/Users/oscar/IdeaProjects/Proyecto_procesos/target/classes/assets/textures/sprites/ninja/defensa.png
16:42:33.121 [JavaFX Application Thread] DEBUG FXGLAssetLoaderServi - Loading from file system: file:/C:/Users/oscar/IdeaProjects/Proyecto_procesos/target/classes/assets/textures/sprites/ninja/correr.png
16:42:33.123 [JavaFX Application Thread] DEBUG FXGLAssetLoaderServi - Loading from file system: file:/C:/Users/oscar/IdeaProjects/Proyecto_procesos/target/classes/assets/textures/sprites/ninja/muerte.png
16:42:33.707 [FXGL Background Thread 3 ] DEBUG Engine               - Logging environment variables
16:42:33.708 [FXGL Background Thread 3 ] DEBUG Engine               - achievements: []
16:42:33.708 [FXGL Background Thread 3 ] DEBUG Engine               - actualHeight: 768.0
16:42:33.709 [FXGL Background Thread 3 ] DEBUG Engine               - actualHeightProperty: ReadOnlyDoubleProperty [value: 768.0]
16:42:33.709 [FXGL Background Thread 3 ] DEBUG Engine               - actualWidth: 1024.0
16:42:33.709 [FXGL Background Thread 3 ] DEBUG Engine               - actualWidthProperty: ReadOnlyDoubleProperty [value: 1024.0]
16:42:33.709 [FXGL Background Thread 3 ] DEBUG Engine               - appIcon: fxgl_icon.png
16:42:33.709 [FXGL Background Thread 3 ] DEBUG Engine               - applicationMode: DEVELOPER
16:42:33.709 [FXGL Background Thread 3 ] DEBUG Engine               - cSSList: [fxgl_dark.css]
16:42:33.710 [FXGL Background Thread 3 ] DEBUG Engine               - collisionDetectionStrategy: BRUTE_FORCE
16:42:33.710 [FXGL Background Thread 3 ] DEBUG Engine               - configClass: Optional.empty
16:42:33.710 [FXGL Background Thread 3 ] DEBUG Engine               - credits: []
16:42:33.710 [FXGL Background Thread 3 ] DEBUG Engine               - defaultCursor: CursorInfo(imageName=fxgl_default_cursor.png, hotspotX=7.0, hotspotY=6.0)
16:42:33.711 [FXGL Background Thread 3 ] DEBUG Engine               - devBBoxColorProperty: ObjectProperty [value: 0xff0000ff]
16:42:33.711 [FXGL Background Thread 3 ] DEBUG Engine               - devEnableDebugCameraProperty: BooleanProperty [value: false]
16:42:33.711 [FXGL Background Thread 3 ] DEBUG Engine               - devSensorColorProperty: ObjectProperty [value: 0xffff00ff]
16:42:33.712 [FXGL Background Thread 3 ] DEBUG Engine               - devShowBBoxProperty: BooleanProperty [value: false]
16:42:33.712 [FXGL Background Thread 3 ] DEBUG Engine               - devShowPositionProperty: BooleanProperty [value: false]
16:42:33.712 [FXGL Background Thread 3 ] DEBUG Engine               - enabledMenuItems: []
16:42:33.712 [FXGL Background Thread 3 ] DEBUG Engine               - engineServices: [class com.almasb.fxgl.app.services.FXGLAssetLoaderService, class com.almasb.fxgl.app.FXGLApplication$GameApplicationService, class com.almasb.fxgl.app.services.FXGLDialogService, class com.almasb.fxgl.app.services.IOTaskExecutorService, class com.almasb.fxgl.io.FileSystemService, class com.almasb.fxgl.localization.LocalizationService, class com.almasb.fxgl.app.services.SystemBundleService, class com.almasb.fxgl.profile.SaveLoadService, class com.almasb.fxgl.ui.FXGLUIFactoryServiceProvider, class com.almasb.fxgl.ui.FXGLDialogFactoryServiceProvider, class com.almasb.fxgl.audio.AudioPlayer, class com.almasb.fxgl.notification.impl.NotificationServiceProvider, class com.almasb.fxgl.achievement.AchievementService, class com.almasb.fxgl.cutscene.CutsceneService, class com.almasb.fxgl.minigames.MiniGameService, class com.almasb.fxgl.net.NetService, class com.almasb.fxgl.app.services.UpdaterService, class com.almasb.fxgl.dev.DevService]
16:42:33.712 [FXGL Background Thread 3 ] DEBUG Engine               - fontGame: Abel-Regular.ttf
16:42:33.712 [FXGL Background Thread 3 ] DEBUG Engine               - fontMono: TerminalLandMono-Regular.otf
16:42:33.712 [FXGL Background Thread 3 ] DEBUG Engine               - fontSizeScaleUI: 1.0
16:42:33.713 [FXGL Background Thread 3 ] DEBUG Engine               - fontText: Courier-Prime.ttf
16:42:33.713 [FXGL Background Thread 3 ] DEBUG Engine               - fontUI: VarelaRound-Regular.ttf
16:42:33.713 [FXGL Background Thread 3 ] DEBUG Engine               - fullScreen: BooleanProperty [value: false]
16:42:33.713 [FXGL Background Thread 3 ] DEBUG Engine               - gameDifficulty: MEDIUM
16:42:33.713 [FXGL Background Thread 3 ] DEBUG Engine               - gameDifficultyProperty: ObjectProperty [value: MEDIUM]
16:42:33.714 [FXGL Background Thread 3 ] DEBUG Engine               - globalMusicVolume: 0.5
16:42:33.714 [FXGL Background Thread 3 ] DEBUG Engine               - globalMusicVolumeProperty: DoubleProperty [value: 0.5]
16:42:33.714 [FXGL Background Thread 3 ] DEBUG Engine               - globalSoundVolume: 0.5
16:42:33.714 [FXGL Background Thread 3 ] DEBUG Engine               - globalSoundVolumeProperty: DoubleProperty [value: 0.5]
16:42:33.714 [FXGL Background Thread 3 ] DEBUG Engine               - height: 768
16:42:33.714 [FXGL Background Thread 3 ] DEBUG Engine               - is3D: false
16:42:33.714 [FXGL Background Thread 3 ] DEBUG Engine               - isAndroid: false
16:42:33.715 [FXGL Background Thread 3 ] DEBUG Engine               - isBrowser: false
16:42:33.715 [FXGL Background Thread 3 ] DEBUG Engine               - isClickFeedbackEnabled: false
16:42:33.715 [FXGL Background Thread 3 ] DEBUG Engine               - isCloseConfirmation: false
16:42:33.715 [FXGL Background Thread 3 ] DEBUG Engine               - isDesktop: true
16:42:33.715 [FXGL Background Thread 3 ] DEBUG Engine               - isDeveloperMenuEnabled: false
16:42:33.715 [FXGL Background Thread 3 ] DEBUG Engine               - isEmbedded: false
16:42:33.716 [FXGL Background Thread 3 ] DEBUG Engine               - isEntityPreloadEnabled: true
16:42:33.716 [FXGL Background Thread 3 ] DEBUG Engine               - isExperimentalTiledLargeMap: false
16:42:33.716 [FXGL Background Thread 3 ] DEBUG Engine               - isFileSystemWriteAllowed: true
16:42:33.716 [FXGL Background Thread 3 ] DEBUG Engine               - isFullScreenAllowed: false
16:42:33.716 [FXGL Background Thread 3 ] DEBUG Engine               - isFullScreenFromStart: false
16:42:33.716 [FXGL Background Thread 3 ] DEBUG Engine               - isGameMenuEnabled: true
16:42:33.716 [FXGL Background Thread 3 ] DEBUG Engine               - isIOS: false
16:42:33.716 [FXGL Background Thread 3 ] DEBUG Engine               - isIntroEnabled: false
16:42:33.717 [FXGL Background Thread 3 ] DEBUG Engine               - isLinux: false
16:42:33.717 [FXGL Background Thread 3 ] DEBUG Engine               - isMac: false
16:42:33.717 [FXGL Background Thread 3 ] DEBUG Engine               - isMainMenuEnabled: false
16:42:33.717 [FXGL Background Thread 3 ] DEBUG Engine               - isManualResizeEnabled: false
16:42:33.717 [FXGL Background Thread 3 ] DEBUG Engine               - isMobile: false
16:42:33.717 [FXGL Background Thread 3 ] DEBUG Engine               - isNative: false
16:42:33.717 [FXGL Background Thread 3 ] DEBUG Engine               - isPauseMusicWhenMinimized: true
16:42:33.717 [FXGL Background Thread 3 ] DEBUG Engine               - isPreserveResizeRatio: false
16:42:33.718 [FXGL Background Thread 3 ] DEBUG Engine               - isProfilingEnabled: false
16:42:33.718 [FXGL Background Thread 3 ] DEBUG Engine               - isScaleAffectedOnResize: true
16:42:33.718 [FXGL Background Thread 3 ] DEBUG Engine               - isSingleStep: false
16:42:33.718 [FXGL Background Thread 3 ] DEBUG Engine               - isUserProfileEnabled: false
16:42:33.718 [FXGL Background Thread 3 ] DEBUG Engine               - isWindows: true
16:42:33.718 [FXGL Background Thread 3 ] DEBUG Engine               - language: ObjectProperty [value: ENGLISH]
16:42:33.718 [FXGL Background Thread 3 ] DEBUG Engine               - menuKey: ESCAPE
16:42:33.718 [FXGL Background Thread 3 ] DEBUG Engine               - mouseSensitivity: 0.2
16:42:33.719 [FXGL Background Thread 3 ] DEBUG Engine               - notificationViewClass: class com.almasb.fxgl.notification.view.XboxNotificationView
16:42:33.719 [FXGL Background Thread 3 ] DEBUG Engine               - pixelsPerMeter: 50.0
16:42:33.719 [FXGL Background Thread 3 ] DEBUG Engine               - platform: WINDOWS
16:42:33.719 [FXGL Background Thread 3 ] DEBUG Engine               - prefHeightProperty: ReadOnlyDoubleProperty [value: 768.0]
16:42:33.719 [FXGL Background Thread 3 ] DEBUG Engine               - prefWidthProperty: ReadOnlyDoubleProperty [value: 1024.0]
16:42:33.719 [FXGL Background Thread 3 ] DEBUG Engine               - profileDir: profiles/
16:42:33.719 [FXGL Background Thread 3 ] DEBUG Engine               - profileName: StringProperty [value: DEFAULT]
16:42:33.719 [FXGL Background Thread 3 ] DEBUG Engine               - randomSeed: -1
16:42:33.720 [FXGL Background Thread 3 ] DEBUG Engine               - runtimeInfo: RuntimeInfo(platform=WINDOWS, version=21, build=28.12.2023 13.35)
16:42:33.720 [FXGL Background Thread 3 ] DEBUG Engine               - saveFileExt: sav
16:42:33.720 [FXGL Background Thread 3 ] DEBUG Engine               - scaledHeightProp$fxgl: DoubleProperty [bound, value: 768.0]
16:42:33.721 [FXGL Background Thread 3 ] DEBUG Engine               - scaledWidthProp$fxgl: DoubleProperty [bound, value: 1024.0]
16:42:33.721 [FXGL Background Thread 3 ] DEBUG Engine               - sceneFactory: com.almasb.fxgl.app.scene.SceneFactory@5d2dad74
16:42:33.721 [FXGL Background Thread 3 ] DEBUG Engine               - secondsIn24h: 60
16:42:33.721 [FXGL Background Thread 3 ] DEBUG Engine               - soundMenuBack: menu/back.wav
16:42:33.721 [FXGL Background Thread 3 ] DEBUG Engine               - soundMenuPress: menu/press.wav
16:42:33.721 [FXGL Background Thread 3 ] DEBUG Engine               - soundMenuSelect: menu/select.wav
16:42:33.722 [FXGL Background Thread 3 ] DEBUG Engine               - soundNotification: core/notification.wav
16:42:33.722 [FXGL Background Thread 3 ] DEBUG Engine               - stageStyle: DECORATED
16:42:33.722 [FXGL Background Thread 3 ] DEBUG Engine               - supportedLanguages: [ENGLISH, FRENCH, GERMAN, HUNGARIAN, RUSSIAN]
16:42:33.722 [FXGL Background Thread 3 ] DEBUG Engine               - ticksPerSecond: -1
16:42:33.722 [FXGL Background Thread 3 ] DEBUG Engine               - title: Simulador de Batalla
16:42:33.722 [FXGL Background Thread 3 ] DEBUG Engine               - urlGithub: https://github.com/AlmasB/FXGL
16:42:33.722 [FXGL Background Thread 3 ] DEBUG Engine               - urlLeaderboard: http://fxgl-top.herokuapp.com/
16:42:33.722 [FXGL Background Thread 3 ] DEBUG Engine               - urlPOM: https://raw.githubusercontent.com/AlmasB/FXGL/release/README.md
16:42:33.722 [FXGL Background Thread 3 ] DEBUG Engine               - userAppClass: class Batalla.BattleSimulatorApp
16:42:33.722 [FXGL Background Thread 3 ] DEBUG Engine               - version: 1.0
16:42:33.723 [FXGL Background Thread 3 ] DEBUG Engine               - versionCheckDays: 7
16:42:33.723 [FXGL Background Thread 3 ] DEBUG Engine               - width: 1024
16:42:33.723 [FXGL Background Thread 3 ] DEBUG Engine               - Logging services
16:42:33.723 [FXGL Background Thread 3 ] DEBUG Engine               - class com.almasb.fxgl.app.services.FXGLAssetLoaderService
16:42:33.723 [FXGL Background Thread 3 ] DEBUG Engine               - class com.almasb.fxgl.app.FXGLApplication$GameApplicationService
16:42:33.723 [FXGL Background Thread 3 ] DEBUG Engine               - class com.almasb.fxgl.app.services.FXGLDialogService
16:42:33.723 [FXGL Background Thread 3 ] DEBUG Engine               - class com.almasb.fxgl.app.services.IOTaskExecutorService
16:42:33.723 [FXGL Background Thread 3 ] DEBUG Engine               - class com.almasb.fxgl.io.FileSystemService
16:42:33.723 [FXGL Background Thread 3 ] DEBUG Engine               - class com.almasb.fxgl.localization.LocalizationService
16:42:33.723 [FXGL Background Thread 3 ] DEBUG Engine               - class com.almasb.fxgl.app.services.SystemBundleService
16:42:33.723 [FXGL Background Thread 3 ] DEBUG Engine               - class com.almasb.fxgl.profile.SaveLoadService
16:42:33.724 [FXGL Background Thread 3 ] DEBUG Engine               - class com.almasb.fxgl.ui.FXGLUIFactoryServiceProvider
16:42:33.724 [FXGL Background Thread 3 ] DEBUG Engine               - class com.almasb.fxgl.ui.FXGLDialogFactoryServiceProvider
16:42:33.724 [FXGL Background Thread 3 ] DEBUG Engine               - class com.almasb.fxgl.audio.AudioPlayer
16:42:33.724 [FXGL Background Thread 3 ] DEBUG Engine               - class com.almasb.fxgl.notification.impl.NotificationServiceProvider
16:42:33.724 [FXGL Background Thread 3 ] DEBUG Engine               - class com.almasb.fxgl.achievement.AchievementService
16:42:33.724 [FXGL Background Thread 3 ] DEBUG Engine               - class com.almasb.fxgl.cutscene.CutsceneService
16:42:33.724 [FXGL Background Thread 3 ] DEBUG Engine               - class com.almasb.fxgl.minigames.MiniGameService
16:42:33.724 [FXGL Background Thread 3 ] DEBUG Engine               - class com.almasb.fxgl.net.NetService
16:42:33.724 [FXGL Background Thread 3 ] DEBUG Engine               - class com.almasb.fxgl.app.services.UpdaterService
16:42:33.724 [FXGL Background Thread 3 ] DEBUG Engine               - class com.almasb.fxgl.dev.DevService
16:42:41.570 [JavaFX Application Thread] DEBUG FXGLApplication      - Exiting FXGL
16:42:41.570 [JavaFX Application Thread] DEBUG LoopRunner           - Stopping loop
16:42:41.570 [JavaFX Application Thread] DEBUG SystemBundleService  - Saving FXGL system data
16:42:41.574 [JavaFX Application Thread] DEBUG FileSystemAccess     - Writing to: C:\Users\oscar\IdeaProjects\Proyecto_procesos\system\fxgl.bundle
16:42:41.577 [JavaFX Application Thread] DEBUG Async                - Shutting down background threads
16:42:41.577 [JavaFX Application Thread] DEBUG PrimaryStageWindow   - Closing main window
16:42:41.605 [JavaFX Application Thread] DEBUG Logger               - Closing Logger
