23:55:52.896 [main                     ] DEBUG Logger               - Configured Logger
23:55:52.961 [main                     ] DEBUG GameApplication      - Logging settings
Title: Simulador de Batalla
Version: 1.0
Width: 1024
Height: 768
Fullscreen: false
Intro: false
Profiling: false
Single step:false
App Mode: DEVELOPER
Menu Key: ESCAPE
Stage Style: DECORATED
Scene Factory: class com.almasb.fxgl.app.scene.SceneFactory

23:55:53.732 [JavaFX Application Thread] DEBUG FXGLApplication      - Initializing FXGL
23:55:53.749 [JavaFX Application Thread] INFO  Engine               - FXGL-21 (28.12.2023 13.35) on WINDOWS (J:21.0.10 FX:21.0.1)
23:55:53.751 [JavaFX Application Thread] DEBUG Engine               - JRE Vendor Name: Eclipse Adoptium
23:55:53.751 [JavaFX Application Thread] DEBUG Engine               - Running on OS: Windows 11 version 10.0
23:55:53.751 [JavaFX Application Thread] DEBUG Engine               - Architecture: amd64
23:55:53.752 [JavaFX Application Thread] INFO  Engine               - Source code and latest versions at: https://github.com/AlmasB/FXGL
23:55:53.752 [JavaFX Application Thread] INFO  Engine               -       Ask questions and discuss at: https://github.com/AlmasB/FXGL/discussions
23:55:53.753 [JavaFX Application Thread] INFO  Engine               -              Join the FXGL chat at: https://gitter.im/AlmasB/FXGL
23:55:54.033 [JavaFX Application Thread] DEBUG PrimaryStageWindow   - Creating a JavaFX scene
23:55:54.135 [JavaFX Application Thread] DEBUG PrimaryStageWindow   - Target settings size: 1024.0 x 768.0
23:55:54.136 [JavaFX Application Thread] DEBUG PrimaryStageWindow   - Scaled scene size:    1024.0 x 768.0
23:55:54.136 [JavaFX Application Thread] DEBUG PrimaryStageWindow   - Scaled ratio: (1.0, 1.0)
23:55:54.138 [JavaFX Application Thread] DEBUG PrimaryStageWindow   - Set initial scene to FXGLStartupScene
23:55:54.144 [JavaFX Application Thread] DEBUG PrimaryStageWindow   - Opening main window
23:55:54.355 [JavaFX Application Thread] DEBUG PrimaryStageWindow   - Window border size: (14.4000244140625, 37.5999755859375)
23:55:54.355 [JavaFX Application Thread] DEBUG PrimaryStageWindow   - Scaled size: 1024.0 x 768.0
23:55:54.356 [JavaFX Application Thread] DEBUG PrimaryStageWindow   - Scaled ratio: (1.0, 1.0)
23:55:54.357 [JavaFX Application Thread] DEBUG PrimaryStageWindow   - Scene size: 1024.0 x 768.0
23:55:54.358 [JavaFX Application Thread] DEBUG PrimaryStageWindow   - Stage size: 1038.4000244140625 x 805.5999755859375
23:55:54.383 [FXGL Background Thread 1 ] DEBUG Engine               - Initializing environment variables
23:55:54.524 [FXGL Background Thread 1 ] DEBUG FXGLAssetLoaderServi - User app class for loading assets: class Batalla.BattleSimulatorApp
23:55:54.524 [FXGL Background Thread 1 ] DEBUG GameApplicationServi - Applying CSS: fxgl_dark.css
23:55:54.527 [FXGL Background Thread 1 ] DEBUG FXGLAssetLoaderServi - Loading from file system: jar:file:/C:/Users/jdani/.m2/repository/com/github/almasb/fxgl/21/fxgl-21.jar!/fxglassets/ui/css/fxgl_dark.css
23:55:54.652 [FXGL Background Thread 1 ] DEBUG GameApplicationServi - Initializing application scenes
23:55:54.746 [FXGL Background Thread 1 ] DEBUG GameWorld            - Game world initialized
23:55:54.891 [FXGL Background Thread 1 ] DEBUG PhysicsWorld         - Physics world initialized: appHeight=768, physics.ppm=50,0
23:55:54.891 [FXGL Background Thread 1 ] DEBUG PhysicsWorld         - Using strategy: BRUTE_FORCE
23:55:54.902 [FXGL Background Thread 1 ] DEBUG GameScene            - Game scene initialized: 1024x768
23:55:54.935 [FXGL Background Thread 1 ] DEBUG FXGL.DefaultMenu     - createMenuBodyGameMenu()
23:55:54.982 [FXGL Background Thread 1 ] DEBUG FXGL.DefaultMenu     - createOptionsMenu()
23:55:55.007 [FXGL Background Thread 1 ] DEBUG FXGLAssetLoaderServi - Loading from file system: jar:file:/C:/Users/jdani/.m2/repository/com/github/almasb/fxgl/21/fxgl-21.jar!/fxglassets/textures/particles/smoke.png
23:55:55.246 [FXGL Background Thread 1 ] DEBUG FXGLAssetLoaderServi - Loading from file system: jar:file:/C:/Users/jdani/.m2/repository/com/github/almasb/fxgl/21/fxgl-21.jar!/fxglassets/textures/particles/trace_horizontal.png
23:55:55.304 [FXGL Background Thread 1 ] DEBUG GameApplicationServi - Application scenes initialized
23:55:55.339 [FXGL Background Thread 1 ] DEBUG SystemBundleService  - Loading FXGL system data
23:55:55.351 [FXGL Background Thread 1 ] DEBUG FileSystemAccess     - Reading from: C:\Users\jdani\Documents\5toSemestreIngSoftware\IngenieriaProcesos\Programas\proyecto_procesos\system\fxgl.bundle
23:55:55.370 [FXGL Background Thread 1 ] DEBUG SystemBundleService  - Bundle FXGL: {}
23:55:55.370 [FXGL Background Thread 1 ] DEBUG UpdaterService       - Checking for updates
23:55:55.380 [FXGL Background Thread 4 ] DEBUG FXGLApplication      - Loading fonts
23:55:55.381 [FXGL Background Thread 1 ] DEBUG FXGLApplication      - Loading default localization
23:55:55.382 [FXGL Background Thread 1 ] DEBUG FXGLAssetLoaderServi - Loading from file system: jar:file:/C:/Users/jdani/.m2/repository/com/github/almasb/fxgl/21/fxgl-21.jar!/fxglassets/languages/english.lang
23:55:55.383 [FXGL Background Thread 4 ] DEBUG FXGLAssetLoaderServi - Loading from file system: jar:file:/C:/Users/jdani/.m2/repository/com/github/almasb/fxgl/21/fxgl-21.jar!/fxglassets/ui/fonts/VarelaRound-Regular.ttf
23:55:55.431 [FXGL Background Thread 1 ] INFO  FXGLApplication      - FXGL initialization took: 1,048 sec
23:55:55.434 [JavaFX Application Thread] DEBUG FXGLAssetLoaderServi - Loading from file system: jar:file:/C:/Users/jdani/.m2/repository/com/github/almasb/fxgl/21/fxgl-21.jar!/fxglassets/textures/fxgl_icon.png
23:55:55.476 [JavaFX Application Thread] DEBUG FXGLAssetLoaderServi - Loading from file system: jar:file:/C:/Users/jdani/.m2/repository/com/github/almasb/fxgl/21/fxgl-21.jar!/fxglassets/textures/fxgl_default_cursor.png
23:55:55.499 [FXGL Background Thread 4 ] DEBUG FXGLAssetLoaderServi - Loading from file system: jar:file:/C:/Users/jdani/.m2/repository/com/github/almasb/fxgl/21/fxgl-21.jar!/fxglassets/ui/fonts/Abel-Regular.ttf
23:55:55.502 [JavaFX Application Thread] DEBUG Input                - Registered new binding: Screenshot - CTRL+8
23:55:55.504 [JavaFX Application Thread] DEBUG Input                - Registered new binding: System info dump - CTRL+9
23:55:55.505 [JavaFX Application Thread] DEBUG Input                - Registered new binding: Restart - CTRL+R
23:55:55.509 [JavaFX Application Thread] DEBUG Input                - Registered new binding: Toggle Debug Camera - CTRL+7
23:55:55.518 [JavaFX Application Thread] DEBUG LoopRunner           - Starting loop
23:55:55.518 [JavaFX Application Thread] DEBUG LoopRunner           - Initializing JavaFX AnimationTimerLoop
23:55:55.522 [JavaFX Application Thread] DEBUG GameApplicationServi - Starting new game
23:55:55.523 [JavaFX Application Thread] DEBUG Input                - Clearing active input actions
23:55:55.525 [FXGL Background Thread 4 ] DEBUG FXGLAssetLoaderServi - Loading from file system: jar:file:/C:/Users/jdani/.m2/repository/com/github/almasb/fxgl/21/fxgl-21.jar!/fxglassets/ui/fonts/TerminalLandMono-Regular.otf
23:55:55.547 [JavaFX Application Thread] DEBUG GameApplicationServi - Removing overlay from FXGLStartupScene and adding to FXGLLoadingScene
23:55:55.549 [JavaFX Application Thread] DEBUG PrimaryStageWindow   - FXGLStartupScene -> FXGLLoadingScene
23:55:55.549 [JavaFX Application Thread] DEBUG GameApplicationServi - Clearing previous game
23:55:55.549 [JavaFX Application Thread] DEBUG GameScene            - Clearing game scene
23:55:55.549 [JavaFX Application Thread] DEBUG GameWorld            - Clearing game world
23:55:55.549 [JavaFX Application Thread] DEBUG PhysicsWorld         - Clearing physics world
23:55:55.551 [FXGL Background Thread 4 ] DEBUG FXGLAssetLoaderServi - Loading from file system: jar:file:/C:/Users/jdani/.m2/repository/com/github/almasb/fxgl/21/fxgl-21.jar!/fxglassets/ui/fonts/Courier-Prime.ttf
23:55:55.553 [FXGL Background Thread 1 ] DEBUG FXGLApplication      - Initializing game
23:55:55.635 [FXGL Background Thread 1 ] INFO  FXGLApplication      - Game initialization took: 0,083 sec
23:55:55.687 [JavaFX Application Thread] DEBUG FXGLApplication      - Registering font factories with UI factory
23:55:55.692 [JavaFX Application Thread] DEBUG Input                - Clearing active input actions
23:55:55.740 [JavaFX Application Thread] DEBUG GameApplicationServi - Removing overlay from FXGLLoadingScene and adding to GameScene
23:55:55.741 [JavaFX Application Thread] DEBUG PrimaryStageWindow   - FXGLLoadingScene -> GameScene
23:55:56.246 [FXGL Background Thread 2 ] INFO  UpdaterService       - Your current version:  21
23:55:56.247 [FXGL Background Thread 2 ] INFO  UpdaterService       - Latest stable version: 25
23:55:56.497 [JavaFX Application Thread] DEBUG FXGLAssetLoaderServi - Loading from file system: file:/C:/Users/jdani/Documents/5toSemestreIngSoftware/IngenieriaProcesos/Programas/Proyecto_procesos/target/classes/assets/textures/sprites/demon/idle.png
23:55:56.523 [JavaFX Application Thread] DEBUG FXGLAssetLoaderServi - Loading from file system: file:/C:/Users/jdani/Documents/5toSemestreIngSoftware/IngenieriaProcesos/Programas/Proyecto_procesos/target/classes/assets/textures/sprites/demon/ataque1.png
23:55:56.532 [JavaFX Application Thread] DEBUG FXGLAssetLoaderServi - Loading from file system: file:/C:/Users/jdani/Documents/5toSemestreIngSoftware/IngenieriaProcesos/Programas/Proyecto_procesos/target/classes/assets/textures/sprites/demon/ataque2.png
23:55:56.539 [JavaFX Application Thread] DEBUG FXGLAssetLoaderServi - Loading from file system: file:/C:/Users/jdani/Documents/5toSemestreIngSoftware/IngenieriaProcesos/Programas/Proyecto_procesos/target/classes/assets/textures/sprites/demon/hurt.png
23:55:56.545 [JavaFX Application Thread] DEBUG FXGLAssetLoaderServi - Loading from file system: file:/C:/Users/jdani/Documents/5toSemestreIngSoftware/IngenieriaProcesos/Programas/Proyecto_procesos/target/classes/assets/textures/sprites/demon/defensa.png
23:55:56.552 [JavaFX Application Thread] DEBUG FXGLAssetLoaderServi - Loading from file system: file:/C:/Users/jdani/Documents/5toSemestreIngSoftware/IngenieriaProcesos/Programas/Proyecto_procesos/target/classes/assets/textures/sprites/demon/correr.png
23:55:56.559 [JavaFX Application Thread] DEBUG FXGLAssetLoaderServi - Loading from file system: file:/C:/Users/jdani/Documents/5toSemestreIngSoftware/IngenieriaProcesos/Programas/Proyecto_procesos/target/classes/assets/textures/sprites/demon/muerte.png
23:55:56.964 [JavaFX Application Thread] DEBUG FXGLAssetLoaderServi - Loading from file system: file:/C:/Users/jdani/Documents/5toSemestreIngSoftware/IngenieriaProcesos/Programas/Proyecto_procesos/target/classes/assets/textures/sprites/panda/idle.png
23:55:56.973 [JavaFX Application Thread] DEBUG FXGLAssetLoaderServi - Loading from file system: file:/C:/Users/jdani/Documents/5toSemestreIngSoftware/IngenieriaProcesos/Programas/Proyecto_procesos/target/classes/assets/textures/sprites/panda/ataque1.png
23:55:56.982 [JavaFX Application Thread] DEBUG FXGLAssetLoaderServi - Loading from file system: file:/C:/Users/jdani/Documents/5toSemestreIngSoftware/IngenieriaProcesos/Programas/Proyecto_procesos/target/classes/assets/textures/sprites/panda/ataque2.png
23:55:56.993 [JavaFX Application Thread] DEBUG FXGLAssetLoaderServi - Loading from file system: file:/C:/Users/jdani/Documents/5toSemestreIngSoftware/IngenieriaProcesos/Programas/Proyecto_procesos/target/classes/assets/textures/sprites/panda/hurt.png
23:55:56.998 [JavaFX Application Thread] DEBUG FXGLAssetLoaderServi - Loading from file system: file:/C:/Users/jdani/Documents/5toSemestreIngSoftware/IngenieriaProcesos/Programas/Proyecto_procesos/target/classes/assets/textures/sprites/panda/defensa.png
23:55:57.003 [JavaFX Application Thread] DEBUG FXGLAssetLoaderServi - Loading from file system: file:/C:/Users/jdani/Documents/5toSemestreIngSoftware/IngenieriaProcesos/Programas/Proyecto_procesos/target/classes/assets/textures/sprites/panda/correr.png
23:55:57.010 [JavaFX Application Thread] DEBUG FXGLAssetLoaderServi - Loading from file system: file:/C:/Users/jdani/Documents/5toSemestreIngSoftware/IngenieriaProcesos/Programas/Proyecto_procesos/target/classes/assets/textures/sprites/panda/muerte.png
23:55:57.018 [JavaFX Application Thread] DEBUG FXGLAssetLoaderServi - Loading from file system: file:/C:/Users/jdani/Documents/5toSemestreIngSoftware/IngenieriaProcesos/Programas/Proyecto_procesos/target/classes/assets/textures/C.png
23:55:58.375 [FXGL Background Thread 3 ] DEBUG Engine               - Logging environment variables
23:55:58.378 [FXGL Background Thread 3 ] DEBUG Engine               - achievements: []
23:55:58.378 [FXGL Background Thread 3 ] DEBUG Engine               - actualHeight: 768.0
23:55:58.379 [FXGL Background Thread 3 ] DEBUG Engine               - actualHeightProperty: ReadOnlyDoubleProperty [value: 768.0]
23:55:58.380 [FXGL Background Thread 3 ] DEBUG Engine               - actualWidth: 1024.0
23:55:58.380 [FXGL Background Thread 3 ] DEBUG Engine               - actualWidthProperty: ReadOnlyDoubleProperty [value: 1024.0]
23:55:58.380 [FXGL Background Thread 3 ] DEBUG Engine               - appIcon: fxgl_icon.png
23:55:58.381 [FXGL Background Thread 3 ] DEBUG Engine               - applicationMode: DEVELOPER
23:55:58.381 [FXGL Background Thread 3 ] DEBUG Engine               - cSSList: [fxgl_dark.css]
23:55:58.381 [FXGL Background Thread 3 ] DEBUG Engine               - collisionDetectionStrategy: BRUTE_FORCE
23:55:58.381 [FXGL Background Thread 3 ] DEBUG Engine               - configClass: Optional.empty
23:55:58.384 [FXGL Background Thread 3 ] DEBUG Engine               - credits: []
23:55:58.386 [FXGL Background Thread 3 ] DEBUG Engine               - defaultCursor: CursorInfo(imageName=fxgl_default_cursor.png, hotspotX=7.0, hotspotY=6.0)
23:55:58.386 [FXGL Background Thread 3 ] DEBUG Engine               - devBBoxColorProperty: ObjectProperty [value: 0xff0000ff]
23:55:58.386 [FXGL Background Thread 3 ] DEBUG Engine               - devEnableDebugCameraProperty: BooleanProperty [value: false]
23:55:58.386 [FXGL Background Thread 3 ] DEBUG Engine               - devSensorColorProperty: ObjectProperty [value: 0xffff00ff]
23:55:58.386 [FXGL Background Thread 3 ] DEBUG Engine               - devShowBBoxProperty: BooleanProperty [value: false]
23:55:58.386 [FXGL Background Thread 3 ] DEBUG Engine               - devShowPositionProperty: BooleanProperty [value: false]
23:55:58.387 [FXGL Background Thread 3 ] DEBUG Engine               - enabledMenuItems: []
23:55:58.387 [FXGL Background Thread 3 ] DEBUG Engine               - engineServices: [class com.almasb.fxgl.app.services.FXGLAssetLoaderService, class com.almasb.fxgl.app.FXGLApplication$GameApplicationService, class com.almasb.fxgl.app.services.FXGLDialogService, class com.almasb.fxgl.app.services.IOTaskExecutorService, class com.almasb.fxgl.io.FileSystemService, class com.almasb.fxgl.localization.LocalizationService, class com.almasb.fxgl.app.services.SystemBundleService, class com.almasb.fxgl.profile.SaveLoadService, class com.almasb.fxgl.ui.FXGLUIFactoryServiceProvider, class com.almasb.fxgl.ui.FXGLDialogFactoryServiceProvider, class com.almasb.fxgl.audio.AudioPlayer, class com.almasb.fxgl.notification.impl.NotificationServiceProvider, class com.almasb.fxgl.achievement.AchievementService, class com.almasb.fxgl.cutscene.CutsceneService, class com.almasb.fxgl.minigames.MiniGameService, class com.almasb.fxgl.net.NetService, class com.almasb.fxgl.app.services.UpdaterService, class com.almasb.fxgl.dev.DevService]
23:55:58.387 [FXGL Background Thread 3 ] DEBUG Engine               - fontGame: Abel-Regular.ttf
23:55:58.387 [FXGL Background Thread 3 ] DEBUG Engine               - fontMono: TerminalLandMono-Regular.otf
23:55:58.387 [FXGL Background Thread 3 ] DEBUG Engine               - fontSizeScaleUI: 1.0
23:55:58.388 [FXGL Background Thread 3 ] DEBUG Engine               - fontText: Courier-Prime.ttf
23:55:58.388 [FXGL Background Thread 3 ] DEBUG Engine               - fontUI: VarelaRound-Regular.ttf
23:55:58.388 [FXGL Background Thread 3 ] DEBUG Engine               - fullScreen: BooleanProperty [value: false]
23:55:58.388 [FXGL Background Thread 3 ] DEBUG Engine               - gameDifficulty: MEDIUM
23:55:58.388 [FXGL Background Thread 3 ] DEBUG Engine               - gameDifficultyProperty: ObjectProperty [value: MEDIUM]
23:55:58.388 [FXGL Background Thread 3 ] DEBUG Engine               - globalMusicVolume: 0.5
23:55:58.388 [FXGL Background Thread 3 ] DEBUG Engine               - globalMusicVolumeProperty: DoubleProperty [value: 0.5]
23:55:58.388 [FXGL Background Thread 3 ] DEBUG Engine               - globalSoundVolume: 0.5
23:55:58.389 [FXGL Background Thread 3 ] DEBUG Engine               - globalSoundVolumeProperty: DoubleProperty [value: 0.5]
23:55:58.389 [FXGL Background Thread 3 ] DEBUG Engine               - height: 768
23:55:58.389 [FXGL Background Thread 3 ] DEBUG Engine               - is3D: false
23:55:58.389 [FXGL Background Thread 3 ] DEBUG Engine               - isAndroid: false
23:55:58.389 [FXGL Background Thread 3 ] DEBUG Engine               - isBrowser: false
23:55:58.389 [FXGL Background Thread 3 ] DEBUG Engine               - isClickFeedbackEnabled: false
23:55:58.389 [FXGL Background Thread 3 ] DEBUG Engine               - isCloseConfirmation: false
23:55:58.389 [FXGL Background Thread 3 ] DEBUG Engine               - isDesktop: true
23:55:58.390 [FXGL Background Thread 3 ] DEBUG Engine               - isDeveloperMenuEnabled: false
23:55:58.390 [FXGL Background Thread 3 ] DEBUG Engine               - isEmbedded: false
23:55:58.390 [FXGL Background Thread 3 ] DEBUG Engine               - isEntityPreloadEnabled: true
23:55:58.390 [FXGL Background Thread 3 ] DEBUG Engine               - isExperimentalTiledLargeMap: false
23:55:58.390 [FXGL Background Thread 3 ] DEBUG Engine               - isFileSystemWriteAllowed: true
23:55:58.390 [FXGL Background Thread 3 ] DEBUG Engine               - isFullScreenAllowed: false
23:55:58.390 [FXGL Background Thread 3 ] DEBUG Engine               - isFullScreenFromStart: false
23:55:58.390 [FXGL Background Thread 3 ] DEBUG Engine               - isGameMenuEnabled: true
23:55:58.390 [FXGL Background Thread 3 ] DEBUG Engine               - isIOS: false
23:55:58.390 [FXGL Background Thread 3 ] DEBUG Engine               - isIntroEnabled: false
23:55:58.391 [FXGL Background Thread 3 ] DEBUG Engine               - isLinux: false
23:55:58.391 [FXGL Background Thread 3 ] DEBUG Engine               - isMac: false
23:55:58.391 [FXGL Background Thread 3 ] DEBUG Engine               - isMainMenuEnabled: false
23:55:58.391 [FXGL Background Thread 3 ] DEBUG Engine               - isManualResizeEnabled: false
23:55:58.391 [FXGL Background Thread 3 ] DEBUG Engine               - isMobile: false
23:55:58.391 [FXGL Background Thread 3 ] DEBUG Engine               - isNative: false
23:55:58.391 [FXGL Background Thread 3 ] DEBUG Engine               - isPauseMusicWhenMinimized: true
23:55:58.391 [FXGL Background Thread 3 ] DEBUG Engine               - isPreserveResizeRatio: false
23:55:58.391 [FXGL Background Thread 3 ] DEBUG Engine               - isProfilingEnabled: false
23:55:58.391 [FXGL Background Thread 3 ] DEBUG Engine               - isScaleAffectedOnResize: true
23:55:58.391 [FXGL Background Thread 3 ] DEBUG Engine               - isSingleStep: false
23:55:58.392 [FXGL Background Thread 3 ] DEBUG Engine               - isUserProfileEnabled: false
23:55:58.392 [FXGL Background Thread 3 ] DEBUG Engine               - isWindows: true
23:55:58.392 [FXGL Background Thread 3 ] DEBUG Engine               - language: ObjectProperty [value: ENGLISH]
23:55:58.392 [FXGL Background Thread 3 ] DEBUG Engine               - menuKey: ESCAPE
23:55:58.392 [FXGL Background Thread 3 ] DEBUG Engine               - mouseSensitivity: 0.2
23:55:58.392 [FXGL Background Thread 3 ] DEBUG Engine               - notificationViewClass: class com.almasb.fxgl.notification.view.XboxNotificationView
23:55:58.392 [FXGL Background Thread 3 ] DEBUG Engine               - pixelsPerMeter: 50.0
23:55:58.392 [FXGL Background Thread 3 ] DEBUG Engine               - platform: WINDOWS
23:55:58.392 [FXGL Background Thread 3 ] DEBUG Engine               - prefHeightProperty: ReadOnlyDoubleProperty [value: 768.0]
23:55:58.393 [FXGL Background Thread 3 ] DEBUG Engine               - prefWidthProperty: ReadOnlyDoubleProperty [value: 1024.0]
23:55:58.393 [FXGL Background Thread 3 ] DEBUG Engine               - profileDir: profiles/
23:55:58.393 [FXGL Background Thread 3 ] DEBUG Engine               - profileName: StringProperty [value: DEFAULT]
23:55:58.393 [FXGL Background Thread 3 ] DEBUG Engine               - randomSeed: -1
23:55:58.394 [FXGL Background Thread 3 ] DEBUG Engine               - runtimeInfo: RuntimeInfo(platform=WINDOWS, version=21, build=28.12.2023 13.35)
23:55:58.394 [FXGL Background Thread 3 ] DEBUG Engine               - saveFileExt: sav
23:55:58.394 [FXGL Background Thread 3 ] DEBUG Engine               - scaledHeightProp$fxgl: DoubleProperty [bound, value: 768.0]
23:55:58.394 [FXGL Background Thread 3 ] DEBUG Engine               - scaledWidthProp$fxgl: DoubleProperty [bound, value: 1024.0]
23:55:58.394 [FXGL Background Thread 3 ] DEBUG Engine               - sceneFactory: com.almasb.fxgl.app.scene.SceneFactory@4ef21c77
23:55:58.394 [FXGL Background Thread 3 ] DEBUG Engine               - secondsIn24h: 60
23:55:58.394 [FXGL Background Thread 3 ] DEBUG Engine               - soundMenuBack: menu/back.wav
23:55:58.394 [FXGL Background Thread 3 ] DEBUG Engine               - soundMenuPress: menu/press.wav
23:55:58.394 [FXGL Background Thread 3 ] DEBUG Engine               - soundMenuSelect: menu/select.wav
23:55:58.394 [FXGL Background Thread 3 ] DEBUG Engine               - soundNotification: core/notification.wav
23:55:58.395 [FXGL Background Thread 3 ] DEBUG Engine               - stageStyle: DECORATED
23:55:58.395 [FXGL Background Thread 3 ] DEBUG Engine               - supportedLanguages: [ENGLISH, FRENCH, GERMAN, HUNGARIAN, RUSSIAN]
23:55:58.395 [FXGL Background Thread 3 ] DEBUG Engine               - ticksPerSecond: -1
23:55:58.395 [FXGL Background Thread 3 ] DEBUG Engine               - title: Simulador de Batalla
23:55:58.395 [FXGL Background Thread 3 ] DEBUG Engine               - urlGithub: https://github.com/AlmasB/FXGL
23:55:58.395 [FXGL Background Thread 3 ] DEBUG Engine               - urlLeaderboard: http://fxgl-top.herokuapp.com/
23:55:58.395 [FXGL Background Thread 3 ] DEBUG Engine               - urlPOM: https://raw.githubusercontent.com/AlmasB/FXGL/release/README.md
23:55:58.395 [FXGL Background Thread 3 ] DEBUG Engine               - userAppClass: class Batalla.BattleSimulatorApp
23:55:58.395 [FXGL Background Thread 3 ] DEBUG Engine               - version: 1.0
23:55:58.395 [FXGL Background Thread 3 ] DEBUG Engine               - versionCheckDays: 7
23:55:58.395 [FXGL Background Thread 3 ] DEBUG Engine               - width: 1024
23:55:58.395 [FXGL Background Thread 3 ] DEBUG Engine               - Logging services
23:55:58.395 [FXGL Background Thread 3 ] DEBUG Engine               - class com.almasb.fxgl.app.services.FXGLAssetLoaderService
23:55:58.395 [FXGL Background Thread 3 ] DEBUG Engine               - class com.almasb.fxgl.app.FXGLApplication$GameApplicationService
23:55:58.395 [FXGL Background Thread 3 ] DEBUG Engine               - class com.almasb.fxgl.app.services.FXGLDialogService
23:55:58.395 [FXGL Background Thread 3 ] DEBUG Engine               - class com.almasb.fxgl.app.services.IOTaskExecutorService
23:55:58.396 [FXGL Background Thread 3 ] DEBUG Engine               - class com.almasb.fxgl.io.FileSystemService
23:55:58.396 [FXGL Background Thread 3 ] DEBUG Engine               - class com.almasb.fxgl.localization.LocalizationService
23:55:58.396 [FXGL Background Thread 3 ] DEBUG Engine               - class com.almasb.fxgl.app.services.SystemBundleService
23:55:58.396 [FXGL Background Thread 3 ] DEBUG Engine               - class com.almasb.fxgl.profile.SaveLoadService
23:55:58.396 [FXGL Background Thread 3 ] DEBUG Engine               - class com.almasb.fxgl.ui.FXGLUIFactoryServiceProvider
23:55:58.396 [FXGL Background Thread 3 ] DEBUG Engine               - class com.almasb.fxgl.ui.FXGLDialogFactoryServiceProvider
23:55:58.396 [FXGL Background Thread 3 ] DEBUG Engine               - class com.almasb.fxgl.audio.AudioPlayer
23:55:58.396 [FXGL Background Thread 3 ] DEBUG Engine               - class com.almasb.fxgl.notification.impl.NotificationServiceProvider
23:55:58.396 [FXGL Background Thread 3 ] DEBUG Engine               - class com.almasb.fxgl.achievement.AchievementService
23:55:58.396 [FXGL Background Thread 3 ] DEBUG Engine               - class com.almasb.fxgl.cutscene.CutsceneService
23:55:58.396 [FXGL Background Thread 3 ] DEBUG Engine               - class com.almasb.fxgl.minigames.MiniGameService
23:55:58.396 [FXGL Background Thread 3 ] DEBUG Engine               - class com.almasb.fxgl.net.NetService
23:55:58.396 [FXGL Background Thread 3 ] DEBUG Engine               - class com.almasb.fxgl.app.services.UpdaterService
23:55:58.396 [FXGL Background Thread 3 ] DEBUG Engine               - class com.almasb.fxgl.dev.DevService
23:56:07.275 [JavaFX Application Thread] DEBUG FXGLApplication      - Exiting FXGL
23:56:07.276 [JavaFX Application Thread] DEBUG LoopRunner           - Stopping loop
23:56:07.276 [JavaFX Application Thread] DEBUG SystemBundleService  - Saving FXGL system data
23:56:07.282 [JavaFX Application Thread] DEBUG FileSystemAccess     - Writing to: C:\Users\jdani\Documents\5toSemestreIngSoftware\IngenieriaProcesos\Programas\proyecto_procesos\system\fxgl.bundle
23:56:07.289 [JavaFX Application Thread] DEBUG Async                - Shutting down background threads
23:56:07.289 [JavaFX Application Thread] DEBUG PrimaryStageWindow   - Closing main window
23:56:07.339 [JavaFX Application Thread] DEBUG Logger               - Closing Logger
