18:44:07.200 [main                     ] DEBUG Logger               - Configured Logger
18:44:07.248 [main                     ] DEBUG GameApplication      - Logging settings
Title: Simulador de Batalla
Version: 1.0
Width: 1024
Height: 768
Fullscreen: false
Intro: false
Profiling: false
Single step:false
App Mode: DEVELOPER
Menu Key: ESCAPE
Stage Style: DECORATED
Scene Factory: class com.almasb.fxgl.app.scene.SceneFactory

18:44:07.966 [JavaFX Application Thread] DEBUG FXGLApplication      - Initializing FXGL
18:44:07.979 [JavaFX Application Thread] INFO  Engine               - FXGL-21 (28.12.2023 13.35) on WINDOWS (J:21.0.10 FX:21.0.1)
18:44:07.980 [JavaFX Application Thread] DEBUG Engine               - JRE Vendor Name: Eclipse Adoptium
18:44:07.980 [JavaFX Application Thread] DEBUG Engine               - Running on OS: Windows 11 version 10.0
18:44:07.980 [JavaFX Application Thread] DEBUG Engine               - Architecture: amd64
18:44:07.981 [JavaFX Application Thread] INFO  Engine               - Source code and latest versions at: https://github.com/AlmasB/FXGL
18:44:07.981 [JavaFX Application Thread] INFO  Engine               -       Ask questions and discuss at: https://github.com/AlmasB/FXGL/discussions
18:44:07.981 [JavaFX Application Thread] INFO  Engine               -              Join the FXGL chat at: https://gitter.im/AlmasB/FXGL
18:44:08.177 [JavaFX Application Thread] DEBUG PrimaryStageWindow   - Creating a JavaFX scene
18:44:08.271 [JavaFX Application Thread] DEBUG PrimaryStageWindow   - Target settings size: 1024.0 x 768.0
18:44:08.272 [JavaFX Application Thread] DEBUG PrimaryStageWindow   - Scaled scene size:    1024.0 x 768.0
18:44:08.272 [JavaFX Application Thread] DEBUG PrimaryStageWindow   - Scaled ratio: (1.0, 1.0)
18:44:08.274 [JavaFX Application Thread] DEBUG PrimaryStageWindow   - Set initial scene to FXGLStartupScene
18:44:08.279 [JavaFX Application Thread] DEBUG PrimaryStageWindow   - Opening main window
18:44:08.457 [JavaFX Application Thread] DEBUG PrimaryStageWindow   - Window border size: (14.4000244140625, 37.5999755859375)
18:44:08.458 [JavaFX Application Thread] DEBUG PrimaryStageWindow   - Scaled size: 1024.0 x 768.0
18:44:08.459 [JavaFX Application Thread] DEBUG PrimaryStageWindow   - Scaled ratio: (1.0, 1.0)
18:44:08.460 [JavaFX Application Thread] DEBUG PrimaryStageWindow   - Scene size: 1024.0 x 768.0
18:44:08.461 [JavaFX Application Thread] DEBUG PrimaryStageWindow   - Stage size: 1038.4000244140625 x 805.5999755859375
18:44:08.482 [FXGL Background Thread 1 ] DEBUG Engine               - Initializing environment variables
18:44:08.597 [FXGL Background Thread 1 ] DEBUG FXGLAssetLoaderServi - User app class for loading assets: class Batalla.BattleSimulatorApp
18:44:08.597 [FXGL Background Thread 1 ] DEBUG GameApplicationServi - Applying CSS: fxgl_dark.css
18:44:08.599 [FXGL Background Thread 1 ] DEBUG FXGLAssetLoaderServi - Loading from file system: jar:file:/C:/Users/jdani/.m2/repository/com/github/almasb/fxgl/21/fxgl-21.jar!/fxglassets/ui/css/fxgl_dark.css
18:44:08.681 [FXGL Background Thread 1 ] DEBUG GameApplicationServi - Initializing application scenes
18:44:08.758 [FXGL Background Thread 1 ] DEBUG GameWorld            - Game world initialized
18:44:08.886 [FXGL Background Thread 1 ] DEBUG PhysicsWorld         - Physics world initialized: appHeight=768, physics.ppm=50,0
18:44:08.887 [FXGL Background Thread 1 ] DEBUG PhysicsWorld         - Using strategy: BRUTE_FORCE
18:44:08.894 [FXGL Background Thread 1 ] DEBUG GameScene            - Game scene initialized: 1024x768
18:44:08.917 [FXGL Background Thread 1 ] DEBUG FXGL.DefaultMenu     - createMenuBodyGameMenu()
18:44:08.946 [FXGL Background Thread 1 ] DEBUG FXGL.DefaultMenu     - createOptionsMenu()
18:44:08.964 [FXGL Background Thread 1 ] DEBUG FXGLAssetLoaderServi - Loading from file system: jar:file:/C:/Users/jdani/.m2/repository/com/github/almasb/fxgl/21/fxgl-21.jar!/fxglassets/textures/particles/smoke.png
18:44:09.145 [FXGL Background Thread 1 ] DEBUG FXGLAssetLoaderServi - Loading from file system: jar:file:/C:/Users/jdani/.m2/repository/com/github/almasb/fxgl/21/fxgl-21.jar!/fxglassets/textures/particles/trace_horizontal.png
18:44:09.195 [FXGL Background Thread 1 ] DEBUG GameApplicationServi - Application scenes initialized
18:44:09.220 [FXGL Background Thread 1 ] DEBUG SystemBundleService  - Loading FXGL system data
18:44:09.229 [FXGL Background Thread 1 ] DEBUG FileSystemAccess     - Reading from: C:\Users\jdani\Documents\5toSemestreIngSoftware\IngenieriaProcesos\Programas\proyecto_procesos\system\fxgl.bundle
18:44:09.246 [FXGL Background Thread 1 ] DEBUG SystemBundleService  - Bundle FXGL: {}
18:44:09.246 [FXGL Background Thread 1 ] DEBUG UpdaterService       - Checking for updates
18:44:09.255 [FXGL Background Thread 4 ] DEBUG FXGLApplication      - Loading fonts
18:44:09.256 [FXGL Background Thread 4 ] DEBUG FXGLAssetLoaderServi - Loading from file system: jar:file:/C:/Users/jdani/.m2/repository/com/github/almasb/fxgl/21/fxgl-21.jar!/fxglassets/ui/fonts/VarelaRound-Regular.ttf
18:44:09.256 [FXGL Background Thread 1 ] DEBUG FXGLApplication      - Loading default localization
18:44:09.258 [FXGL Background Thread 1 ] DEBUG FXGLAssetLoaderServi - Loading from file system: jar:file:/C:/Users/jdani/.m2/repository/com/github/almasb/fxgl/21/fxgl-21.jar!/fxglassets/languages/english.lang
18:44:09.312 [FXGL Background Thread 1 ] INFO  FXGLApplication      - FXGL initialization took: 0,829 sec
18:44:09.314 [JavaFX Application Thread] DEBUG FXGLAssetLoaderServi - Loading from file system: jar:file:/C:/Users/jdani/.m2/repository/com/github/almasb/fxgl/21/fxgl-21.jar!/fxglassets/textures/fxgl_icon.png
18:44:09.356 [JavaFX Application Thread] DEBUG FXGLAssetLoaderServi - Loading from file system: jar:file:/C:/Users/jdani/.m2/repository/com/github/almasb/fxgl/21/fxgl-21.jar!/fxglassets/textures/fxgl_default_cursor.png
18:44:09.367 [FXGL Background Thread 4 ] DEBUG FXGLAssetLoaderServi - Loading from file system: jar:file:/C:/Users/jdani/.m2/repository/com/github/almasb/fxgl/21/fxgl-21.jar!/fxglassets/ui/fonts/Abel-Regular.ttf
18:44:09.391 [JavaFX Application Thread] DEBUG Input                - Registered new binding: Screenshot - CTRL+8
18:44:09.392 [FXGL Background Thread 4 ] DEBUG FXGLAssetLoaderServi - Loading from file system: jar:file:/C:/Users/jdani/.m2/repository/com/github/almasb/fxgl/21/fxgl-21.jar!/fxglassets/ui/fonts/TerminalLandMono-Regular.otf
18:44:09.393 [JavaFX Application Thread] DEBUG Input                - Registered new binding: System info dump - CTRL+9
18:44:09.394 [JavaFX Application Thread] DEBUG Input                - Registered new binding: Restart - CTRL+R
18:44:09.396 [JavaFX Application Thread] DEBUG Input                - Registered new binding: Toggle Debug Camera - CTRL+7
18:44:09.404 [JavaFX Application Thread] DEBUG LoopRunner           - Starting loop
18:44:09.404 [JavaFX Application Thread] DEBUG LoopRunner           - Initializing JavaFX AnimationTimerLoop
18:44:09.408 [JavaFX Application Thread] DEBUG GameApplicationServi - Starting new game
18:44:09.409 [JavaFX Application Thread] DEBUG Input                - Clearing active input actions
18:44:09.415 [FXGL Background Thread 4 ] DEBUG FXGLAssetLoaderServi - Loading from file system: jar:file:/C:/Users/jdani/.m2/repository/com/github/almasb/fxgl/21/fxgl-21.jar!/fxglassets/ui/fonts/Courier-Prime.ttf
18:44:09.435 [JavaFX Application Thread] DEBUG GameApplicationServi - Removing overlay from FXGLStartupScene and adding to FXGLLoadingScene
18:44:09.436 [JavaFX Application Thread] DEBUG PrimaryStageWindow   - FXGLStartupScene -> FXGLLoadingScene
18:44:09.436 [JavaFX Application Thread] DEBUG GameApplicationServi - Clearing previous game
18:44:09.436 [JavaFX Application Thread] DEBUG GameScene            - Clearing game scene
18:44:09.436 [JavaFX Application Thread] DEBUG GameWorld            - Clearing game world
18:44:09.436 [JavaFX Application Thread] DEBUG PhysicsWorld         - Clearing physics world
18:44:09.441 [FXGL Background Thread 1 ] DEBUG FXGLApplication      - Initializing game
18:44:09.499 [FXGL Background Thread 1 ] INFO  FXGLApplication      - Game initialization took: 0,058 sec
18:44:09.554 [JavaFX Application Thread] DEBUG FXGLApplication      - Registering font factories with UI factory
18:44:09.559 [JavaFX Application Thread] DEBUG Input                - Clearing active input actions
18:44:09.597 [JavaFX Application Thread] DEBUG GameApplicationServi - Removing overlay from FXGLLoadingScene and adding to GameScene
18:44:09.598 [JavaFX Application Thread] DEBUG PrimaryStageWindow   - FXGLLoadingScene -> GameScene
18:44:10.151 [FXGL Background Thread 2 ] INFO  UpdaterService       - Your current version:  21
18:44:10.152 [FXGL Background Thread 2 ] INFO  UpdaterService       - Latest stable version: 25
18:44:10.340 [JavaFX Application Thread] DEBUG FXGLAssetLoaderServi - Loading from file system: file:/C:/Users/jdani/Documents/5toSemestreIngSoftware/IngenieriaProcesos/Programas/Proyecto_procesos/target/classes/assets/textures/sprites/chino/idle.png
18:44:10.361 [JavaFX Application Thread] DEBUG FXGLAssetLoaderServi - Loading from file system: file:/C:/Users/jdani/Documents/5toSemestreIngSoftware/IngenieriaProcesos/Programas/Proyecto_procesos/target/classes/assets/textures/sprites/chino/ataque1.png
18:44:10.366 [JavaFX Application Thread] DEBUG FXGLAssetLoaderServi - Loading from file system: file:/C:/Users/jdani/Documents/5toSemestreIngSoftware/IngenieriaProcesos/Programas/Proyecto_procesos/target/classes/assets/textures/sprites/chino/ataque2.png
18:44:10.372 [JavaFX Application Thread] DEBUG FXGLAssetLoaderServi - Loading from file system: file:/C:/Users/jdani/Documents/5toSemestreIngSoftware/IngenieriaProcesos/Programas/Proyecto_procesos/target/classes/assets/textures/sprites/chino/hurt.png
18:44:10.376 [JavaFX Application Thread] DEBUG FXGLAssetLoaderServi - Loading from file system: file:/C:/Users/jdani/Documents/5toSemestreIngSoftware/IngenieriaProcesos/Programas/Proyecto_procesos/target/classes/assets/textures/sprites/chino/defensa.png
18:44:10.381 [JavaFX Application Thread] DEBUG FXGLAssetLoaderServi - Loading from file system: file:/C:/Users/jdani/Documents/5toSemestreIngSoftware/IngenieriaProcesos/Programas/Proyecto_procesos/target/classes/assets/textures/sprites/chino/correr.png
18:44:10.385 [JavaFX Application Thread] DEBUG FXGLAssetLoaderServi - Loading from file system: file:/C:/Users/jdani/Documents/5toSemestreIngSoftware/IngenieriaProcesos/Programas/Proyecto_procesos/target/classes/assets/textures/sprites/chino/muerte.png
18:44:10.939 [JavaFX Application Thread] DEBUG FXGLAssetLoaderServi - Loading from file system: file:/C:/Users/jdani/Documents/5toSemestreIngSoftware/IngenieriaProcesos/Programas/Proyecto_procesos/target/classes/assets/textures/sprites/panda/idle.png
18:44:10.948 [JavaFX Application Thread] DEBUG FXGLAssetLoaderServi - Loading from file system: file:/C:/Users/jdani/Documents/5toSemestreIngSoftware/IngenieriaProcesos/Programas/Proyecto_procesos/target/classes/assets/textures/sprites/panda/ataque1.png
18:44:10.957 [JavaFX Application Thread] DEBUG FXGLAssetLoaderServi - Loading from file system: file:/C:/Users/jdani/Documents/5toSemestreIngSoftware/IngenieriaProcesos/Programas/Proyecto_procesos/target/classes/assets/textures/sprites/panda/ataque2.png
18:44:10.966 [JavaFX Application Thread] DEBUG FXGLAssetLoaderServi - Loading from file system: file:/C:/Users/jdani/Documents/5toSemestreIngSoftware/IngenieriaProcesos/Programas/Proyecto_procesos/target/classes/assets/textures/sprites/panda/hurt.png
18:44:10.972 [JavaFX Application Thread] DEBUG FXGLAssetLoaderServi - Loading from file system: file:/C:/Users/jdani/Documents/5toSemestreIngSoftware/IngenieriaProcesos/Programas/Proyecto_procesos/target/classes/assets/textures/sprites/panda/defensa.png
18:44:10.977 [JavaFX Application Thread] DEBUG FXGLAssetLoaderServi - Loading from file system: file:/C:/Users/jdani/Documents/5toSemestreIngSoftware/IngenieriaProcesos/Programas/Proyecto_procesos/target/classes/assets/textures/sprites/panda/correr.png
18:44:10.982 [JavaFX Application Thread] DEBUG FXGLAssetLoaderServi - Loading from file system: file:/C:/Users/jdani/Documents/5toSemestreIngSoftware/IngenieriaProcesos/Programas/Proyecto_procesos/target/classes/assets/textures/sprites/panda/muerte.png
18:44:10.989 [JavaFX Application Thread] DEBUG FXGLAssetLoaderServi - Loading from file system: file:/C:/Users/jdani/Documents/5toSemestreIngSoftware/IngenieriaProcesos/Programas/Proyecto_procesos/target/classes/assets/textures/C.png
18:44:12.252 [FXGL Background Thread 3 ] DEBUG Engine               - Logging environment variables
18:44:12.253 [FXGL Background Thread 3 ] DEBUG Engine               - achievements: []
18:44:12.254 [FXGL Background Thread 3 ] DEBUG Engine               - actualHeight: 768.0
18:44:12.254 [FXGL Background Thread 3 ] DEBUG Engine               - actualHeightProperty: ReadOnlyDoubleProperty [value: 768.0]
18:44:12.254 [FXGL Background Thread 3 ] DEBUG Engine               - actualWidth: 1024.0
18:44:12.254 [FXGL Background Thread 3 ] DEBUG Engine               - actualWidthProperty: ReadOnlyDoubleProperty [value: 1024.0]
18:44:12.254 [FXGL Background Thread 3 ] DEBUG Engine               - appIcon: fxgl_icon.png
18:44:12.254 [FXGL Background Thread 3 ] DEBUG Engine               - applicationMode: DEVELOPER
18:44:12.254 [FXGL Background Thread 3 ] DEBUG Engine               - cSSList: [fxgl_dark.css]
18:44:12.254 [FXGL Background Thread 3 ] DEBUG Engine               - collisionDetectionStrategy: BRUTE_FORCE
18:44:12.255 [FXGL Background Thread 3 ] DEBUG Engine               - configClass: Optional.empty
18:44:12.255 [FXGL Background Thread 3 ] DEBUG Engine               - credits: []
18:44:12.255 [FXGL Background Thread 3 ] DEBUG Engine               - defaultCursor: CursorInfo(imageName=fxgl_default_cursor.png, hotspotX=7.0, hotspotY=6.0)
18:44:12.256 [FXGL Background Thread 3 ] DEBUG Engine               - devBBoxColorProperty: ObjectProperty [value: 0xff0000ff]
18:44:12.256 [FXGL Background Thread 3 ] DEBUG Engine               - devEnableDebugCameraProperty: BooleanProperty [value: false]
18:44:12.256 [FXGL Background Thread 3 ] DEBUG Engine               - devSensorColorProperty: ObjectProperty [value: 0xffff00ff]
18:44:12.256 [FXGL Background Thread 3 ] DEBUG Engine               - devShowBBoxProperty: BooleanProperty [value: false]
18:44:12.256 [FXGL Background Thread 3 ] DEBUG Engine               - devShowPositionProperty: BooleanProperty [value: false]
18:44:12.257 [FXGL Background Thread 3 ] DEBUG Engine               - enabledMenuItems: []
18:44:12.257 [FXGL Background Thread 3 ] DEBUG Engine               - engineServices: [class com.almasb.fxgl.app.services.FXGLAssetLoaderService, class com.almasb.fxgl.app.FXGLApplication$GameApplicationService, class com.almasb.fxgl.app.services.FXGLDialogService, class com.almasb.fxgl.app.services.IOTaskExecutorService, class com.almasb.fxgl.io.FileSystemService, class com.almasb.fxgl.localization.LocalizationService, class com.almasb.fxgl.app.services.SystemBundleService, class com.almasb.fxgl.profile.SaveLoadService, class com.almasb.fxgl.ui.FXGLUIFactoryServiceProvider, class com.almasb.fxgl.ui.FXGLDialogFactoryServiceProvider, class com.almasb.fxgl.audio.AudioPlayer, class com.almasb.fxgl.notification.impl.NotificationServiceProvider, class com.almasb.fxgl.achievement.AchievementService, class com.almasb.fxgl.cutscene.CutsceneService, class com.almasb.fxgl.minigames.MiniGameService, class com.almasb.fxgl.net.NetService, class com.almasb.fxgl.app.services.UpdaterService, class com.almasb.fxgl.dev.DevService]
18:44:12.257 [FXGL Background Thread 3 ] DEBUG Engine               - fontGame: Abel-Regular.ttf
18:44:12.257 [FXGL Background Thread 3 ] DEBUG Engine               - fontMono: TerminalLandMono-Regular.otf
18:44:12.257 [FXGL Background Thread 3 ] DEBUG Engine               - fontSizeScaleUI: 1.0
18:44:12.257 [FXGL Background Thread 3 ] DEBUG Engine               - fontText: Courier-Prime.ttf
18:44:12.257 [FXGL Background Thread 3 ] DEBUG Engine               - fontUI: VarelaRound-Regular.ttf
18:44:12.257 [FXGL Background Thread 3 ] DEBUG Engine               - fullScreen: BooleanProperty [value: false]
18:44:12.257 [FXGL Background Thread 3 ] DEBUG Engine               - gameDifficulty: MEDIUM
18:44:12.257 [FXGL Background Thread 3 ] DEBUG Engine               - gameDifficultyProperty: ObjectProperty [value: MEDIUM]
18:44:12.257 [FXGL Background Thread 3 ] DEBUG Engine               - globalMusicVolume: 0.5
18:44:12.258 [FXGL Background Thread 3 ] DEBUG Engine               - globalMusicVolumeProperty: DoubleProperty [value: 0.5]
18:44:12.258 [FXGL Background Thread 3 ] DEBUG Engine               - globalSoundVolume: 0.5
18:44:12.258 [FXGL Background Thread 3 ] DEBUG Engine               - globalSoundVolumeProperty: DoubleProperty [value: 0.5]
18:44:12.258 [FXGL Background Thread 3 ] DEBUG Engine               - height: 768
18:44:12.258 [FXGL Background Thread 3 ] DEBUG Engine               - is3D: false
18:44:12.258 [FXGL Background Thread 3 ] DEBUG Engine               - isAndroid: false
18:44:12.258 [FXGL Background Thread 3 ] DEBUG Engine               - isBrowser: false
18:44:12.258 [FXGL Background Thread 3 ] DEBUG Engine               - isClickFeedbackEnabled: false
18:44:12.258 [FXGL Background Thread 3 ] DEBUG Engine               - isCloseConfirmation: false
18:44:12.258 [FXGL Background Thread 3 ] DEBUG Engine               - isDesktop: true
18:44:12.259 [FXGL Background Thread 3 ] DEBUG Engine               - isDeveloperMenuEnabled: false
18:44:12.259 [FXGL Background Thread 3 ] DEBUG Engine               - isEmbedded: false
18:44:12.259 [FXGL Background Thread 3 ] DEBUG Engine               - isEntityPreloadEnabled: true
18:44:12.259 [FXGL Background Thread 3 ] DEBUG Engine               - isExperimentalTiledLargeMap: false
18:44:12.259 [FXGL Background Thread 3 ] DEBUG Engine               - isFileSystemWriteAllowed: true
18:44:12.259 [FXGL Background Thread 3 ] DEBUG Engine               - isFullScreenAllowed: false
18:44:12.260 [FXGL Background Thread 3 ] DEBUG Engine               - isFullScreenFromStart: false
18:44:12.260 [FXGL Background Thread 3 ] DEBUG Engine               - isGameMenuEnabled: true
18:44:12.260 [FXGL Background Thread 3 ] DEBUG Engine               - isIOS: false
18:44:12.260 [FXGL Background Thread 3 ] DEBUG Engine               - isIntroEnabled: false
18:44:12.260 [FXGL Background Thread 3 ] DEBUG Engine               - isLinux: false
18:44:12.260 [FXGL Background Thread 3 ] DEBUG Engine               - isMac: false
18:44:12.260 [FXGL Background Thread 3 ] DEBUG Engine               - isMainMenuEnabled: false
18:44:12.260 [FXGL Background Thread 3 ] DEBUG Engine               - isManualResizeEnabled: false
18:44:12.260 [FXGL Background Thread 3 ] DEBUG Engine               - isMobile: false
18:44:12.260 [FXGL Background Thread 3 ] DEBUG Engine               - isNative: false
18:44:12.260 [FXGL Background Thread 3 ] DEBUG Engine               - isPauseMusicWhenMinimized: true
18:44:12.260 [FXGL Background Thread 3 ] DEBUG Engine               - isPreserveResizeRatio: false
18:44:12.261 [FXGL Background Thread 3 ] DEBUG Engine               - isProfilingEnabled: false
18:44:12.261 [FXGL Background Thread 3 ] DEBUG Engine               - isScaleAffectedOnResize: true
18:44:12.261 [FXGL Background Thread 3 ] DEBUG Engine               - isSingleStep: false
18:44:12.261 [FXGL Background Thread 3 ] DEBUG Engine               - isUserProfileEnabled: false
18:44:12.261 [FXGL Background Thread 3 ] DEBUG Engine               - isWindows: true
18:44:12.261 [FXGL Background Thread 3 ] DEBUG Engine               - language: ObjectProperty [value: ENGLISH]
18:44:12.261 [FXGL Background Thread 3 ] DEBUG Engine               - menuKey: ESCAPE
18:44:12.261 [FXGL Background Thread 3 ] DEBUG Engine               - mouseSensitivity: 0.2
18:44:12.262 [FXGL Background Thread 3 ] DEBUG Engine               - notificationViewClass: class com.almasb.fxgl.notification.view.XboxNotificationView
18:44:12.262 [FXGL Background Thread 3 ] DEBUG Engine               - pixelsPerMeter: 50.0
18:44:12.262 [FXGL Background Thread 3 ] DEBUG Engine               - platform: WINDOWS
18:44:12.262 [FXGL Background Thread 3 ] DEBUG Engine               - prefHeightProperty: ReadOnlyDoubleProperty [value: 768.0]
18:44:12.262 [FXGL Background Thread 3 ] DEBUG Engine               - prefWidthProperty: ReadOnlyDoubleProperty [value: 1024.0]
18:44:12.262 [FXGL Background Thread 3 ] DEBUG Engine               - profileDir: profiles/
18:44:12.262 [FXGL Background Thread 3 ] DEBUG Engine               - profileName: StringProperty [value: DEFAULT]
18:44:12.262 [FXGL Background Thread 3 ] DEBUG Engine               - randomSeed: -1
18:44:12.263 [FXGL Background Thread 3 ] DEBUG Engine               - runtimeInfo: RuntimeInfo(platform=WINDOWS, version=21, build=28.12.2023 13.35)
18:44:12.263 [FXGL Background Thread 3 ] DEBUG Engine               - saveFileExt: sav
18:44:12.264 [FXGL Background Thread 3 ] DEBUG Engine               - scaledHeightProp$fxgl: DoubleProperty [bound, value: 768.0]
18:44:12.264 [FXGL Background Thread 3 ] DEBUG Engine               - scaledWidthProp$fxgl: DoubleProperty [bound, value: 1024.0]
18:44:12.264 [FXGL Background Thread 3 ] DEBUG Engine               - sceneFactory: com.almasb.fxgl.app.scene.SceneFactory@2328374e
18:44:12.264 [FXGL Background Thread 3 ] DEBUG Engine               - secondsIn24h: 60
18:44:12.264 [FXGL Background Thread 3 ] DEBUG Engine               - soundMenuBack: menu/back.wav
18:44:12.264 [FXGL Background Thread 3 ] DEBUG Engine               - soundMenuPress: menu/press.wav
18:44:12.264 [FXGL Background Thread 3 ] DEBUG Engine               - soundMenuSelect: menu/select.wav
18:44:12.264 [FXGL Background Thread 3 ] DEBUG Engine               - soundNotification: core/notification.wav
18:44:12.264 [FXGL Background Thread 3 ] DEBUG Engine               - stageStyle: DECORATED
18:44:12.265 [FXGL Background Thread 3 ] DEBUG Engine               - supportedLanguages: [ENGLISH, FRENCH, GERMAN, HUNGARIAN, RUSSIAN]
18:44:12.265 [FXGL Background Thread 3 ] DEBUG Engine               - ticksPerSecond: -1
18:44:12.265 [FXGL Background Thread 3 ] DEBUG Engine               - title: Simulador de Batalla
18:44:12.265 [FXGL Background Thread 3 ] DEBUG Engine               - urlGithub: https://github.com/AlmasB/FXGL
18:44:12.265 [FXGL Background Thread 3 ] DEBUG Engine               - urlLeaderboard: http://fxgl-top.herokuapp.com/
18:44:12.265 [FXGL Background Thread 3 ] DEBUG Engine               - urlPOM: https://raw.githubusercontent.com/AlmasB/FXGL/release/README.md
18:44:12.265 [FXGL Background Thread 3 ] DEBUG Engine               - userAppClass: class Batalla.BattleSimulatorApp
18:44:12.265 [FXGL Background Thread 3 ] DEBUG Engine               - version: 1.0
18:44:12.265 [FXGL Background Thread 3 ] DEBUG Engine               - versionCheckDays: 7
18:44:12.265 [FXGL Background Thread 3 ] DEBUG Engine               - width: 1024
18:44:12.266 [FXGL Background Thread 3 ] DEBUG Engine               - Logging services
18:44:12.266 [FXGL Background Thread 3 ] DEBUG Engine               - class com.almasb.fxgl.app.services.FXGLAssetLoaderService
18:44:12.266 [FXGL Background Thread 3 ] DEBUG Engine               - class com.almasb.fxgl.app.FXGLApplication$GameApplicationService
18:44:12.266 [FXGL Background Thread 3 ] DEBUG Engine               - class com.almasb.fxgl.app.services.FXGLDialogService
18:44:12.266 [FXGL Background Thread 3 ] DEBUG Engine               - class com.almasb.fxgl.app.services.IOTaskExecutorService
18:44:12.266 [FXGL Background Thread 3 ] DEBUG Engine               - class com.almasb.fxgl.io.FileSystemService
18:44:12.266 [FXGL Background Thread 3 ] DEBUG Engine               - class com.almasb.fxgl.localization.LocalizationService
18:44:12.266 [FXGL Background Thread 3 ] DEBUG Engine               - class com.almasb.fxgl.app.services.SystemBundleService
18:44:12.266 [FXGL Background Thread 3 ] DEBUG Engine               - class com.almasb.fxgl.profile.SaveLoadService
18:44:12.266 [FXGL Background Thread 3 ] DEBUG Engine               - class com.almasb.fxgl.ui.FXGLUIFactoryServiceProvider
18:44:12.266 [FXGL Background Thread 3 ] DEBUG Engine               - class com.almasb.fxgl.ui.FXGLDialogFactoryServiceProvider
18:44:12.266 [FXGL Background Thread 3 ] DEBUG Engine               - class com.almasb.fxgl.audio.AudioPlayer
18:44:12.266 [FXGL Background Thread 3 ] DEBUG Engine               - class com.almasb.fxgl.notification.impl.NotificationServiceProvider
18:44:12.267 [FXGL Background Thread 3 ] DEBUG Engine               - class com.almasb.fxgl.achievement.AchievementService
18:44:12.267 [FXGL Background Thread 3 ] DEBUG Engine               - class com.almasb.fxgl.cutscene.CutsceneService
18:44:12.267 [FXGL Background Thread 3 ] DEBUG Engine               - class com.almasb.fxgl.minigames.MiniGameService
18:44:12.267 [FXGL Background Thread 3 ] DEBUG Engine               - class com.almasb.fxgl.net.NetService
18:44:12.267 [FXGL Background Thread 3 ] DEBUG Engine               - class com.almasb.fxgl.app.services.UpdaterService
18:44:12.267 [FXGL Background Thread 3 ] DEBUG Engine               - class com.almasb.fxgl.dev.DevService
18:44:38.678 [JavaFX Application Thread] DEBUG FXGLApplication      - Exiting FXGL
18:44:38.679 [JavaFX Application Thread] DEBUG LoopRunner           - Stopping loop
18:44:38.679 [JavaFX Application Thread] DEBUG SystemBundleService  - Saving FXGL system data
18:44:38.687 [JavaFX Application Thread] DEBUG FileSystemAccess     - Writing to: C:\Users\jdani\Documents\5toSemestreIngSoftware\IngenieriaProcesos\Programas\proyecto_procesos\system\fxgl.bundle
18:44:38.694 [JavaFX Application Thread] DEBUG Async                - Shutting down background threads
18:44:38.694 [JavaFX Application Thread] DEBUG PrimaryStageWindow   - Closing main window
18:44:38.744 [JavaFX Application Thread] DEBUG Logger               - Closing Logger
