23:51:14.030 [main                     ] DEBUG Logger               - Configured Logger
23:51:14.081 [main                     ] DEBUG GameApplication      - Logging settings
Title: Simulador de Batalla
Version: 1.0
Width: 1024
Height: 768
Fullscreen: false
Intro: false
Profiling: false
Single step:false
App Mode: DEVELOPER
Menu Key: ESCAPE
Stage Style: DECORATED
Scene Factory: class com.almasb.fxgl.app.scene.SceneFactory

23:51:14.785 [JavaFX Application Thread] DEBUG FXGLApplication      - Initializing FXGL
23:51:14.798 [JavaFX Application Thread] INFO  Engine               - FXGL-21 (28.12.2023 13.35) on WINDOWS (J:21.0.10 FX:21.0.1)
23:51:14.799 [JavaFX Application Thread] DEBUG Engine               - JRE Vendor Name: Eclipse Adoptium
23:51:14.799 [JavaFX Application Thread] DEBUG Engine               - Running on OS: Windows 11 version 10.0
23:51:14.800 [JavaFX Application Thread] DEBUG Engine               - Architecture: amd64
23:51:14.800 [JavaFX Application Thread] INFO  Engine               - Source code and latest versions at: https://github.com/AlmasB/FXGL
23:51:14.800 [JavaFX Application Thread] INFO  Engine               -       Ask questions and discuss at: https://github.com/AlmasB/FXGL/discussions
23:51:14.801 [JavaFX Application Thread] INFO  Engine               -              Join the FXGL chat at: https://gitter.im/AlmasB/FXGL
23:51:14.996 [JavaFX Application Thread] DEBUG PrimaryStageWindow   - Creating a JavaFX scene
23:51:15.089 [JavaFX Application Thread] DEBUG PrimaryStageWindow   - Target settings size: 1024.0 x 768.0
23:51:15.089 [JavaFX Application Thread] DEBUG PrimaryStageWindow   - Scaled scene size:    1024.0 x 768.0
23:51:15.090 [JavaFX Application Thread] DEBUG PrimaryStageWindow   - Scaled ratio: (1.0, 1.0)
23:51:15.091 [JavaFX Application Thread] DEBUG PrimaryStageWindow   - Set initial scene to FXGLStartupScene
23:51:15.096 [JavaFX Application Thread] DEBUG PrimaryStageWindow   - Opening main window
23:51:15.280 [JavaFX Application Thread] DEBUG PrimaryStageWindow   - Window border size: (14.4000244140625, 37.5999755859375)
23:51:15.281 [JavaFX Application Thread] DEBUG PrimaryStageWindow   - Scaled size: 1024.0 x 768.0
23:51:15.281 [JavaFX Application Thread] DEBUG PrimaryStageWindow   - Scaled ratio: (1.0, 1.0)
23:51:15.282 [JavaFX Application Thread] DEBUG PrimaryStageWindow   - Scene size: 1024.0 x 768.0
23:51:15.283 [JavaFX Application Thread] DEBUG PrimaryStageWindow   - Stage size: 1038.4000244140625 x 805.5999755859375
23:51:15.301 [FXGL Background Thread 1 ] DEBUG Engine               - Initializing environment variables
23:51:15.409 [FXGL Background Thread 1 ] DEBUG FXGLAssetLoaderServi - User app class for loading assets: class Batalla.BattleSimulatorApp
23:51:15.409 [FXGL Background Thread 1 ] DEBUG GameApplicationServi - Applying CSS: fxgl_dark.css
23:51:15.411 [FXGL Background Thread 1 ] DEBUG FXGLAssetLoaderServi - Loading from file system: jar:file:/C:/Users/jdani/.m2/repository/com/github/almasb/fxgl/21/fxgl-21.jar!/fxglassets/ui/css/fxgl_dark.css
23:51:15.488 [FXGL Background Thread 1 ] DEBUG GameApplicationServi - Initializing application scenes
23:51:15.566 [FXGL Background Thread 1 ] DEBUG GameWorld            - Game world initialized
23:51:15.698 [FXGL Background Thread 1 ] DEBUG PhysicsWorld         - Physics world initialized: appHeight=768, physics.ppm=50,0
23:51:15.699 [FXGL Background Thread 1 ] DEBUG PhysicsWorld         - Using strategy: BRUTE_FORCE
23:51:15.707 [FXGL Background Thread 1 ] DEBUG GameScene            - Game scene initialized: 1024x768
23:51:15.731 [FXGL Background Thread 1 ] DEBUG FXGL.DefaultMenu     - createMenuBodyGameMenu()
23:51:15.760 [FXGL Background Thread 1 ] DEBUG FXGL.DefaultMenu     - createOptionsMenu()
23:51:15.782 [FXGL Background Thread 1 ] DEBUG FXGLAssetLoaderServi - Loading from file system: jar:file:/C:/Users/jdani/.m2/repository/com/github/almasb/fxgl/21/fxgl-21.jar!/fxglassets/textures/particles/smoke.png
23:51:15.982 [FXGL Background Thread 1 ] DEBUG FXGLAssetLoaderServi - Loading from file system: jar:file:/C:/Users/jdani/.m2/repository/com/github/almasb/fxgl/21/fxgl-21.jar!/fxglassets/textures/particles/trace_horizontal.png
23:51:16.041 [FXGL Background Thread 1 ] DEBUG GameApplicationServi - Application scenes initialized
23:51:16.069 [FXGL Background Thread 1 ] DEBUG SystemBundleService  - Loading FXGL system data
23:51:16.080 [FXGL Background Thread 1 ] DEBUG FileSystemAccess     - Reading from: C:\Users\jdani\Documents\5toSemestreIngSoftware\IngenieriaProcesos\Programas\proyecto_procesos\system\fxgl.bundle
23:51:16.097 [FXGL Background Thread 1 ] DEBUG SystemBundleService  - Bundle FXGL: {}
23:51:16.097 [FXGL Background Thread 1 ] DEBUG UpdaterService       - Checking for updates
23:51:16.106 [FXGL Background Thread 4 ] DEBUG FXGLApplication      - Loading fonts
23:51:16.107 [FXGL Background Thread 4 ] DEBUG FXGLAssetLoaderServi - Loading from file system: jar:file:/C:/Users/jdani/.m2/repository/com/github/almasb/fxgl/21/fxgl-21.jar!/fxglassets/ui/fonts/VarelaRound-Regular.ttf
23:51:16.108 [FXGL Background Thread 1 ] DEBUG FXGLApplication      - Loading default localization
23:51:16.110 [FXGL Background Thread 1 ] DEBUG FXGLAssetLoaderServi - Loading from file system: jar:file:/C:/Users/jdani/.m2/repository/com/github/almasb/fxgl/21/fxgl-21.jar!/fxglassets/languages/english.lang
23:51:16.163 [FXGL Background Thread 1 ] INFO  FXGLApplication      - FXGL initialization took: 0,862 sec
23:51:16.167 [JavaFX Application Thread] DEBUG FXGLAssetLoaderServi - Loading from file system: jar:file:/C:/Users/jdani/.m2/repository/com/github/almasb/fxgl/21/fxgl-21.jar!/fxglassets/textures/fxgl_icon.png
23:51:16.211 [FXGL Background Thread 4 ] DEBUG FXGLAssetLoaderServi - Loading from file system: jar:file:/C:/Users/jdani/.m2/repository/com/github/almasb/fxgl/21/fxgl-21.jar!/fxglassets/ui/fonts/Abel-Regular.ttf
23:51:16.222 [JavaFX Application Thread] DEBUG FXGLAssetLoaderServi - Loading from file system: jar:file:/C:/Users/jdani/.m2/repository/com/github/almasb/fxgl/21/fxgl-21.jar!/fxglassets/textures/fxgl_default_cursor.png
23:51:16.233 [FXGL Background Thread 4 ] DEBUG FXGLAssetLoaderServi - Loading from file system: jar:file:/C:/Users/jdani/.m2/repository/com/github/almasb/fxgl/21/fxgl-21.jar!/fxglassets/ui/fonts/TerminalLandMono-Regular.otf
23:51:16.248 [JavaFX Application Thread] DEBUG Input                - Registered new binding: Screenshot - CTRL+8
23:51:16.249 [JavaFX Application Thread] DEBUG Input                - Registered new binding: System info dump - CTRL+9
23:51:16.250 [JavaFX Application Thread] DEBUG Input                - Registered new binding: Restart - CTRL+R
23:51:16.253 [JavaFX Application Thread] DEBUG Input                - Registered new binding: Toggle Debug Camera - CTRL+7
23:51:16.260 [FXGL Background Thread 4 ] DEBUG FXGLAssetLoaderServi - Loading from file system: jar:file:/C:/Users/jdani/.m2/repository/com/github/almasb/fxgl/21/fxgl-21.jar!/fxglassets/ui/fonts/Courier-Prime.ttf
23:51:16.260 [JavaFX Application Thread] DEBUG LoopRunner           - Starting loop
23:51:16.260 [JavaFX Application Thread] DEBUG LoopRunner           - Initializing JavaFX AnimationTimerLoop
23:51:16.264 [JavaFX Application Thread] DEBUG GameApplicationServi - Starting new game
23:51:16.265 [JavaFX Application Thread] DEBUG Input                - Clearing active input actions
23:51:16.294 [JavaFX Application Thread] DEBUG GameApplicationServi - Removing overlay from FXGLStartupScene and adding to FXGLLoadingScene
23:51:16.295 [JavaFX Application Thread] DEBUG PrimaryStageWindow   - FXGLStartupScene -> FXGLLoadingScene
23:51:16.295 [JavaFX Application Thread] DEBUG GameApplicationServi - Clearing previous game
23:51:16.295 [JavaFX Application Thread] DEBUG GameScene            - Clearing game scene
23:51:16.296 [JavaFX Application Thread] DEBUG GameWorld            - Clearing game world
23:51:16.296 [JavaFX Application Thread] DEBUG PhysicsWorld         - Clearing physics world
23:51:16.299 [FXGL Background Thread 4 ] DEBUG FXGLApplication      - Initializing game
23:51:16.363 [FXGL Background Thread 4 ] INFO  FXGLApplication      - Game initialization took: 0,065 sec
23:51:16.407 [JavaFX Application Thread] DEBUG FXGLApplication      - Registering font factories with UI factory
23:51:16.411 [JavaFX Application Thread] DEBUG Input                - Clearing active input actions
23:51:16.436 [JavaFX Application Thread] DEBUG GameApplicationServi - Removing overlay from FXGLLoadingScene and adding to GameScene
23:51:16.437 [JavaFX Application Thread] DEBUG PrimaryStageWindow   - FXGLLoadingScene -> GameScene
23:51:16.937 [FXGL Background Thread 2 ] INFO  UpdaterService       - Your current version:  21
23:51:16.937 [FXGL Background Thread 2 ] INFO  UpdaterService       - Latest stable version: 25
23:51:17.549 [JavaFX Application Thread] DEBUG FXGLAssetLoaderServi - Loading from file system: file:/C:/Users/jdani/Documents/5toSemestreIngSoftware/IngenieriaProcesos/Programas/Proyecto_procesos/target/classes/assets/textures/sprites/chino/idle.png
23:51:17.566 [JavaFX Application Thread] DEBUG FXGLAssetLoaderServi - Loading from file system: file:/C:/Users/jdani/Documents/5toSemestreIngSoftware/IngenieriaProcesos/Programas/Proyecto_procesos/target/classes/assets/textures/sprites/chino/ataque1.png
23:51:17.572 [JavaFX Application Thread] DEBUG FXGLAssetLoaderServi - Loading from file system: file:/C:/Users/jdani/Documents/5toSemestreIngSoftware/IngenieriaProcesos/Programas/Proyecto_procesos/target/classes/assets/textures/sprites/chino/ataque2.png
23:51:17.582 [JavaFX Application Thread] DEBUG FXGLAssetLoaderServi - Loading from file system: file:/C:/Users/jdani/Documents/5toSemestreIngSoftware/IngenieriaProcesos/Programas/Proyecto_procesos/target/classes/assets/textures/sprites/chino/hurt.png
23:51:17.587 [JavaFX Application Thread] DEBUG FXGLAssetLoaderServi - Loading from file system: file:/C:/Users/jdani/Documents/5toSemestreIngSoftware/IngenieriaProcesos/Programas/Proyecto_procesos/target/classes/assets/textures/sprites/chino/defensa.png
23:51:17.596 [JavaFX Application Thread] DEBUG FXGLAssetLoaderServi - Loading from file system: file:/C:/Users/jdani/Documents/5toSemestreIngSoftware/IngenieriaProcesos/Programas/Proyecto_procesos/target/classes/assets/textures/sprites/chino/correr.png
23:51:17.604 [JavaFX Application Thread] DEBUG FXGLAssetLoaderServi - Loading from file system: file:/C:/Users/jdani/Documents/5toSemestreIngSoftware/IngenieriaProcesos/Programas/Proyecto_procesos/target/classes/assets/textures/sprites/chino/muerte.png
23:51:18.086 [JavaFX Application Thread] DEBUG FXGLAssetLoaderServi - Loading from file system: file:/C:/Users/jdani/Documents/5toSemestreIngSoftware/IngenieriaProcesos/Programas/Proyecto_procesos/target/classes/assets/textures/sprites/demon/idle.png
23:51:18.099 [JavaFX Application Thread] DEBUG FXGLAssetLoaderServi - Loading from file system: file:/C:/Users/jdani/Documents/5toSemestreIngSoftware/IngenieriaProcesos/Programas/Proyecto_procesos/target/classes/assets/textures/sprites/demon/ataque1.png
23:51:18.109 [JavaFX Application Thread] DEBUG FXGLAssetLoaderServi - Loading from file system: file:/C:/Users/jdani/Documents/5toSemestreIngSoftware/IngenieriaProcesos/Programas/Proyecto_procesos/target/classes/assets/textures/sprites/demon/ataque2.png
23:51:18.123 [JavaFX Application Thread] DEBUG FXGLAssetLoaderServi - Loading from file system: file:/C:/Users/jdani/Documents/5toSemestreIngSoftware/IngenieriaProcesos/Programas/Proyecto_procesos/target/classes/assets/textures/sprites/demon/hurt.png
23:51:18.131 [JavaFX Application Thread] DEBUG FXGLAssetLoaderServi - Loading from file system: file:/C:/Users/jdani/Documents/5toSemestreIngSoftware/IngenieriaProcesos/Programas/Proyecto_procesos/target/classes/assets/textures/sprites/demon/defensa.png
23:51:18.140 [JavaFX Application Thread] DEBUG FXGLAssetLoaderServi - Loading from file system: file:/C:/Users/jdani/Documents/5toSemestreIngSoftware/IngenieriaProcesos/Programas/Proyecto_procesos/target/classes/assets/textures/sprites/demon/correr.png
23:51:18.147 [JavaFX Application Thread] DEBUG FXGLAssetLoaderServi - Loading from file system: file:/C:/Users/jdani/Documents/5toSemestreIngSoftware/IngenieriaProcesos/Programas/Proyecto_procesos/target/classes/assets/textures/sprites/demon/muerte.png
23:51:18.166 [JavaFX Application Thread] DEBUG FXGLAssetLoaderServi - Loading from file system: file:/C:/Users/jdani/Documents/5toSemestreIngSoftware/IngenieriaProcesos/Programas/Proyecto_procesos/target/classes/assets/textures/C.png
23:51:19.104 [FXGL Background Thread 3 ] DEBUG Engine               - Logging environment variables
23:51:19.105 [FXGL Background Thread 3 ] DEBUG Engine               - achievements: []
23:51:19.105 [FXGL Background Thread 3 ] DEBUG Engine               - actualHeight: 768.0
23:51:19.105 [FXGL Background Thread 3 ] DEBUG Engine               - actualHeightProperty: ReadOnlyDoubleProperty [value: 768.0]
23:51:19.106 [FXGL Background Thread 3 ] DEBUG Engine               - actualWidth: 1024.0
23:51:19.106 [FXGL Background Thread 3 ] DEBUG Engine               - actualWidthProperty: ReadOnlyDoubleProperty [value: 1024.0]
23:51:19.106 [FXGL Background Thread 3 ] DEBUG Engine               - appIcon: fxgl_icon.png
23:51:19.106 [FXGL Background Thread 3 ] DEBUG Engine               - applicationMode: DEVELOPER
23:51:19.106 [FXGL Background Thread 3 ] DEBUG Engine               - cSSList: [fxgl_dark.css]
23:51:19.106 [FXGL Background Thread 3 ] DEBUG Engine               - collisionDetectionStrategy: BRUTE_FORCE
23:51:19.106 [FXGL Background Thread 3 ] DEBUG Engine               - configClass: Optional.empty
23:51:19.106 [FXGL Background Thread 3 ] DEBUG Engine               - credits: []
23:51:19.106 [FXGL Background Thread 3 ] DEBUG Engine               - defaultCursor: CursorInfo(imageName=fxgl_default_cursor.png, hotspotX=7.0, hotspotY=6.0)
23:51:19.107 [FXGL Background Thread 3 ] DEBUG Engine               - devBBoxColorProperty: ObjectProperty [value: 0xff0000ff]
23:51:19.107 [FXGL Background Thread 3 ] DEBUG Engine               - devEnableDebugCameraProperty: BooleanProperty [value: false]
23:51:19.107 [FXGL Background Thread 3 ] DEBUG Engine               - devSensorColorProperty: ObjectProperty [value: 0xffff00ff]
23:51:19.107 [FXGL Background Thread 3 ] DEBUG Engine               - devShowBBoxProperty: BooleanProperty [value: false]
23:51:19.107 [FXGL Background Thread 3 ] DEBUG Engine               - devShowPositionProperty: BooleanProperty [value: false]
23:51:19.107 [FXGL Background Thread 3 ] DEBUG Engine               - enabledMenuItems: []
23:51:19.107 [FXGL Background Thread 3 ] DEBUG Engine               - engineServices: [class com.almasb.fxgl.app.services.FXGLAssetLoaderService, class com.almasb.fxgl.app.FXGLApplication$GameApplicationService, class com.almasb.fxgl.app.services.FXGLDialogService, class com.almasb.fxgl.app.services.IOTaskExecutorService, class com.almasb.fxgl.io.FileSystemService, class com.almasb.fxgl.localization.LocalizationService, class com.almasb.fxgl.app.services.SystemBundleService, class com.almasb.fxgl.profile.SaveLoadService, class com.almasb.fxgl.ui.FXGLUIFactoryServiceProvider, class com.almasb.fxgl.ui.FXGLDialogFactoryServiceProvider, class com.almasb.fxgl.audio.AudioPlayer, class com.almasb.fxgl.notification.impl.NotificationServiceProvider, class com.almasb.fxgl.achievement.AchievementService, class com.almasb.fxgl.cutscene.CutsceneService, class com.almasb.fxgl.minigames.MiniGameService, class com.almasb.fxgl.net.NetService, class com.almasb.fxgl.app.services.UpdaterService, class com.almasb.fxgl.dev.DevService]
23:51:19.107 [FXGL Background Thread 3 ] DEBUG Engine               - fontGame: Abel-Regular.ttf
23:51:19.107 [FXGL Background Thread 3 ] DEBUG Engine               - fontMono: TerminalLandMono-Regular.otf
23:51:19.107 [FXGL Background Thread 3 ] DEBUG Engine               - fontSizeScaleUI: 1.0
23:51:19.107 [FXGL Background Thread 3 ] DEBUG Engine               - fontText: Courier-Prime.ttf
23:51:19.107 [FXGL Background Thread 3 ] DEBUG Engine               - fontUI: VarelaRound-Regular.ttf
23:51:19.108 [FXGL Background Thread 3 ] DEBUG Engine               - fullScreen: BooleanProperty [value: false]
23:51:19.108 [FXGL Background Thread 3 ] DEBUG Engine               - gameDifficulty: MEDIUM
23:51:19.108 [FXGL Background Thread 3 ] DEBUG Engine               - gameDifficultyProperty: ObjectProperty [value: MEDIUM]
23:51:19.108 [FXGL Background Thread 3 ] DEBUG Engine               - globalMusicVolume: 0.5
23:51:19.108 [FXGL Background Thread 3 ] DEBUG Engine               - globalMusicVolumeProperty: DoubleProperty [value: 0.5]
23:51:19.108 [FXGL Background Thread 3 ] DEBUG Engine               - globalSoundVolume: 0.5
23:51:19.108 [FXGL Background Thread 3 ] DEBUG Engine               - globalSoundVolumeProperty: DoubleProperty [value: 0.5]
23:51:19.108 [FXGL Background Thread 3 ] DEBUG Engine               - height: 768
23:51:19.108 [FXGL Background Thread 3 ] DEBUG Engine               - is3D: false
23:51:19.108 [FXGL Background Thread 3 ] DEBUG Engine               - isAndroid: false
23:51:19.108 [FXGL Background Thread 3 ] DEBUG Engine               - isBrowser: false
23:51:19.108 [FXGL Background Thread 3 ] DEBUG Engine               - isClickFeedbackEnabled: false
23:51:19.108 [FXGL Background Thread 3 ] DEBUG Engine               - isCloseConfirmation: false
23:51:19.109 [FXGL Background Thread 3 ] DEBUG Engine               - isDesktop: true
23:51:19.109 [FXGL Background Thread 3 ] DEBUG Engine               - isDeveloperMenuEnabled: false
23:51:19.109 [FXGL Background Thread 3 ] DEBUG Engine               - isEmbedded: false
23:51:19.109 [FXGL Background Thread 3 ] DEBUG Engine               - isEntityPreloadEnabled: true
23:51:19.109 [FXGL Background Thread 3 ] DEBUG Engine               - isExperimentalTiledLargeMap: false
23:51:19.109 [FXGL Background Thread 3 ] DEBUG Engine               - isFileSystemWriteAllowed: true
23:51:19.109 [FXGL Background Thread 3 ] DEBUG Engine               - isFullScreenAllowed: false
23:51:19.109 [FXGL Background Thread 3 ] DEBUG Engine               - isFullScreenFromStart: false
23:51:19.109 [FXGL Background Thread 3 ] DEBUG Engine               - isGameMenuEnabled: true
23:51:19.109 [FXGL Background Thread 3 ] DEBUG Engine               - isIOS: false
23:51:19.109 [FXGL Background Thread 3 ] DEBUG Engine               - isIntroEnabled: false
23:51:19.109 [FXGL Background Thread 3 ] DEBUG Engine               - isLinux: false
23:51:19.110 [FXGL Background Thread 3 ] DEBUG Engine               - isMac: false
23:51:19.110 [FXGL Background Thread 3 ] DEBUG Engine               - isMainMenuEnabled: false
23:51:19.110 [FXGL Background Thread 3 ] DEBUG Engine               - isManualResizeEnabled: false
23:51:19.110 [FXGL Background Thread 3 ] DEBUG Engine               - isMobile: false
23:51:19.110 [FXGL Background Thread 3 ] DEBUG Engine               - isNative: false
23:51:19.110 [FXGL Background Thread 3 ] DEBUG Engine               - isPauseMusicWhenMinimized: true
23:51:19.110 [FXGL Background Thread 3 ] DEBUG Engine               - isPreserveResizeRatio: false
23:51:19.110 [FXGL Background Thread 3 ] DEBUG Engine               - isProfilingEnabled: false
23:51:19.110 [FXGL Background Thread 3 ] DEBUG Engine               - isScaleAffectedOnResize: true
23:51:19.110 [FXGL Background Thread 3 ] DEBUG Engine               - isSingleStep: false
23:51:19.110 [FXGL Background Thread 3 ] DEBUG Engine               - isUserProfileEnabled: false
23:51:19.110 [FXGL Background Thread 3 ] DEBUG Engine               - isWindows: true
23:51:19.110 [FXGL Background Thread 3 ] DEBUG Engine               - language: ObjectProperty [value: ENGLISH]
23:51:19.110 [FXGL Background Thread 3 ] DEBUG Engine               - menuKey: ESCAPE
23:51:19.110 [FXGL Background Thread 3 ] DEBUG Engine               - mouseSensitivity: 0.2
23:51:19.110 [FXGL Background Thread 3 ] DEBUG Engine               - notificationViewClass: class com.almasb.fxgl.notification.view.XboxNotificationView
23:51:19.110 [FXGL Background Thread 3 ] DEBUG Engine               - pixelsPerMeter: 50.0
23:51:19.110 [FXGL Background Thread 3 ] DEBUG Engine               - platform: WINDOWS
23:51:19.111 [FXGL Background Thread 3 ] DEBUG Engine               - prefHeightProperty: ReadOnlyDoubleProperty [value: 768.0]
23:51:19.111 [FXGL Background Thread 3 ] DEBUG Engine               - prefWidthProperty: ReadOnlyDoubleProperty [value: 1024.0]
23:51:19.111 [FXGL Background Thread 3 ] DEBUG Engine               - profileDir: profiles/
23:51:19.111 [FXGL Background Thread 3 ] DEBUG Engine               - profileName: StringProperty [value: DEFAULT]
23:51:19.111 [FXGL Background Thread 3 ] DEBUG Engine               - randomSeed: -1
23:51:19.111 [FXGL Background Thread 3 ] DEBUG Engine               - runtimeInfo: RuntimeInfo(platform=WINDOWS, version=21, build=28.12.2023 13.35)
23:51:19.112 [FXGL Background Thread 3 ] DEBUG Engine               - saveFileExt: sav
23:51:19.112 [FXGL Background Thread 3 ] DEBUG Engine               - scaledHeightProp$fxgl: DoubleProperty [bound, value: 768.0]
23:51:19.112 [FXGL Background Thread 3 ] DEBUG Engine               - scaledWidthProp$fxgl: DoubleProperty [bound, value: 1024.0]
23:51:19.112 [FXGL Background Thread 3 ] DEBUG Engine               - sceneFactory: com.almasb.fxgl.app.scene.SceneFactory@77265ca3
23:51:19.112 [FXGL Background Thread 3 ] DEBUG Engine               - secondsIn24h: 60
23:51:19.112 [FXGL Background Thread 3 ] DEBUG Engine               - soundMenuBack: menu/back.wav
23:51:19.112 [FXGL Background Thread 3 ] DEBUG Engine               - soundMenuPress: menu/press.wav
23:51:19.112 [FXGL Background Thread 3 ] DEBUG Engine               - soundMenuSelect: menu/select.wav
23:51:19.112 [FXGL Background Thread 3 ] DEBUG Engine               - soundNotification: core/notification.wav
23:51:19.112 [FXGL Background Thread 3 ] DEBUG Engine               - stageStyle: DECORATED
23:51:19.112 [FXGL Background Thread 3 ] DEBUG Engine               - supportedLanguages: [ENGLISH, FRENCH, GERMAN, HUNGARIAN, RUSSIAN]
23:51:19.112 [FXGL Background Thread 3 ] DEBUG Engine               - ticksPerSecond: -1
23:51:19.112 [FXGL Background Thread 3 ] DEBUG Engine               - title: Simulador de Batalla
23:51:19.112 [FXGL Background Thread 3 ] DEBUG Engine               - urlGithub: https://github.com/AlmasB/FXGL
23:51:19.112 [FXGL Background Thread 3 ] DEBUG Engine               - urlLeaderboard: http://fxgl-top.herokuapp.com/
23:51:19.112 [FXGL Background Thread 3 ] DEBUG Engine               - urlPOM: https://raw.githubusercontent.com/AlmasB/FXGL/release/README.md
23:51:19.112 [FXGL Background Thread 3 ] DEBUG Engine               - userAppClass: class Batalla.BattleSimulatorApp
23:51:19.113 [FXGL Background Thread 3 ] DEBUG Engine               - version: 1.0
23:51:19.113 [FXGL Background Thread 3 ] DEBUG Engine               - versionCheckDays: 7
23:51:19.113 [FXGL Background Thread 3 ] DEBUG Engine               - width: 1024
23:51:19.113 [FXGL Background Thread 3 ] DEBUG Engine               - Logging services
23:51:19.113 [FXGL Background Thread 3 ] DEBUG Engine               - class com.almasb.fxgl.app.services.FXGLAssetLoaderService
23:51:19.113 [FXGL Background Thread 3 ] DEBUG Engine               - class com.almasb.fxgl.app.FXGLApplication$GameApplicationService
23:51:19.113 [FXGL Background Thread 3 ] DEBUG Engine               - class com.almasb.fxgl.app.services.FXGLDialogService
23:51:19.113 [FXGL Background Thread 3 ] DEBUG Engine               - class com.almasb.fxgl.app.services.IOTaskExecutorService
23:51:19.113 [FXGL Background Thread 3 ] DEBUG Engine               - class com.almasb.fxgl.io.FileSystemService
23:51:19.113 [FXGL Background Thread 3 ] DEBUG Engine               - class com.almasb.fxgl.localization.LocalizationService
23:51:19.113 [FXGL Background Thread 3 ] DEBUG Engine               - class com.almasb.fxgl.app.services.SystemBundleService
23:51:19.113 [FXGL Background Thread 3 ] DEBUG Engine               - class com.almasb.fxgl.profile.SaveLoadService
23:51:19.113 [FXGL Background Thread 3 ] DEBUG Engine               - class com.almasb.fxgl.ui.FXGLUIFactoryServiceProvider
23:51:19.113 [FXGL Background Thread 3 ] DEBUG Engine               - class com.almasb.fxgl.ui.FXGLDialogFactoryServiceProvider
23:51:19.113 [FXGL Background Thread 3 ] DEBUG Engine               - class com.almasb.fxgl.audio.AudioPlayer
23:51:19.113 [FXGL Background Thread 3 ] DEBUG Engine               - class com.almasb.fxgl.notification.impl.NotificationServiceProvider
23:51:19.113 [FXGL Background Thread 3 ] DEBUG Engine               - class com.almasb.fxgl.achievement.AchievementService
23:51:19.114 [FXGL Background Thread 3 ] DEBUG Engine               - class com.almasb.fxgl.cutscene.CutsceneService
23:51:19.114 [FXGL Background Thread 3 ] DEBUG Engine               - class com.almasb.fxgl.minigames.MiniGameService
23:51:19.114 [FXGL Background Thread 3 ] DEBUG Engine               - class com.almasb.fxgl.net.NetService
23:51:19.114 [FXGL Background Thread 3 ] DEBUG Engine               - class com.almasb.fxgl.app.services.UpdaterService
23:51:19.114 [FXGL Background Thread 3 ] DEBUG Engine               - class com.almasb.fxgl.dev.DevService
23:51:25.127 [JavaFX Application Thread] DEBUG FXGLApplication      - Exiting FXGL
23:51:25.128 [JavaFX Application Thread] DEBUG LoopRunner           - Stopping loop
23:51:25.128 [JavaFX Application Thread] DEBUG SystemBundleService  - Saving FXGL system data
23:51:25.132 [JavaFX Application Thread] DEBUG FileSystemAccess     - Writing to: C:\Users\jdani\Documents\5toSemestreIngSoftware\IngenieriaProcesos\Programas\proyecto_procesos\system\fxgl.bundle
23:51:25.139 [JavaFX Application Thread] DEBUG Async                - Shutting down background threads
23:51:25.139 [JavaFX Application Thread] DEBUG PrimaryStageWindow   - Closing main window
23:51:25.193 [JavaFX Application Thread] DEBUG Logger               - Closing Logger
