18:49:01.735 [main                     ] DEBUG Logger               - Configured Logger
18:49:01.769 [main                     ] DEBUG GameApplication      - Logging settings
Title: Simulador de Batalla
Version: 1.0
Width: 1024
Height: 768
Fullscreen: false
Intro: false
Profiling: false
Single step:false
App Mode: DEVELOPER
Menu Key: ESCAPE
Stage Style: DECORATED
Scene Factory: class com.almasb.fxgl.app.scene.SceneFactory

18:49:02.483 [JavaFX Application Thread] DEBUG FXGLApplication      - Initializing FXGL
18:49:02.501 [JavaFX Application Thread] INFO  Engine               - FXGL-21 (28.12.2023 13.35) on WINDOWS (J:21.0.10 FX:21.0.1)
18:49:02.502 [JavaFX Application Thread] DEBUG Engine               - JRE Vendor Name: Eclipse Adoptium
18:49:02.503 [JavaFX Application Thread] DEBUG Engine               - Running on OS: Windows 11 version 10.0
18:49:02.503 [JavaFX Application Thread] DEBUG Engine               - Architecture: amd64
18:49:02.504 [JavaFX Application Thread] INFO  Engine               - Source code and latest versions at: https://github.com/AlmasB/FXGL
18:49:02.504 [JavaFX Application Thread] INFO  Engine               -       Ask questions and discuss at: https://github.com/AlmasB/FXGL/discussions
18:49:02.505 [JavaFX Application Thread] INFO  Engine               -              Join the FXGL chat at: https://gitter.im/AlmasB/FXGL
18:49:02.738 [JavaFX Application Thread] DEBUG PrimaryStageWindow   - Creating a JavaFX scene
18:49:02.848 [JavaFX Application Thread] DEBUG PrimaryStageWindow   - Target settings size: 1024.0 x 768.0
18:49:02.849 [JavaFX Application Thread] DEBUG PrimaryStageWindow   - Scaled scene size:    1024.0 x 768.0
18:49:02.850 [JavaFX Application Thread] DEBUG PrimaryStageWindow   - Scaled ratio: (1.0, 1.0)
18:49:02.852 [JavaFX Application Thread] DEBUG PrimaryStageWindow   - Set initial scene to FXGLStartupScene
18:49:02.860 [JavaFX Application Thread] DEBUG PrimaryStageWindow   - Opening main window
18:49:03.069 [JavaFX Application Thread] DEBUG PrimaryStageWindow   - Window border size: (14.4000244140625, 37.5999755859375)
18:49:03.069 [JavaFX Application Thread] DEBUG PrimaryStageWindow   - Scaled size: 1024.0 x 768.0
18:49:03.070 [JavaFX Application Thread] DEBUG PrimaryStageWindow   - Scaled ratio: (1.0, 1.0)
18:49:03.071 [JavaFX Application Thread] DEBUG PrimaryStageWindow   - Scene size: 1024.0 x 768.0
18:49:03.072 [JavaFX Application Thread] DEBUG PrimaryStageWindow   - Stage size: 1038.4000244140625 x 805.5999755859375
18:49:03.095 [FXGL Background Thread 1 ] DEBUG Engine               - Initializing environment variables
18:49:03.219 [FXGL Background Thread 1 ] DEBUG FXGLAssetLoaderServi - User app class for loading assets: class Batalla.BattleSimulatorApp
18:49:03.220 [FXGL Background Thread 1 ] DEBUG GameApplicationServi - Applying CSS: fxgl_dark.css
18:49:03.222 [FXGL Background Thread 1 ] DEBUG FXGLAssetLoaderServi - Loading from file system: jar:file:/C:/Users/jdani/.m2/repository/com/github/almasb/fxgl/21/fxgl-21.jar!/fxglassets/ui/css/fxgl_dark.css
18:49:03.305 [FXGL Background Thread 1 ] DEBUG GameApplicationServi - Initializing application scenes
18:49:03.391 [FXGL Background Thread 1 ] DEBUG GameWorld            - Game world initialized
18:49:03.543 [FXGL Background Thread 1 ] DEBUG PhysicsWorld         - Physics world initialized: appHeight=768, physics.ppm=50,0
18:49:03.544 [FXGL Background Thread 1 ] DEBUG PhysicsWorld         - Using strategy: BRUTE_FORCE
18:49:03.554 [FXGL Background Thread 1 ] DEBUG GameScene            - Game scene initialized: 1024x768
18:49:03.583 [FXGL Background Thread 1 ] DEBUG FXGL.DefaultMenu     - createMenuBodyGameMenu()
18:49:03.614 [FXGL Background Thread 1 ] DEBUG FXGL.DefaultMenu     - createOptionsMenu()
18:49:03.639 [FXGL Background Thread 1 ] DEBUG FXGLAssetLoaderServi - Loading from file system: jar:file:/C:/Users/jdani/.m2/repository/com/github/almasb/fxgl/21/fxgl-21.jar!/fxglassets/textures/particles/smoke.png
18:49:03.837 [FXGL Background Thread 1 ] DEBUG FXGLAssetLoaderServi - Loading from file system: jar:file:/C:/Users/jdani/.m2/repository/com/github/almasb/fxgl/21/fxgl-21.jar!/fxglassets/textures/particles/trace_horizontal.png
18:49:03.887 [FXGL Background Thread 1 ] DEBUG GameApplicationServi - Application scenes initialized
18:49:03.911 [FXGL Background Thread 1 ] DEBUG SystemBundleService  - Loading FXGL system data
18:49:03.920 [FXGL Background Thread 1 ] DEBUG FileSystemAccess     - Reading from: C:\Users\jdani\Documents\5toSemestreIngSoftware\IngenieriaProcesos\Programas\proyecto_procesos\system\fxgl.bundle
18:49:03.936 [FXGL Background Thread 1 ] DEBUG SystemBundleService  - Bundle FXGL: {}
18:49:03.936 [FXGL Background Thread 1 ] DEBUG UpdaterService       - Checking for updates
18:49:03.943 [FXGL Background Thread 4 ] DEBUG FXGLApplication      - Loading fonts
18:49:03.944 [FXGL Background Thread 4 ] DEBUG FXGLAssetLoaderServi - Loading from file system: jar:file:/C:/Users/jdani/.m2/repository/com/github/almasb/fxgl/21/fxgl-21.jar!/fxglassets/ui/fonts/VarelaRound-Regular.ttf
18:49:03.945 [FXGL Background Thread 1 ] DEBUG FXGLApplication      - Loading default localization
18:49:03.947 [FXGL Background Thread 1 ] DEBUG FXGLAssetLoaderServi - Loading from file system: jar:file:/C:/Users/jdani/.m2/repository/com/github/almasb/fxgl/21/fxgl-21.jar!/fxglassets/languages/english.lang
18:49:04.004 [FXGL Background Thread 1 ] INFO  FXGLApplication      - FXGL initialization took: 0,910 sec
18:49:04.007 [JavaFX Application Thread] DEBUG FXGLAssetLoaderServi - Loading from file system: jar:file:/C:/Users/jdani/.m2/repository/com/github/almasb/fxgl/21/fxgl-21.jar!/fxglassets/textures/fxgl_icon.png
18:49:04.046 [FXGL Background Thread 4 ] DEBUG FXGLAssetLoaderServi - Loading from file system: jar:file:/C:/Users/jdani/.m2/repository/com/github/almasb/fxgl/21/fxgl-21.jar!/fxglassets/ui/fonts/Abel-Regular.ttf
18:49:04.047 [JavaFX Application Thread] DEBUG FXGLAssetLoaderServi - Loading from file system: jar:file:/C:/Users/jdani/.m2/repository/com/github/almasb/fxgl/21/fxgl-21.jar!/fxglassets/textures/fxgl_default_cursor.png
18:49:04.069 [FXGL Background Thread 4 ] DEBUG FXGLAssetLoaderServi - Loading from file system: jar:file:/C:/Users/jdani/.m2/repository/com/github/almasb/fxgl/21/fxgl-21.jar!/fxglassets/ui/fonts/TerminalLandMono-Regular.otf
18:49:04.072 [JavaFX Application Thread] DEBUG Input                - Registered new binding: Screenshot - CTRL+8
18:49:04.074 [JavaFX Application Thread] DEBUG Input                - Registered new binding: System info dump - CTRL+9
18:49:04.075 [JavaFX Application Thread] DEBUG Input                - Registered new binding: Restart - CTRL+R
18:49:04.077 [JavaFX Application Thread] DEBUG Input                - Registered new binding: Toggle Debug Camera - CTRL+7
18:49:04.083 [JavaFX Application Thread] DEBUG LoopRunner           - Starting loop
18:49:04.084 [JavaFX Application Thread] DEBUG LoopRunner           - Initializing JavaFX AnimationTimerLoop
18:49:04.088 [JavaFX Application Thread] DEBUG GameApplicationServi - Starting new game
18:49:04.089 [JavaFX Application Thread] DEBUG Input                - Clearing active input actions
18:49:04.092 [FXGL Background Thread 4 ] DEBUG FXGLAssetLoaderServi - Loading from file system: jar:file:/C:/Users/jdani/.m2/repository/com/github/almasb/fxgl/21/fxgl-21.jar!/fxglassets/ui/fonts/Courier-Prime.ttf
18:49:04.119 [JavaFX Application Thread] DEBUG GameApplicationServi - Removing overlay from FXGLStartupScene and adding to FXGLLoadingScene
18:49:04.120 [JavaFX Application Thread] DEBUG PrimaryStageWindow   - FXGLStartupScene -> FXGLLoadingScene
18:49:04.120 [JavaFX Application Thread] DEBUG GameApplicationServi - Clearing previous game
18:49:04.120 [JavaFX Application Thread] DEBUG GameScene            - Clearing game scene
18:49:04.120 [JavaFX Application Thread] DEBUG GameWorld            - Clearing game world
18:49:04.121 [JavaFX Application Thread] DEBUG PhysicsWorld         - Clearing physics world
18:49:04.124 [FXGL Background Thread 4 ] DEBUG FXGLApplication      - Initializing game
18:49:04.177 [FXGL Background Thread 4 ] INFO  FXGLApplication      - Game initialization took: 0,052 sec
18:49:04.223 [JavaFX Application Thread] DEBUG FXGLApplication      - Registering font factories with UI factory
18:49:04.227 [JavaFX Application Thread] DEBUG Input                - Clearing active input actions
18:49:04.255 [JavaFX Application Thread] DEBUG GameApplicationServi - Removing overlay from FXGLLoadingScene and adding to GameScene
18:49:04.256 [JavaFX Application Thread] DEBUG PrimaryStageWindow   - FXGLLoadingScene -> GameScene
18:49:04.781 [FXGL Background Thread 2 ] INFO  UpdaterService       - Your current version:  21
18:49:04.781 [FXGL Background Thread 2 ] INFO  UpdaterService       - Latest stable version: 25
18:49:05.803 [JavaFX Application Thread] DEBUG FXGLAssetLoaderServi - Loading from file system: file:/C:/Users/jdani/Documents/5toSemestreIngSoftware/IngenieriaProcesos/Programas/Proyecto_procesos/target/classes/assets/textures/sprites/chino/idle.png
18:49:05.831 [JavaFX Application Thread] DEBUG FXGLAssetLoaderServi - Loading from file system: file:/C:/Users/jdani/Documents/5toSemestreIngSoftware/IngenieriaProcesos/Programas/Proyecto_procesos/target/classes/assets/textures/sprites/chino/ataque1.png
18:49:05.838 [JavaFX Application Thread] DEBUG FXGLAssetLoaderServi - Loading from file system: file:/C:/Users/jdani/Documents/5toSemestreIngSoftware/IngenieriaProcesos/Programas/Proyecto_procesos/target/classes/assets/textures/sprites/chino/ataque2.png
18:49:05.845 [JavaFX Application Thread] DEBUG FXGLAssetLoaderServi - Loading from file system: file:/C:/Users/jdani/Documents/5toSemestreIngSoftware/IngenieriaProcesos/Programas/Proyecto_procesos/target/classes/assets/textures/sprites/chino/hurt.png
18:49:05.851 [JavaFX Application Thread] DEBUG FXGLAssetLoaderServi - Loading from file system: file:/C:/Users/jdani/Documents/5toSemestreIngSoftware/IngenieriaProcesos/Programas/Proyecto_procesos/target/classes/assets/textures/sprites/chino/defensa.png
18:49:05.856 [JavaFX Application Thread] DEBUG FXGLAssetLoaderServi - Loading from file system: file:/C:/Users/jdani/Documents/5toSemestreIngSoftware/IngenieriaProcesos/Programas/Proyecto_procesos/target/classes/assets/textures/sprites/chino/correr.png
18:49:05.863 [JavaFX Application Thread] DEBUG FXGLAssetLoaderServi - Loading from file system: file:/C:/Users/jdani/Documents/5toSemestreIngSoftware/IngenieriaProcesos/Programas/Proyecto_procesos/target/classes/assets/textures/sprites/chino/muerte.png
18:49:06.941 [FXGL Background Thread 3 ] DEBUG Engine               - Logging environment variables
18:49:06.942 [FXGL Background Thread 3 ] DEBUG Engine               - achievements: []
18:49:06.942 [FXGL Background Thread 3 ] DEBUG Engine               - actualHeight: 768.0
18:49:06.943 [FXGL Background Thread 3 ] DEBUG Engine               - actualHeightProperty: ReadOnlyDoubleProperty [value: 768.0]
18:49:06.943 [FXGL Background Thread 3 ] DEBUG Engine               - actualWidth: 1024.0
18:49:06.943 [FXGL Background Thread 3 ] DEBUG Engine               - actualWidthProperty: ReadOnlyDoubleProperty [value: 1024.0]
18:49:06.943 [FXGL Background Thread 3 ] DEBUG Engine               - appIcon: fxgl_icon.png
18:49:06.943 [FXGL Background Thread 3 ] DEBUG Engine               - applicationMode: DEVELOPER
18:49:06.943 [FXGL Background Thread 3 ] DEBUG Engine               - cSSList: [fxgl_dark.css]
18:49:06.943 [FXGL Background Thread 3 ] DEBUG Engine               - collisionDetectionStrategy: BRUTE_FORCE
18:49:06.943 [FXGL Background Thread 3 ] DEBUG Engine               - configClass: Optional.empty
18:49:06.943 [FXGL Background Thread 3 ] DEBUG Engine               - credits: []
18:49:06.944 [FXGL Background Thread 3 ] DEBUG Engine               - defaultCursor: CursorInfo(imageName=fxgl_default_cursor.png, hotspotX=7.0, hotspotY=6.0)
18:49:06.944 [FXGL Background Thread 3 ] DEBUG Engine               - devBBoxColorProperty: ObjectProperty [value: 0xff0000ff]
18:49:06.944 [FXGL Background Thread 3 ] DEBUG Engine               - devEnableDebugCameraProperty: BooleanProperty [value: false]
18:49:06.944 [FXGL Background Thread 3 ] DEBUG Engine               - devSensorColorProperty: ObjectProperty [value: 0xffff00ff]
18:49:06.944 [FXGL Background Thread 3 ] DEBUG Engine               - devShowBBoxProperty: BooleanProperty [value: false]
18:49:06.944 [FXGL Background Thread 3 ] DEBUG Engine               - devShowPositionProperty: BooleanProperty [value: false]
18:49:06.944 [FXGL Background Thread 3 ] DEBUG Engine               - enabledMenuItems: []
18:49:06.945 [FXGL Background Thread 3 ] DEBUG Engine               - engineServices: [class com.almasb.fxgl.app.services.FXGLAssetLoaderService, class com.almasb.fxgl.app.FXGLApplication$GameApplicationService, class com.almasb.fxgl.app.services.FXGLDialogService, class com.almasb.fxgl.app.services.IOTaskExecutorService, class com.almasb.fxgl.io.FileSystemService, class com.almasb.fxgl.localization.LocalizationService, class com.almasb.fxgl.app.services.SystemBundleService, class com.almasb.fxgl.profile.SaveLoadService, class com.almasb.fxgl.ui.FXGLUIFactoryServiceProvider, class com.almasb.fxgl.ui.FXGLDialogFactoryServiceProvider, class com.almasb.fxgl.audio.AudioPlayer, class com.almasb.fxgl.notification.impl.NotificationServiceProvider, class com.almasb.fxgl.achievement.AchievementService, class com.almasb.fxgl.cutscene.CutsceneService, class com.almasb.fxgl.minigames.MiniGameService, class com.almasb.fxgl.net.NetService, class com.almasb.fxgl.app.services.UpdaterService, class com.almasb.fxgl.dev.DevService]
18:49:06.945 [FXGL Background Thread 3 ] DEBUG Engine               - fontGame: Abel-Regular.ttf
18:49:06.945 [FXGL Background Thread 3 ] DEBUG Engine               - fontMono: TerminalLandMono-Regular.otf
18:49:06.945 [FXGL Background Thread 3 ] DEBUG Engine               - fontSizeScaleUI: 1.0
18:49:06.945 [FXGL Background Thread 3 ] DEBUG Engine               - fontText: Courier-Prime.ttf
18:49:06.945 [FXGL Background Thread 3 ] DEBUG Engine               - fontUI: VarelaRound-Regular.ttf
18:49:06.945 [FXGL Background Thread 3 ] DEBUG Engine               - fullScreen: BooleanProperty [value: false]
18:49:06.945 [FXGL Background Thread 3 ] DEBUG Engine               - gameDifficulty: MEDIUM
18:49:06.945 [FXGL Background Thread 3 ] DEBUG Engine               - gameDifficultyProperty: ObjectProperty [value: MEDIUM]
18:49:06.945 [FXGL Background Thread 3 ] DEBUG Engine               - globalMusicVolume: 0.5
18:49:06.946 [FXGL Background Thread 3 ] DEBUG Engine               - globalMusicVolumeProperty: DoubleProperty [value: 0.5]
18:49:06.946 [FXGL Background Thread 3 ] DEBUG Engine               - globalSoundVolume: 0.5
18:49:06.946 [FXGL Background Thread 3 ] DEBUG Engine               - globalSoundVolumeProperty: DoubleProperty [value: 0.5]
18:49:06.946 [FXGL Background Thread 3 ] DEBUG Engine               - height: 768
18:49:06.946 [FXGL Background Thread 3 ] DEBUG Engine               - is3D: false
18:49:06.946 [FXGL Background Thread 3 ] DEBUG Engine               - isAndroid: false
18:49:06.946 [FXGL Background Thread 3 ] DEBUG Engine               - isBrowser: false
18:49:06.946 [FXGL Background Thread 3 ] DEBUG Engine               - isClickFeedbackEnabled: false
18:49:06.947 [FXGL Background Thread 3 ] DEBUG Engine               - isCloseConfirmation: false
18:49:06.947 [FXGL Background Thread 3 ] DEBUG Engine               - isDesktop: true
18:49:06.947 [FXGL Background Thread 3 ] DEBUG Engine               - isDeveloperMenuEnabled: false
18:49:06.947 [FXGL Background Thread 3 ] DEBUG Engine               - isEmbedded: false
18:49:06.947 [FXGL Background Thread 3 ] DEBUG Engine               - isEntityPreloadEnabled: true
18:49:06.947 [FXGL Background Thread 3 ] DEBUG Engine               - isExperimentalTiledLargeMap: false
18:49:06.947 [FXGL Background Thread 3 ] DEBUG Engine               - isFileSystemWriteAllowed: true
18:49:06.947 [FXGL Background Thread 3 ] DEBUG Engine               - isFullScreenAllowed: false
18:49:06.947 [FXGL Background Thread 3 ] DEBUG Engine               - isFullScreenFromStart: false
18:49:06.947 [FXGL Background Thread 3 ] DEBUG Engine               - isGameMenuEnabled: true
18:49:06.948 [FXGL Background Thread 3 ] DEBUG Engine               - isIOS: false
18:49:06.948 [FXGL Background Thread 3 ] DEBUG Engine               - isIntroEnabled: false
18:49:06.948 [FXGL Background Thread 3 ] DEBUG Engine               - isLinux: false
18:49:06.948 [FXGL Background Thread 3 ] DEBUG Engine               - isMac: false
18:49:06.948 [FXGL Background Thread 3 ] DEBUG Engine               - isMainMenuEnabled: false
18:49:06.948 [FXGL Background Thread 3 ] DEBUG Engine               - isManualResizeEnabled: false
18:49:06.948 [FXGL Background Thread 3 ] DEBUG Engine               - isMobile: false
18:49:06.949 [FXGL Background Thread 3 ] DEBUG Engine               - isNative: false
18:49:06.949 [FXGL Background Thread 3 ] DEBUG Engine               - isPauseMusicWhenMinimized: true
18:49:06.949 [FXGL Background Thread 3 ] DEBUG Engine               - isPreserveResizeRatio: false
18:49:06.950 [FXGL Background Thread 3 ] DEBUG Engine               - isProfilingEnabled: false
18:49:06.950 [FXGL Background Thread 3 ] DEBUG Engine               - isScaleAffectedOnResize: true
18:49:06.951 [FXGL Background Thread 3 ] DEBUG Engine               - isSingleStep: false
18:49:06.951 [FXGL Background Thread 3 ] DEBUG Engine               - isUserProfileEnabled: false
18:49:06.951 [FXGL Background Thread 3 ] DEBUG Engine               - isWindows: true
18:49:06.951 [FXGL Background Thread 3 ] DEBUG Engine               - language: ObjectProperty [value: ENGLISH]
18:49:06.951 [FXGL Background Thread 3 ] DEBUG Engine               - menuKey: ESCAPE
18:49:06.951 [FXGL Background Thread 3 ] DEBUG Engine               - mouseSensitivity: 0.2
18:49:06.951 [FXGL Background Thread 3 ] DEBUG Engine               - notificationViewClass: class com.almasb.fxgl.notification.view.XboxNotificationView
18:49:06.951 [FXGL Background Thread 3 ] DEBUG Engine               - pixelsPerMeter: 50.0
18:49:06.951 [FXGL Background Thread 3 ] DEBUG Engine               - platform: WINDOWS
18:49:06.951 [FXGL Background Thread 3 ] DEBUG Engine               - prefHeightProperty: ReadOnlyDoubleProperty [value: 768.0]
18:49:06.952 [FXGL Background Thread 3 ] DEBUG Engine               - prefWidthProperty: ReadOnlyDoubleProperty [value: 1024.0]
18:49:06.952 [FXGL Background Thread 3 ] DEBUG Engine               - profileDir: profiles/
18:49:06.952 [FXGL Background Thread 3 ] DEBUG Engine               - profileName: StringProperty [value: DEFAULT]
18:49:06.952 [FXGL Background Thread 3 ] DEBUG Engine               - randomSeed: -1
18:49:06.953 [FXGL Background Thread 3 ] DEBUG Engine               - runtimeInfo: RuntimeInfo(platform=WINDOWS, version=21, build=28.12.2023 13.35)
18:49:06.953 [FXGL Background Thread 3 ] DEBUG Engine               - saveFileExt: sav
18:49:06.953 [FXGL Background Thread 3 ] DEBUG Engine               - scaledHeightProp$fxgl: DoubleProperty [bound, value: 768.0]
18:49:06.953 [FXGL Background Thread 3 ] DEBUG Engine               - scaledWidthProp$fxgl: DoubleProperty [bound, value: 1024.0]
18:49:06.953 [FXGL Background Thread 3 ] DEBUG Engine               - sceneFactory: com.almasb.fxgl.app.scene.SceneFactory@76f852dc
18:49:06.953 [FXGL Background Thread 3 ] DEBUG Engine               - secondsIn24h: 60
18:49:06.953 [FXGL Background Thread 3 ] DEBUG Engine               - soundMenuBack: menu/back.wav
18:49:06.953 [FXGL Background Thread 3 ] DEBUG Engine               - soundMenuPress: menu/press.wav
18:49:06.954 [FXGL Background Thread 3 ] DEBUG Engine               - soundMenuSelect: menu/select.wav
18:49:06.954 [FXGL Background Thread 3 ] DEBUG Engine               - soundNotification: core/notification.wav
18:49:06.954 [FXGL Background Thread 3 ] DEBUG Engine               - stageStyle: DECORATED
18:49:06.954 [FXGL Background Thread 3 ] DEBUG Engine               - supportedLanguages: [ENGLISH, FRENCH, GERMAN, HUNGARIAN, RUSSIAN]
18:49:06.954 [FXGL Background Thread 3 ] DEBUG Engine               - ticksPerSecond: -1
18:49:06.954 [FXGL Background Thread 3 ] DEBUG Engine               - title: Simulador de Batalla
18:49:06.954 [FXGL Background Thread 3 ] DEBUG Engine               - urlGithub: https://github.com/AlmasB/FXGL
18:49:06.954 [FXGL Background Thread 3 ] DEBUG Engine               - urlLeaderboard: http://fxgl-top.herokuapp.com/
18:49:06.954 [FXGL Background Thread 3 ] DEBUG Engine               - urlPOM: https://raw.githubusercontent.com/AlmasB/FXGL/release/README.md
18:49:06.955 [FXGL Background Thread 3 ] DEBUG Engine               - userAppClass: class Batalla.BattleSimulatorApp
18:49:06.955 [FXGL Background Thread 3 ] DEBUG Engine               - version: 1.0
18:49:06.955 [FXGL Background Thread 3 ] DEBUG Engine               - versionCheckDays: 7
18:49:06.955 [FXGL Background Thread 3 ] DEBUG Engine               - width: 1024
18:49:06.955 [FXGL Background Thread 3 ] DEBUG Engine               - Logging services
18:49:06.955 [FXGL Background Thread 3 ] DEBUG Engine               - class com.almasb.fxgl.app.services.FXGLAssetLoaderService
18:49:06.955 [FXGL Background Thread 3 ] DEBUG Engine               - class com.almasb.fxgl.app.FXGLApplication$GameApplicationService
18:49:06.955 [FXGL Background Thread 3 ] DEBUG Engine               - class com.almasb.fxgl.app.services.FXGLDialogService
18:49:06.955 [FXGL Background Thread 3 ] DEBUG Engine               - class com.almasb.fxgl.app.services.IOTaskExecutorService
18:49:06.955 [FXGL Background Thread 3 ] DEBUG Engine               - class com.almasb.fxgl.io.FileSystemService
18:49:06.955 [FXGL Background Thread 3 ] DEBUG Engine               - class com.almasb.fxgl.localization.LocalizationService
18:49:06.955 [FXGL Background Thread 3 ] DEBUG Engine               - class com.almasb.fxgl.app.services.SystemBundleService
18:49:06.955 [FXGL Background Thread 3 ] DEBUG Engine               - class com.almasb.fxgl.profile.SaveLoadService
18:49:06.956 [FXGL Background Thread 3 ] DEBUG Engine               - class com.almasb.fxgl.ui.FXGLUIFactoryServiceProvider
18:49:06.956 [FXGL Background Thread 3 ] DEBUG Engine               - class com.almasb.fxgl.ui.FXGLDialogFactoryServiceProvider
18:49:06.956 [FXGL Background Thread 3 ] DEBUG Engine               - class com.almasb.fxgl.audio.AudioPlayer
18:49:06.956 [FXGL Background Thread 3 ] DEBUG Engine               - class com.almasb.fxgl.notification.impl.NotificationServiceProvider
18:49:06.956 [FXGL Background Thread 3 ] DEBUG Engine               - class com.almasb.fxgl.achievement.AchievementService
18:49:06.956 [FXGL Background Thread 3 ] DEBUG Engine               - class com.almasb.fxgl.cutscene.CutsceneService
18:49:06.956 [FXGL Background Thread 3 ] DEBUG Engine               - class com.almasb.fxgl.minigames.MiniGameService
18:49:06.956 [FXGL Background Thread 3 ] DEBUG Engine               - class com.almasb.fxgl.net.NetService
18:49:06.956 [FXGL Background Thread 3 ] DEBUG Engine               - class com.almasb.fxgl.app.services.UpdaterService
18:49:06.956 [FXGL Background Thread 3 ] DEBUG Engine               - class com.almasb.fxgl.dev.DevService
18:49:12.613 [JavaFX Application Thread] DEBUG FXGLAssetLoaderServi - Loading from file system: file:/C:/Users/jdani/Documents/5toSemestreIngSoftware/IngenieriaProcesos/Programas/Proyecto_procesos/target/classes/assets/textures/sprites/demon/idle.png
18:49:12.625 [JavaFX Application Thread] DEBUG FXGLAssetLoaderServi - Loading from file system: file:/C:/Users/jdani/Documents/5toSemestreIngSoftware/IngenieriaProcesos/Programas/Proyecto_procesos/target/classes/assets/textures/sprites/demon/ataque1.png
18:49:12.633 [JavaFX Application Thread] DEBUG FXGLAssetLoaderServi - Loading from file system: file:/C:/Users/jdani/Documents/5toSemestreIngSoftware/IngenieriaProcesos/Programas/Proyecto_procesos/target/classes/assets/textures/sprites/demon/ataque2.png
18:49:12.642 [JavaFX Application Thread] DEBUG FXGLAssetLoaderServi - Loading from file system: file:/C:/Users/jdani/Documents/5toSemestreIngSoftware/IngenieriaProcesos/Programas/Proyecto_procesos/target/classes/assets/textures/sprites/demon/hurt.png
18:49:12.649 [JavaFX Application Thread] DEBUG FXGLAssetLoaderServi - Loading from file system: file:/C:/Users/jdani/Documents/5toSemestreIngSoftware/IngenieriaProcesos/Programas/Proyecto_procesos/target/classes/assets/textures/sprites/demon/defensa.png
18:49:12.656 [JavaFX Application Thread] DEBUG FXGLAssetLoaderServi - Loading from file system: file:/C:/Users/jdani/Documents/5toSemestreIngSoftware/IngenieriaProcesos/Programas/Proyecto_procesos/target/classes/assets/textures/sprites/demon/correr.png
18:49:12.668 [JavaFX Application Thread] DEBUG FXGLAssetLoaderServi - Loading from file system: file:/C:/Users/jdani/Documents/5toSemestreIngSoftware/IngenieriaProcesos/Programas/Proyecto_procesos/target/classes/assets/textures/sprites/demon/muerte.png
18:49:12.689 [JavaFX Application Thread] DEBUG FXGLAssetLoaderServi - Loading from file system: file:/C:/Users/jdani/Documents/5toSemestreIngSoftware/IngenieriaProcesos/Programas/Proyecto_procesos/target/classes/assets/textures/C.png
18:49:19.410 [JavaFX Application Thread] DEBUG FXGLApplication      - Exiting FXGL
18:49:19.411 [JavaFX Application Thread] DEBUG LoopRunner           - Stopping loop
18:49:19.411 [JavaFX Application Thread] DEBUG SystemBundleService  - Saving FXGL system data
18:49:19.416 [JavaFX Application Thread] DEBUG FileSystemAccess     - Writing to: C:\Users\jdani\Documents\5toSemestreIngSoftware\IngenieriaProcesos\Programas\proyecto_procesos\system\fxgl.bundle
18:49:19.422 [JavaFX Application Thread] DEBUG Async                - Shutting down background threads
18:49:19.423 [JavaFX Application Thread] DEBUG PrimaryStageWindow   - Closing main window
18:49:19.470 [JavaFX Application Thread] DEBUG Logger               - Closing Logger
