00:29:54.276 [main                     ] DEBUG Logger               - Configured Logger
00:29:54.399 [main                     ] DEBUG GameApplication      - Logging settings
Title: Simulador de Batalla
Version: 1.0
Width: 1024
Height: 768
Fullscreen: false
Intro: false
Profiling: false
Single step:false
App Mode: DEVELOPER
Menu Key: ESCAPE
Stage Style: DECORATED
Scene Factory: class com.almasb.fxgl.app.scene.SceneFactory

00:29:55.184 [JavaFX Application Thread] DEBUG FXGLApplication      - Initializing FXGL
00:29:55.198 [JavaFX Application Thread] INFO  Engine               - FXGL-21 (28.12.2023 13.35) on WINDOWS (J:21.0.10 FX:21.0.1)
00:29:55.199 [JavaFX Application Thread] DEBUG Engine               - JRE Vendor Name: Eclipse Adoptium
00:29:55.200 [JavaFX Application Thread] DEBUG Engine               - Running on OS: Windows 11 version 10.0
00:29:55.200 [JavaFX Application Thread] DEBUG Engine               - Architecture: amd64
00:29:55.200 [JavaFX Application Thread] INFO  Engine               - Source code and latest versions at: https://github.com/AlmasB/FXGL
00:29:55.201 [JavaFX Application Thread] INFO  Engine               -       Ask questions and discuss at: https://github.com/AlmasB/FXGL/discussions
00:29:55.201 [JavaFX Application Thread] INFO  Engine               -              Join the FXGL chat at: https://gitter.im/AlmasB/FXGL
00:29:55.413 [JavaFX Application Thread] DEBUG PrimaryStageWindow   - Creating a JavaFX scene
00:29:55.537 [JavaFX Application Thread] DEBUG PrimaryStageWindow   - Target settings size: 1024.0 x 768.0
00:29:55.537 [JavaFX Application Thread] DEBUG PrimaryStageWindow   - Scaled scene size:    1024.0 x 768.0
00:29:55.538 [JavaFX Application Thread] DEBUG PrimaryStageWindow   - Scaled ratio: (1.0, 1.0)
00:29:55.540 [JavaFX Application Thread] DEBUG PrimaryStageWindow   - Set initial scene to FXGLStartupScene
00:29:55.548 [JavaFX Application Thread] DEBUG PrimaryStageWindow   - Opening main window
00:29:55.744 [JavaFX Application Thread] DEBUG PrimaryStageWindow   - Window border size: (14.4000244140625, 37.5999755859375)
00:29:55.745 [JavaFX Application Thread] DEBUG PrimaryStageWindow   - Scaled size: 1024.0 x 768.0
00:29:55.745 [JavaFX Application Thread] DEBUG PrimaryStageWindow   - Scaled ratio: (1.0, 1.0)
00:29:55.746 [JavaFX Application Thread] DEBUG PrimaryStageWindow   - Scene size: 1024.0 x 768.0
00:29:55.747 [JavaFX Application Thread] DEBUG PrimaryStageWindow   - Stage size: 1038.4000244140625 x 805.5999755859375
00:29:55.766 [FXGL Background Thread 1 ] DEBUG Engine               - Initializing environment variables
00:29:55.872 [FXGL Background Thread 1 ] DEBUG FXGLAssetLoaderServi - User app class for loading assets: class Batalla.BattleSimulatorApp
00:29:55.872 [FXGL Background Thread 1 ] DEBUG GameApplicationServi - Applying CSS: fxgl_dark.css
00:29:55.873 [FXGL Background Thread 1 ] DEBUG FXGLAssetLoaderServi - Loading from file system: jar:file:/C:/Users/jdani/.m2/repository/com/github/almasb/fxgl/21/fxgl-21.jar!/fxglassets/ui/css/fxgl_dark.css
00:29:55.953 [FXGL Background Thread 1 ] DEBUG GameApplicationServi - Initializing application scenes
00:29:56.045 [FXGL Background Thread 1 ] DEBUG GameWorld            - Game world initialized
00:29:56.202 [FXGL Background Thread 1 ] DEBUG PhysicsWorld         - Physics world initialized: appHeight=768, physics.ppm=50,0
00:29:56.203 [FXGL Background Thread 1 ] DEBUG PhysicsWorld         - Using strategy: BRUTE_FORCE
00:29:56.210 [FXGL Background Thread 1 ] DEBUG GameScene            - Game scene initialized: 1024x768
00:29:56.236 [FXGL Background Thread 1 ] DEBUG FXGL.DefaultMenu     - createMenuBodyGameMenu()
00:29:56.262 [FXGL Background Thread 1 ] DEBUG FXGL.DefaultMenu     - createOptionsMenu()
00:29:56.278 [FXGL Background Thread 1 ] DEBUG FXGLAssetLoaderServi - Loading from file system: jar:file:/C:/Users/jdani/.m2/repository/com/github/almasb/fxgl/21/fxgl-21.jar!/fxglassets/textures/particles/smoke.png
00:29:56.478 [FXGL Background Thread 1 ] DEBUG FXGLAssetLoaderServi - Loading from file system: jar:file:/C:/Users/jdani/.m2/repository/com/github/almasb/fxgl/21/fxgl-21.jar!/fxglassets/textures/particles/trace_horizontal.png
00:29:56.521 [FXGL Background Thread 1 ] DEBUG GameApplicationServi - Application scenes initialized
00:29:56.548 [FXGL Background Thread 1 ] DEBUG SystemBundleService  - Loading FXGL system data
00:29:56.561 [FXGL Background Thread 1 ] DEBUG FileSystemAccess     - Reading from: C:\Users\jdani\Documents\5toSemestreIngSoftware\IngenieriaProcesos\Programas\proyecto_procesos\system\fxgl.bundle
00:29:56.580 [FXGL Background Thread 1 ] DEBUG SystemBundleService  - Bundle FXGL: {}
00:29:56.580 [FXGL Background Thread 1 ] DEBUG UpdaterService       - Checking for updates
00:29:56.591 [FXGL Background Thread 4 ] DEBUG FXGLApplication      - Loading fonts
00:29:56.592 [FXGL Background Thread 4 ] DEBUG FXGLAssetLoaderServi - Loading from file system: jar:file:/C:/Users/jdani/.m2/repository/com/github/almasb/fxgl/21/fxgl-21.jar!/fxglassets/ui/fonts/VarelaRound-Regular.ttf
00:29:56.593 [FXGL Background Thread 1 ] DEBUG FXGLApplication      - Loading default localization
00:29:56.595 [FXGL Background Thread 1 ] DEBUG FXGLAssetLoaderServi - Loading from file system: jar:file:/C:/Users/jdani/.m2/repository/com/github/almasb/fxgl/21/fxgl-21.jar!/fxglassets/languages/english.lang
00:29:56.658 [FXGL Background Thread 1 ] INFO  FXGLApplication      - FXGL initialization took: 0,892 sec
00:29:56.661 [JavaFX Application Thread] DEBUG FXGLAssetLoaderServi - Loading from file system: jar:file:/C:/Users/jdani/.m2/repository/com/github/almasb/fxgl/21/fxgl-21.jar!/fxglassets/textures/fxgl_icon.png
00:29:56.704 [JavaFX Application Thread] DEBUG FXGLAssetLoaderServi - Loading from file system: jar:file:/C:/Users/jdani/.m2/repository/com/github/almasb/fxgl/21/fxgl-21.jar!/fxglassets/textures/fxgl_default_cursor.png
00:29:56.712 [FXGL Background Thread 4 ] DEBUG FXGLAssetLoaderServi - Loading from file system: jar:file:/C:/Users/jdani/.m2/repository/com/github/almasb/fxgl/21/fxgl-21.jar!/fxglassets/ui/fonts/Abel-Regular.ttf
00:29:56.731 [JavaFX Application Thread] DEBUG Input                - Registered new binding: Screenshot - CTRL+8
00:29:56.733 [JavaFX Application Thread] DEBUG Input                - Registered new binding: System info dump - CTRL+9
00:29:56.734 [JavaFX Application Thread] DEBUG Input                - Registered new binding: Restart - CTRL+R
00:29:56.736 [JavaFX Application Thread] DEBUG Input                - Registered new binding: Toggle Debug Camera - CTRL+7
00:29:56.737 [FXGL Background Thread 4 ] DEBUG FXGLAssetLoaderServi - Loading from file system: jar:file:/C:/Users/jdani/.m2/repository/com/github/almasb/fxgl/21/fxgl-21.jar!/fxglassets/ui/fonts/TerminalLandMono-Regular.otf
00:29:56.743 [JavaFX Application Thread] DEBUG LoopRunner           - Starting loop
00:29:56.743 [JavaFX Application Thread] DEBUG LoopRunner           - Initializing JavaFX AnimationTimerLoop
00:29:56.747 [JavaFX Application Thread] DEBUG GameApplicationServi - Starting new game
00:29:56.748 [JavaFX Application Thread] DEBUG Input                - Clearing active input actions
00:29:56.760 [FXGL Background Thread 4 ] DEBUG FXGLAssetLoaderServi - Loading from file system: jar:file:/C:/Users/jdani/.m2/repository/com/github/almasb/fxgl/21/fxgl-21.jar!/fxglassets/ui/fonts/Courier-Prime.ttf
00:29:56.780 [JavaFX Application Thread] DEBUG GameApplicationServi - Removing overlay from FXGLStartupScene and adding to FXGLLoadingScene
00:29:56.781 [JavaFX Application Thread] DEBUG PrimaryStageWindow   - FXGLStartupScene -> FXGLLoadingScene
00:29:56.781 [JavaFX Application Thread] DEBUG GameApplicationServi - Clearing previous game
00:29:56.781 [JavaFX Application Thread] DEBUG GameScene            - Clearing game scene
00:29:56.782 [JavaFX Application Thread] DEBUG GameWorld            - Clearing game world
00:29:56.782 [JavaFX Application Thread] DEBUG PhysicsWorld         - Clearing physics world
00:29:56.786 [FXGL Background Thread 1 ] DEBUG FXGLApplication      - Initializing game
00:29:56.841 [FXGL Background Thread 1 ] INFO  FXGLApplication      - Game initialization took: 0,055 sec
00:29:56.893 [JavaFX Application Thread] DEBUG FXGLApplication      - Registering font factories with UI factory
00:29:56.903 [JavaFX Application Thread] DEBUG Input                - Clearing active input actions
00:29:56.936 [JavaFX Application Thread] DEBUG GameApplicationServi - Removing overlay from FXGLLoadingScene and adding to GameScene
00:29:56.937 [JavaFX Application Thread] DEBUG PrimaryStageWindow   - FXGLLoadingScene -> GameScene
00:29:57.700 [FXGL Background Thread 2 ] INFO  UpdaterService       - Your current version:  21
00:29:57.711 [FXGL Background Thread 2 ] INFO  UpdaterService       - Latest stable version: 25
00:29:58.611 [JavaFX Application Thread] DEBUG FXGLAssetLoaderServi - Loading from file system: file:/C:/Users/jdani/Documents/5toSemestreIngSoftware/IngenieriaProcesos/Programas/Proyecto_procesos/target/classes/assets/textures/sprites/caballero/idle.png
00:29:58.629 [JavaFX Application Thread] DEBUG FXGLAssetLoaderServi - Loading from file system: file:/C:/Users/jdani/Documents/5toSemestreIngSoftware/IngenieriaProcesos/Programas/Proyecto_procesos/target/classes/assets/textures/sprites/caballero/ataque1.png
00:29:58.635 [JavaFX Application Thread] DEBUG FXGLAssetLoaderServi - Loading from file system: file:/C:/Users/jdani/Documents/5toSemestreIngSoftware/IngenieriaProcesos/Programas/Proyecto_procesos/target/classes/assets/textures/sprites/caballero/ataque2.png
00:29:58.642 [JavaFX Application Thread] DEBUG FXGLAssetLoaderServi - Loading from file system: file:/C:/Users/jdani/Documents/5toSemestreIngSoftware/IngenieriaProcesos/Programas/Proyecto_procesos/target/classes/assets/textures/sprites/caballero/hurt.png
00:29:58.648 [JavaFX Application Thread] DEBUG FXGLAssetLoaderServi - Loading from file system: file:/C:/Users/jdani/Documents/5toSemestreIngSoftware/IngenieriaProcesos/Programas/Proyecto_procesos/target/classes/assets/textures/sprites/caballero/defensa.png
00:29:58.654 [JavaFX Application Thread] DEBUG FXGLAssetLoaderServi - Loading from file system: file:/C:/Users/jdani/Documents/5toSemestreIngSoftware/IngenieriaProcesos/Programas/Proyecto_procesos/target/classes/assets/textures/sprites/caballero/correr.png
00:29:58.660 [JavaFX Application Thread] DEBUG FXGLAssetLoaderServi - Loading from file system: file:/C:/Users/jdani/Documents/5toSemestreIngSoftware/IngenieriaProcesos/Programas/Proyecto_procesos/target/classes/assets/textures/sprites/caballero/muerte.png
00:29:59.457 [JavaFX Application Thread] DEBUG FXGLAssetLoaderServi - Loading from file system: file:/C:/Users/jdani/Documents/5toSemestreIngSoftware/IngenieriaProcesos/Programas/Proyecto_procesos/target/classes/assets/textures/sprites/panda/idle.png
00:29:59.468 [JavaFX Application Thread] DEBUG FXGLAssetLoaderServi - Loading from file system: file:/C:/Users/jdani/Documents/5toSemestreIngSoftware/IngenieriaProcesos/Programas/Proyecto_procesos/target/classes/assets/textures/sprites/panda/ataque1.png
00:29:59.474 [JavaFX Application Thread] DEBUG FXGLAssetLoaderServi - Loading from file system: file:/C:/Users/jdani/Documents/5toSemestreIngSoftware/IngenieriaProcesos/Programas/Proyecto_procesos/target/classes/assets/textures/sprites/panda/ataque2.png
00:29:59.482 [JavaFX Application Thread] DEBUG FXGLAssetLoaderServi - Loading from file system: file:/C:/Users/jdani/Documents/5toSemestreIngSoftware/IngenieriaProcesos/Programas/Proyecto_procesos/target/classes/assets/textures/sprites/panda/hurt.png
00:29:59.488 [JavaFX Application Thread] DEBUG FXGLAssetLoaderServi - Loading from file system: file:/C:/Users/jdani/Documents/5toSemestreIngSoftware/IngenieriaProcesos/Programas/Proyecto_procesos/target/classes/assets/textures/sprites/panda/defensa.png
00:29:59.492 [JavaFX Application Thread] DEBUG FXGLAssetLoaderServi - Loading from file system: file:/C:/Users/jdani/Documents/5toSemestreIngSoftware/IngenieriaProcesos/Programas/Proyecto_procesos/target/classes/assets/textures/sprites/panda/correr.png
00:29:59.497 [JavaFX Application Thread] DEBUG FXGLAssetLoaderServi - Loading from file system: file:/C:/Users/jdani/Documents/5toSemestreIngSoftware/IngenieriaProcesos/Programas/Proyecto_procesos/target/classes/assets/textures/sprites/panda/muerte.png
00:29:59.504 [JavaFX Application Thread] DEBUG FXGLAssetLoaderServi - Loading from file system: file:/C:/Users/jdani/Documents/5toSemestreIngSoftware/IngenieriaProcesos/Programas/Proyecto_procesos/target/classes/assets/textures/C.png
00:29:59.589 [FXGL Background Thread 3 ] DEBUG Engine               - Logging environment variables
00:29:59.590 [FXGL Background Thread 3 ] DEBUG Engine               - achievements: []
00:29:59.590 [FXGL Background Thread 3 ] DEBUG Engine               - actualHeight: 768.0
00:29:59.590 [FXGL Background Thread 3 ] DEBUG Engine               - actualHeightProperty: ReadOnlyDoubleProperty [value: 768.0]
00:29:59.590 [FXGL Background Thread 3 ] DEBUG Engine               - actualWidth: 1024.0
00:29:59.590 [FXGL Background Thread 3 ] DEBUG Engine               - actualWidthProperty: ReadOnlyDoubleProperty [value: 1024.0]
00:29:59.590 [FXGL Background Thread 3 ] DEBUG Engine               - appIcon: fxgl_icon.png
00:29:59.590 [FXGL Background Thread 3 ] DEBUG Engine               - applicationMode: DEVELOPER
00:29:59.591 [FXGL Background Thread 3 ] DEBUG Engine               - cSSList: [fxgl_dark.css]
00:29:59.591 [FXGL Background Thread 3 ] DEBUG Engine               - collisionDetectionStrategy: BRUTE_FORCE
00:29:59.591 [FXGL Background Thread 3 ] DEBUG Engine               - configClass: Optional.empty
00:29:59.591 [FXGL Background Thread 3 ] DEBUG Engine               - credits: []
00:29:59.592 [FXGL Background Thread 3 ] DEBUG Engine               - defaultCursor: CursorInfo(imageName=fxgl_default_cursor.png, hotspotX=7.0, hotspotY=6.0)
00:29:59.592 [FXGL Background Thread 3 ] DEBUG Engine               - devBBoxColorProperty: ObjectProperty [value: 0xff0000ff]
00:29:59.592 [FXGL Background Thread 3 ] DEBUG Engine               - devEnableDebugCameraProperty: BooleanProperty [value: false]
00:29:59.593 [FXGL Background Thread 3 ] DEBUG Engine               - devSensorColorProperty: ObjectProperty [value: 0xffff00ff]
00:29:59.593 [FXGL Background Thread 3 ] DEBUG Engine               - devShowBBoxProperty: BooleanProperty [value: false]
00:29:59.593 [FXGL Background Thread 3 ] DEBUG Engine               - devShowPositionProperty: BooleanProperty [value: false]
00:29:59.593 [FXGL Background Thread 3 ] DEBUG Engine               - enabledMenuItems: []
00:29:59.593 [FXGL Background Thread 3 ] DEBUG Engine               - engineServices: [class com.almasb.fxgl.app.services.FXGLAssetLoaderService, class com.almasb.fxgl.app.FXGLApplication$GameApplicationService, class com.almasb.fxgl.app.services.FXGLDialogService, class com.almasb.fxgl.app.services.IOTaskExecutorService, class com.almasb.fxgl.io.FileSystemService, class com.almasb.fxgl.localization.LocalizationService, class com.almasb.fxgl.app.services.SystemBundleService, class com.almasb.fxgl.profile.SaveLoadService, class com.almasb.fxgl.ui.FXGLUIFactoryServiceProvider, class com.almasb.fxgl.ui.FXGLDialogFactoryServiceProvider, class com.almasb.fxgl.audio.AudioPlayer, class com.almasb.fxgl.notification.impl.NotificationServiceProvider, class com.almasb.fxgl.achievement.AchievementService, class com.almasb.fxgl.cutscene.CutsceneService, class com.almasb.fxgl.minigames.MiniGameService, class com.almasb.fxgl.net.NetService, class com.almasb.fxgl.app.services.UpdaterService, class com.almasb.fxgl.dev.DevService]
00:29:59.593 [FXGL Background Thread 3 ] DEBUG Engine               - fontGame: Abel-Regular.ttf
00:29:59.593 [FXGL Background Thread 3 ] DEBUG Engine               - fontMono: TerminalLandMono-Regular.otf
00:29:59.593 [FXGL Background Thread 3 ] DEBUG Engine               - fontSizeScaleUI: 1.0
00:29:59.593 [FXGL Background Thread 3 ] DEBUG Engine               - fontText: Courier-Prime.ttf
00:29:59.593 [FXGL Background Thread 3 ] DEBUG Engine               - fontUI: VarelaRound-Regular.ttf
00:29:59.593 [FXGL Background Thread 3 ] DEBUG Engine               - fullScreen: BooleanProperty [value: false]
00:29:59.593 [FXGL Background Thread 3 ] DEBUG Engine               - gameDifficulty: MEDIUM
00:29:59.594 [FXGL Background Thread 3 ] DEBUG Engine               - gameDifficultyProperty: ObjectProperty [value: MEDIUM]
00:29:59.594 [FXGL Background Thread 3 ] DEBUG Engine               - globalMusicVolume: 0.5
00:29:59.594 [FXGL Background Thread 3 ] DEBUG Engine               - globalMusicVolumeProperty: DoubleProperty [value: 0.5]
00:29:59.594 [FXGL Background Thread 3 ] DEBUG Engine               - globalSoundVolume: 0.5
00:29:59.594 [FXGL Background Thread 3 ] DEBUG Engine               - globalSoundVolumeProperty: DoubleProperty [value: 0.5]
00:29:59.594 [FXGL Background Thread 3 ] DEBUG Engine               - height: 768
00:29:59.594 [FXGL Background Thread 3 ] DEBUG Engine               - is3D: false
00:29:59.594 [FXGL Background Thread 3 ] DEBUG Engine               - isAndroid: false
00:29:59.594 [FXGL Background Thread 3 ] DEBUG Engine               - isBrowser: false
00:29:59.594 [FXGL Background Thread 3 ] DEBUG Engine               - isClickFeedbackEnabled: false
00:29:59.595 [FXGL Background Thread 3 ] DEBUG Engine               - isCloseConfirmation: false
00:29:59.595 [FXGL Background Thread 3 ] DEBUG Engine               - isDesktop: true
00:29:59.595 [FXGL Background Thread 3 ] DEBUG Engine               - isDeveloperMenuEnabled: false
00:29:59.595 [FXGL Background Thread 3 ] DEBUG Engine               - isEmbedded: false
00:29:59.595 [FXGL Background Thread 3 ] DEBUG Engine               - isEntityPreloadEnabled: true
00:29:59.595 [FXGL Background Thread 3 ] DEBUG Engine               - isExperimentalTiledLargeMap: false
00:29:59.595 [FXGL Background Thread 3 ] DEBUG Engine               - isFileSystemWriteAllowed: true
00:29:59.595 [FXGL Background Thread 3 ] DEBUG Engine               - isFullScreenAllowed: false
00:29:59.595 [FXGL Background Thread 3 ] DEBUG Engine               - isFullScreenFromStart: false
00:29:59.595 [FXGL Background Thread 3 ] DEBUG Engine               - isGameMenuEnabled: true
00:29:59.595 [FXGL Background Thread 3 ] DEBUG Engine               - isIOS: false
00:29:59.596 [FXGL Background Thread 3 ] DEBUG Engine               - isIntroEnabled: false
00:29:59.596 [FXGL Background Thread 3 ] DEBUG Engine               - isLinux: false
00:29:59.596 [FXGL Background Thread 3 ] DEBUG Engine               - isMac: false
00:29:59.596 [FXGL Background Thread 3 ] DEBUG Engine               - isMainMenuEnabled: false
00:29:59.596 [FXGL Background Thread 3 ] DEBUG Engine               - isManualResizeEnabled: false
00:29:59.596 [FXGL Background Thread 3 ] DEBUG Engine               - isMobile: false
00:29:59.596 [FXGL Background Thread 3 ] DEBUG Engine               - isNative: false
00:29:59.596 [FXGL Background Thread 3 ] DEBUG Engine               - isPauseMusicWhenMinimized: true
00:29:59.596 [FXGL Background Thread 3 ] DEBUG Engine               - isPreserveResizeRatio: false
00:29:59.596 [FXGL Background Thread 3 ] DEBUG Engine               - isProfilingEnabled: false
00:29:59.596 [FXGL Background Thread 3 ] DEBUG Engine               - isScaleAffectedOnResize: true
00:29:59.596 [FXGL Background Thread 3 ] DEBUG Engine               - isSingleStep: false
00:29:59.596 [FXGL Background Thread 3 ] DEBUG Engine               - isUserProfileEnabled: false
00:29:59.597 [FXGL Background Thread 3 ] DEBUG Engine               - isWindows: true
00:29:59.597 [FXGL Background Thread 3 ] DEBUG Engine               - language: ObjectProperty [value: ENGLISH]
00:29:59.597 [FXGL Background Thread 3 ] DEBUG Engine               - menuKey: ESCAPE
00:29:59.597 [FXGL Background Thread 3 ] DEBUG Engine               - mouseSensitivity: 0.2
00:29:59.597 [FXGL Background Thread 3 ] DEBUG Engine               - notificationViewClass: class com.almasb.fxgl.notification.view.XboxNotificationView
00:29:59.597 [FXGL Background Thread 3 ] DEBUG Engine               - pixelsPerMeter: 50.0
00:29:59.597 [FXGL Background Thread 3 ] DEBUG Engine               - platform: WINDOWS
00:29:59.597 [FXGL Background Thread 3 ] DEBUG Engine               - prefHeightProperty: ReadOnlyDoubleProperty [value: 768.0]
00:29:59.597 [FXGL Background Thread 3 ] DEBUG Engine               - prefWidthProperty: ReadOnlyDoubleProperty [value: 1024.0]
00:29:59.597 [FXGL Background Thread 3 ] DEBUG Engine               - profileDir: profiles/
00:29:59.597 [FXGL Background Thread 3 ] DEBUG Engine               - profileName: StringProperty [value: DEFAULT]
00:29:59.597 [FXGL Background Thread 3 ] DEBUG Engine               - randomSeed: -1
00:29:59.598 [FXGL Background Thread 3 ] DEBUG Engine               - runtimeInfo: RuntimeInfo(platform=WINDOWS, version=21, build=28.12.2023 13.35)
00:29:59.598 [FXGL Background Thread 3 ] DEBUG Engine               - saveFileExt: sav
00:29:59.598 [FXGL Background Thread 3 ] DEBUG Engine               - scaledHeightProp$fxgl: DoubleProperty [bound, value: 768.0]
00:29:59.598 [FXGL Background Thread 3 ] DEBUG Engine               - scaledWidthProp$fxgl: DoubleProperty [bound, value: 1024.0]
00:29:59.599 [FXGL Background Thread 3 ] DEBUG Engine               - sceneFactory: com.almasb.fxgl.app.scene.SceneFactory@18034308
00:29:59.599 [FXGL Background Thread 3 ] DEBUG Engine               - secondsIn24h: 60
00:29:59.599 [FXGL Background Thread 3 ] DEBUG Engine               - soundMenuBack: menu/back.wav
00:29:59.599 [FXGL Background Thread 3 ] DEBUG Engine               - soundMenuPress: menu/press.wav
00:29:59.599 [FXGL Background Thread 3 ] DEBUG Engine               - soundMenuSelect: menu/select.wav
00:29:59.599 [FXGL Background Thread 3 ] DEBUG Engine               - soundNotification: core/notification.wav
00:29:59.599 [FXGL Background Thread 3 ] DEBUG Engine               - stageStyle: DECORATED
00:29:59.599 [FXGL Background Thread 3 ] DEBUG Engine               - supportedLanguages: [ENGLISH, FRENCH, GERMAN, HUNGARIAN, RUSSIAN]
00:29:59.599 [FXGL Background Thread 3 ] DEBUG Engine               - ticksPerSecond: -1
00:29:59.599 [FXGL Background Thread 3 ] DEBUG Engine               - title: Simulador de Batalla
00:29:59.599 [FXGL Background Thread 3 ] DEBUG Engine               - urlGithub: https://github.com/AlmasB/FXGL
00:29:59.599 [FXGL Background Thread 3 ] DEBUG Engine               - urlLeaderboard: http://fxgl-top.herokuapp.com/
00:29:59.599 [FXGL Background Thread 3 ] DEBUG Engine               - urlPOM: https://raw.githubusercontent.com/AlmasB/FXGL/release/README.md
00:29:59.599 [FXGL Background Thread 3 ] DEBUG Engine               - userAppClass: class Batalla.BattleSimulatorApp
00:29:59.599 [FXGL Background Thread 3 ] DEBUG Engine               - version: 1.0
00:29:59.600 [FXGL Background Thread 3 ] DEBUG Engine               - versionCheckDays: 7
00:29:59.600 [FXGL Background Thread 3 ] DEBUG Engine               - width: 1024
00:29:59.600 [FXGL Background Thread 3 ] DEBUG Engine               - Logging services
00:29:59.600 [FXGL Background Thread 3 ] DEBUG Engine               - class com.almasb.fxgl.app.services.FXGLAssetLoaderService
00:29:59.600 [FXGL Background Thread 3 ] DEBUG Engine               - class com.almasb.fxgl.app.FXGLApplication$GameApplicationService
00:29:59.600 [FXGL Background Thread 3 ] DEBUG Engine               - class com.almasb.fxgl.app.services.FXGLDialogService
00:29:59.600 [FXGL Background Thread 3 ] DEBUG Engine               - class com.almasb.fxgl.app.services.IOTaskExecutorService
00:29:59.600 [FXGL Background Thread 3 ] DEBUG Engine               - class com.almasb.fxgl.io.FileSystemService
00:29:59.600 [FXGL Background Thread 3 ] DEBUG Engine               - class com.almasb.fxgl.localization.LocalizationService
00:29:59.600 [FXGL Background Thread 3 ] DEBUG Engine               - class com.almasb.fxgl.app.services.SystemBundleService
00:29:59.600 [FXGL Background Thread 3 ] DEBUG Engine               - class com.almasb.fxgl.profile.SaveLoadService
00:29:59.600 [FXGL Background Thread 3 ] DEBUG Engine               - class com.almasb.fxgl.ui.FXGLUIFactoryServiceProvider
00:29:59.600 [FXGL Background Thread 3 ] DEBUG Engine               - class com.almasb.fxgl.ui.FXGLDialogFactoryServiceProvider
00:29:59.600 [FXGL Background Thread 3 ] DEBUG Engine               - class com.almasb.fxgl.audio.AudioPlayer
00:29:59.600 [FXGL Background Thread 3 ] DEBUG Engine               - class com.almasb.fxgl.notification.impl.NotificationServiceProvider
00:29:59.600 [FXGL Background Thread 3 ] DEBUG Engine               - class com.almasb.fxgl.achievement.AchievementService
00:29:59.600 [FXGL Background Thread 3 ] DEBUG Engine               - class com.almasb.fxgl.cutscene.CutsceneService
00:29:59.600 [FXGL Background Thread 3 ] DEBUG Engine               - class com.almasb.fxgl.minigames.MiniGameService
00:29:59.600 [FXGL Background Thread 3 ] DEBUG Engine               - class com.almasb.fxgl.net.NetService
00:29:59.600 [FXGL Background Thread 3 ] DEBUG Engine               - class com.almasb.fxgl.app.services.UpdaterService
00:29:59.600 [FXGL Background Thread 3 ] DEBUG Engine               - class com.almasb.fxgl.dev.DevService
00:30:48.626 [JavaFX Application Thread] DEBUG FXGLApplication      - Exiting FXGL
00:30:48.627 [JavaFX Application Thread] DEBUG LoopRunner           - Stopping loop
00:30:48.627 [JavaFX Application Thread] DEBUG SystemBundleService  - Saving FXGL system data
00:30:48.632 [JavaFX Application Thread] DEBUG FileSystemAccess     - Writing to: C:\Users\jdani\Documents\5toSemestreIngSoftware\IngenieriaProcesos\Programas\proyecto_procesos\system\fxgl.bundle
00:30:48.637 [JavaFX Application Thread] DEBUG Async                - Shutting down background threads
00:30:48.637 [JavaFX Application Thread] DEBUG PrimaryStageWindow   - Closing main window
00:30:48.669 [JavaFX Application Thread] DEBUG Logger               - Closing Logger
