20:30:55.663 [main                     ] DEBUG Logger               - Configured Logger
20:30:55.698 [main                     ] DEBUG GameApplication      - Logging settings
Title: Simulador de Batalla
Version: 1.0
Width: 1024
Height: 768
Fullscreen: false
Intro: false
Profiling: false
Single step:false
App Mode: DEVELOPER
Menu Key: ESCAPE
Stage Style: DECORATED
Scene Factory: class com.almasb.fxgl.app.scene.SceneFactory

20:30:56.161 [JavaFX Application Thread] DEBUG FXGLApplication      - Initializing FXGL
20:30:56.166 [JavaFX Application Thread] INFO  Engine               - FXGL-21 (28.12.2023 13.35) on WINDOWS (J:23.0.2 FX:21.0.1)
20:30:56.166 [JavaFX Application Thread] DEBUG Engine               - JRE Vendor Name: Oracle Corporation
20:30:56.166 [JavaFX Application Thread] DEBUG Engine               - Running on OS: Windows 10 version 10.0
20:30:56.166 [JavaFX Application Thread] DEBUG Engine               - Architecture: amd64
20:30:56.166 [JavaFX Application Thread] INFO  Engine               - Source code and latest versions at: https://github.com/AlmasB/FXGL
20:30:56.166 [JavaFX Application Thread] INFO  Engine               -       Ask questions and discuss at: https://github.com/AlmasB/FXGL/discussions
20:30:56.166 [JavaFX Application Thread] INFO  Engine               -              Join the FXGL chat at: https://gitter.im/AlmasB/FXGL
20:30:56.357 [JavaFX Application Thread] DEBUG PrimaryStageWindow   - Creating a JavaFX scene
20:30:56.435 [JavaFX Application Thread] DEBUG PrimaryStageWindow   - Target settings size: 1024.0 x 768.0
20:30:56.435 [JavaFX Application Thread] DEBUG PrimaryStageWindow   - Scaled scene size:    1024.0 x 768.0
20:30:56.435 [JavaFX Application Thread] DEBUG PrimaryStageWindow   - Scaled ratio: (1.0, 1.0)
20:30:56.437 [JavaFX Application Thread] DEBUG PrimaryStageWindow   - Set initial scene to FXGLStartupScene
20:30:56.445 [JavaFX Application Thread] DEBUG PrimaryStageWindow   - Opening main window
20:30:56.555 [JavaFX Application Thread] DEBUG PrimaryStageWindow   - Window border size: (14.4000244140625, 37.5999755859375)
20:30:56.555 [JavaFX Application Thread] DEBUG PrimaryStageWindow   - Scaled size: 1024.0 x 768.0
20:30:56.555 [JavaFX Application Thread] DEBUG PrimaryStageWindow   - Scaled ratio: (1.0, 1.0)
20:30:56.555 [JavaFX Application Thread] DEBUG PrimaryStageWindow   - Scene size: 1024.0 x 768.0
20:30:56.556 [JavaFX Application Thread] DEBUG PrimaryStageWindow   - Stage size: 1038.4000244140625 x 805.5999755859375
20:30:56.570 [FXGL Background Thread 1 ] DEBUG Engine               - Initializing environment variables
20:30:56.655 [FXGL Background Thread 1 ] DEBUG FXGLAssetLoaderServi - User app class for loading assets: class Batalla.BattleSimulatorApp
20:30:56.656 [FXGL Background Thread 1 ] DEBUG GameApplicationServi - Applying CSS: fxgl_dark.css
20:30:56.656 [FXGL Background Thread 1 ] DEBUG FXGLAssetLoaderServi - Loading from file system: jar:file:/C:/Users/oscar/.m2/repository/com/github/almasb/fxgl/21/fxgl-21.jar!/fxglassets/ui/css/fxgl_dark.css
20:30:56.734 [FXGL Background Thread 1 ] DEBUG GameApplicationServi - Initializing application scenes
20:30:56.847 [FXGL Background Thread 1 ] DEBUG GameWorld            - Game world initialized
20:30:56.925 [FXGL Background Thread 1 ] DEBUG PhysicsWorld         - Physics world initialized: appHeight=768, physics.ppm=50.0
20:30:56.926 [FXGL Background Thread 1 ] DEBUG PhysicsWorld         - Using strategy: BRUTE_FORCE
20:30:56.931 [FXGL Background Thread 1 ] DEBUG GameScene            - Game scene initialized: 1024x768
20:30:56.947 [FXGL Background Thread 1 ] DEBUG FXGL.DefaultMenu     - createMenuBodyGameMenu()
20:30:56.971 [FXGL Background Thread 1 ] DEBUG FXGL.DefaultMenu     - createOptionsMenu()
20:30:56.985 [FXGL Background Thread 1 ] DEBUG FXGLAssetLoaderServi - Loading from file system: jar:file:/C:/Users/oscar/.m2/repository/com/github/almasb/fxgl/21/fxgl-21.jar!/fxglassets/textures/particles/smoke.png
20:30:57.118 [FXGL Background Thread 1 ] DEBUG FXGLAssetLoaderServi - Loading from file system: jar:file:/C:/Users/oscar/.m2/repository/com/github/almasb/fxgl/21/fxgl-21.jar!/fxglassets/textures/particles/trace_horizontal.png
20:30:57.148 [FXGL Background Thread 1 ] DEBUG GameApplicationServi - Application scenes initialized
20:30:57.170 [FXGL Background Thread 1 ] DEBUG SystemBundleService  - Loading FXGL system data
20:30:57.171 [FXGL Background Thread 1 ] DEBUG FileSystemAccess     - Reading from: C:\Users\oscar\IdeaProjects\Batalla\system\fxgl.bundle
20:30:57.175 [FXGL Background Thread 1 ] DEBUG SystemBundleService  - Bundle FXGL: {}
20:30:57.175 [FXGL Background Thread 1 ] DEBUG UpdaterService       - Checking for updates
20:30:57.181 [FXGL Background Thread 4 ] DEBUG FXGLApplication      - Loading fonts
20:30:57.181 [FXGL Background Thread 1 ] DEBUG FXGLApplication      - Loading default localization
20:30:57.182 [FXGL Background Thread 1 ] DEBUG FXGLAssetLoaderServi - Loading from file system: jar:file:/C:/Users/oscar/.m2/repository/com/github/almasb/fxgl/21/fxgl-21.jar!/fxglassets/languages/english.lang
20:30:57.183 [FXGL Background Thread 4 ] DEBUG FXGLAssetLoaderServi - Loading from file system: jar:file:/C:/Users/oscar/.m2/repository/com/github/almasb/fxgl/21/fxgl-21.jar!/fxglassets/ui/fonts/VarelaRound-Regular.ttf
20:30:57.227 [FXGL Background Thread 4 ] DEBUG FXGLAssetLoaderServi - Loading from file system: jar:file:/C:/Users/oscar/.m2/repository/com/github/almasb/fxgl/21/fxgl-21.jar!/fxglassets/ui/fonts/Abel-Regular.ttf
20:30:57.236 [FXGL Background Thread 1 ] INFO  FXGLApplication      - FXGL initialization took: 0.666 sec
20:30:57.237 [JavaFX Application Thread] DEBUG FXGLAssetLoaderServi - Loading from file system: jar:file:/C:/Users/oscar/.m2/repository/com/github/almasb/fxgl/21/fxgl-21.jar!/fxglassets/textures/fxgl_icon.png
20:30:57.239 [FXGL Background Thread 4 ] DEBUG FXGLAssetLoaderServi - Loading from file system: jar:file:/C:/Users/oscar/.m2/repository/com/github/almasb/fxgl/21/fxgl-21.jar!/fxglassets/ui/fonts/TerminalLandMono-Regular.otf
20:30:57.253 [FXGL Background Thread 4 ] DEBUG FXGLAssetLoaderServi - Loading from file system: jar:file:/C:/Users/oscar/.m2/repository/com/github/almasb/fxgl/21/fxgl-21.jar!/fxglassets/ui/fonts/Courier-Prime.ttf
20:30:57.261 [JavaFX Application Thread] DEBUG FXGLAssetLoaderServi - Loading from file system: jar:file:/C:/Users/oscar/.m2/repository/com/github/almasb/fxgl/21/fxgl-21.jar!/fxglassets/textures/fxgl_default_cursor.png
20:30:57.276 [JavaFX Application Thread] DEBUG Input                - Registered new binding: Screenshot - CTRL+8
20:30:57.277 [JavaFX Application Thread] DEBUG Input                - Registered new binding: System info dump - CTRL+9
20:30:57.278 [JavaFX Application Thread] DEBUG Input                - Registered new binding: Restart - CTRL+R
20:30:57.279 [JavaFX Application Thread] DEBUG Input                - Registered new binding: Toggle Debug Camera - CTRL+7
20:30:57.282 [JavaFX Application Thread] DEBUG LoopRunner           - Starting loop
20:30:57.282 [JavaFX Application Thread] DEBUG LoopRunner           - Initializing JavaFX AnimationTimerLoop
20:30:57.284 [JavaFX Application Thread] DEBUG GameApplicationServi - Starting new game
20:30:57.285 [JavaFX Application Thread] DEBUG Input                - Clearing active input actions
20:30:57.298 [JavaFX Application Thread] DEBUG GameApplicationServi - Removing overlay from FXGLStartupScene and adding to FXGLLoadingScene
20:30:57.299 [JavaFX Application Thread] DEBUG PrimaryStageWindow   - FXGLStartupScene -> FXGLLoadingScene
20:30:57.299 [JavaFX Application Thread] DEBUG GameApplicationServi - Clearing previous game
20:30:57.299 [JavaFX Application Thread] DEBUG GameScene            - Clearing game scene
20:30:57.299 [JavaFX Application Thread] DEBUG GameWorld            - Clearing game world
20:30:57.299 [JavaFX Application Thread] DEBUG PhysicsWorld         - Clearing physics world
20:30:57.301 [FXGL Background Thread 4 ] DEBUG FXGLApplication      - Initializing game
20:30:57.301 [JavaFX Application Thread] DEBUG FXGLApplication      - Registering font factories with UI factory
20:30:57.307 [FXGL Background Thread 4 ] INFO  FXGLApplication      - Game initialization took: 0.006 sec
20:30:57.375 [JavaFX Application Thread] DEBUG Input                - Clearing active input actions
20:30:57.390 [JavaFX Application Thread] DEBUG GameApplicationServi - Removing overlay from FXGLLoadingScene and adding to GameScene
20:30:57.390 [JavaFX Application Thread] DEBUG PrimaryStageWindow   - FXGLLoadingScene -> GameScene
20:30:58.052 [FXGL Background Thread 2 ] INFO  UpdaterService       - Your current version:  21
20:30:58.052 [FXGL Background Thread 2 ] INFO  UpdaterService       - Latest stable version: 25
20:30:59.508 [JavaFX Application Thread] DEBUG FXGLAssetLoaderServi - Loading from file system: file:/C:/Users/oscar/IdeaProjects/Batalla/target/classes/assets/textures/sprites/demon/idle.png
20:30:59.531 [JavaFX Application Thread] DEBUG FXGLAssetLoaderServi - Loading from file system: file:/C:/Users/oscar/IdeaProjects/Batalla/target/classes/assets/textures/sprites/demon/ataque1.png
20:30:59.540 [JavaFX Application Thread] DEBUG FXGLAssetLoaderServi - Loading from file system: file:/C:/Users/oscar/IdeaProjects/Batalla/target/classes/assets/textures/sprites/demon/ataque2.png
20:30:59.548 [JavaFX Application Thread] DEBUG FXGLAssetLoaderServi - Loading from file system: file:/C:/Users/oscar/IdeaProjects/Batalla/target/classes/assets/textures/sprites/demon/hurt.png
20:30:59.557 [JavaFX Application Thread] DEBUG FXGLAssetLoaderServi - Loading from file system: file:/C:/Users/oscar/IdeaProjects/Batalla/target/classes/assets/textures/sprites/demon/defensa.png
20:30:59.564 [JavaFX Application Thread] DEBUG FXGLAssetLoaderServi - Loading from file system: file:/C:/Users/oscar/IdeaProjects/Batalla/target/classes/assets/textures/sprites/demon/correr.png
20:30:59.570 [JavaFX Application Thread] DEBUG FXGLAssetLoaderServi - Loading from file system: file:/C:/Users/oscar/IdeaProjects/Batalla/target/classes/assets/textures/sprites/demon/muerte.png
20:30:59.582 [JavaFX Application Thread] DEBUG FXGLAssetLoaderServi - Loading from file system: file:/C:/Users/oscar/IdeaProjects/Batalla/target/classes/assets/textures/sprites/caballero/idle.png
20:30:59.585 [JavaFX Application Thread] DEBUG FXGLAssetLoaderServi - Loading from file system: file:/C:/Users/oscar/IdeaProjects/Batalla/target/classes/assets/textures/sprites/caballero/ataque1.png
20:30:59.588 [JavaFX Application Thread] DEBUG FXGLAssetLoaderServi - Loading from file system: file:/C:/Users/oscar/IdeaProjects/Batalla/target/classes/assets/textures/sprites/caballero/ataque2.png
20:30:59.593 [JavaFX Application Thread] DEBUG FXGLAssetLoaderServi - Loading from file system: file:/C:/Users/oscar/IdeaProjects/Batalla/target/classes/assets/textures/sprites/caballero/hurt.png
20:30:59.595 [JavaFX Application Thread] DEBUG FXGLAssetLoaderServi - Loading from file system: file:/C:/Users/oscar/IdeaProjects/Batalla/target/classes/assets/textures/sprites/caballero/defensa.png
20:30:59.597 [JavaFX Application Thread] DEBUG FXGLAssetLoaderServi - Loading from file system: file:/C:/Users/oscar/IdeaProjects/Batalla/target/classes/assets/textures/sprites/caballero/correr.png
20:30:59.600 [JavaFX Application Thread] DEBUG FXGLAssetLoaderServi - Loading from file system: file:/C:/Users/oscar/IdeaProjects/Batalla/target/classes/assets/textures/sprites/caballero/muerte.png
20:31:00.178 [FXGL Background Thread 3 ] DEBUG Engine               - Logging environment variables
20:31:00.178 [FXGL Background Thread 3 ] DEBUG Engine               - achievements: []
20:31:00.178 [FXGL Background Thread 3 ] DEBUG Engine               - actualHeight: 768.0
20:31:00.178 [FXGL Background Thread 3 ] DEBUG Engine               - actualHeightProperty: ReadOnlyDoubleProperty [value: 768.0]
20:31:00.178 [FXGL Background Thread 3 ] DEBUG Engine               - actualWidth: 1024.0
20:31:00.179 [FXGL Background Thread 3 ] DEBUG Engine               - actualWidthProperty: ReadOnlyDoubleProperty [value: 1024.0]
20:31:00.179 [FXGL Background Thread 3 ] DEBUG Engine               - appIcon: fxgl_icon.png
20:31:00.179 [FXGL Background Thread 3 ] DEBUG Engine               - applicationMode: DEVELOPER
20:31:00.179 [FXGL Background Thread 3 ] DEBUG Engine               - cSSList: [fxgl_dark.css]
20:31:00.179 [FXGL Background Thread 3 ] DEBUG Engine               - collisionDetectionStrategy: BRUTE_FORCE
20:31:00.179 [FXGL Background Thread 3 ] DEBUG Engine               - configClass: Optional.empty
20:31:00.179 [FXGL Background Thread 3 ] DEBUG Engine               - credits: []
20:31:00.179 [FXGL Background Thread 3 ] DEBUG Engine               - defaultCursor: CursorInfo(imageName=fxgl_default_cursor.png, hotspotX=7.0, hotspotY=6.0)
20:31:00.179 [FXGL Background Thread 3 ] DEBUG Engine               - devBBoxColorProperty: ObjectProperty [value: 0xff0000ff]
20:31:00.179 [FXGL Background Thread 3 ] DEBUG Engine               - devEnableDebugCameraProperty: BooleanProperty [value: false]
20:31:00.180 [FXGL Background Thread 3 ] DEBUG Engine               - devSensorColorProperty: ObjectProperty [value: 0xffff00ff]
20:31:00.180 [FXGL Background Thread 3 ] DEBUG Engine               - devShowBBoxProperty: BooleanProperty [value: false]
20:31:00.180 [FXGL Background Thread 3 ] DEBUG Engine               - devShowPositionProperty: BooleanProperty [value: false]
20:31:00.180 [FXGL Background Thread 3 ] DEBUG Engine               - enabledMenuItems: []
20:31:00.180 [FXGL Background Thread 3 ] DEBUG Engine               - engineServices: [class com.almasb.fxgl.app.services.FXGLAssetLoaderService, class com.almasb.fxgl.app.FXGLApplication$GameApplicationService, class com.almasb.fxgl.app.services.FXGLDialogService, class com.almasb.fxgl.app.services.IOTaskExecutorService, class com.almasb.fxgl.io.FileSystemService, class com.almasb.fxgl.localization.LocalizationService, class com.almasb.fxgl.app.services.SystemBundleService, class com.almasb.fxgl.profile.SaveLoadService, class com.almasb.fxgl.ui.FXGLUIFactoryServiceProvider, class com.almasb.fxgl.ui.FXGLDialogFactoryServiceProvider, class com.almasb.fxgl.audio.AudioPlayer, class com.almasb.fxgl.notification.impl.NotificationServiceProvider, class com.almasb.fxgl.achievement.AchievementService, class com.almasb.fxgl.cutscene.CutsceneService, class com.almasb.fxgl.minigames.MiniGameService, class com.almasb.fxgl.net.NetService, class com.almasb.fxgl.app.services.UpdaterService, class com.almasb.fxgl.dev.DevService]
20:31:00.180 [FXGL Background Thread 3 ] DEBUG Engine               - fontGame: Abel-Regular.ttf
20:31:00.180 [FXGL Background Thread 3 ] DEBUG Engine               - fontMono: TerminalLandMono-Regular.otf
20:31:00.180 [FXGL Background Thread 3 ] DEBUG Engine               - fontSizeScaleUI: 1.0
20:31:00.180 [FXGL Background Thread 3 ] DEBUG Engine               - fontText: Courier-Prime.ttf
20:31:00.180 [FXGL Background Thread 3 ] DEBUG Engine               - fontUI: VarelaRound-Regular.ttf
20:31:00.180 [FXGL Background Thread 3 ] DEBUG Engine               - fullScreen: BooleanProperty [value: false]
20:31:00.180 [FXGL Background Thread 3 ] DEBUG Engine               - gameDifficulty: MEDIUM
20:31:00.180 [FXGL Background Thread 3 ] DEBUG Engine               - gameDifficultyProperty: ObjectProperty [value: MEDIUM]
20:31:00.180 [FXGL Background Thread 3 ] DEBUG Engine               - globalMusicVolume: 0.5
20:31:00.180 [FXGL Background Thread 3 ] DEBUG Engine               - globalMusicVolumeProperty: DoubleProperty [value: 0.5]
20:31:00.181 [FXGL Background Thread 3 ] DEBUG Engine               - globalSoundVolume: 0.5
20:31:00.181 [FXGL Background Thread 3 ] DEBUG Engine               - globalSoundVolumeProperty: DoubleProperty [value: 0.5]
20:31:00.181 [FXGL Background Thread 3 ] DEBUG Engine               - height: 768
20:31:00.181 [FXGL Background Thread 3 ] DEBUG Engine               - is3D: false
20:31:00.181 [FXGL Background Thread 3 ] DEBUG Engine               - isAndroid: false
20:31:00.181 [FXGL Background Thread 3 ] DEBUG Engine               - isBrowser: false
20:31:00.181 [FXGL Background Thread 3 ] DEBUG Engine               - isClickFeedbackEnabled: false
20:31:00.181 [FXGL Background Thread 3 ] DEBUG Engine               - isCloseConfirmation: false
20:31:00.181 [FXGL Background Thread 3 ] DEBUG Engine               - isDesktop: true
20:31:00.181 [FXGL Background Thread 3 ] DEBUG Engine               - isDeveloperMenuEnabled: false
20:31:00.181 [FXGL Background Thread 3 ] DEBUG Engine               - isEmbedded: false
20:31:00.181 [FXGL Background Thread 3 ] DEBUG Engine               - isEntityPreloadEnabled: true
20:31:00.181 [FXGL Background Thread 3 ] DEBUG Engine               - isExperimentalTiledLargeMap: false
20:31:00.181 [FXGL Background Thread 3 ] DEBUG Engine               - isFileSystemWriteAllowed: true
20:31:00.182 [FXGL Background Thread 3 ] DEBUG Engine               - isFullScreenAllowed: false
20:31:00.182 [FXGL Background Thread 3 ] DEBUG Engine               - isFullScreenFromStart: false
20:31:00.182 [FXGL Background Thread 3 ] DEBUG Engine               - isGameMenuEnabled: true
20:31:00.182 [FXGL Background Thread 3 ] DEBUG Engine               - isIOS: false
20:31:00.182 [FXGL Background Thread 3 ] DEBUG Engine               - isIntroEnabled: false
20:31:00.182 [FXGL Background Thread 3 ] DEBUG Engine               - isLinux: false
20:31:00.182 [FXGL Background Thread 3 ] DEBUG Engine               - isMac: false
20:31:00.182 [FXGL Background Thread 3 ] DEBUG Engine               - isMainMenuEnabled: false
20:31:00.182 [FXGL Background Thread 3 ] DEBUG Engine               - isManualResizeEnabled: false
20:31:00.182 [FXGL Background Thread 3 ] DEBUG Engine               - isMobile: false
20:31:00.182 [FXGL Background Thread 3 ] DEBUG Engine               - isNative: false
20:31:00.182 [FXGL Background Thread 3 ] DEBUG Engine               - isPauseMusicWhenMinimized: true
20:31:00.182 [FXGL Background Thread 3 ] DEBUG Engine               - isPreserveResizeRatio: false
20:31:00.182 [FXGL Background Thread 3 ] DEBUG Engine               - isProfilingEnabled: false
20:31:00.182 [FXGL Background Thread 3 ] DEBUG Engine               - isScaleAffectedOnResize: true
20:31:00.182 [FXGL Background Thread 3 ] DEBUG Engine               - isSingleStep: false
20:31:00.182 [FXGL Background Thread 3 ] DEBUG Engine               - isUserProfileEnabled: false
20:31:00.182 [FXGL Background Thread 3 ] DEBUG Engine               - isWindows: true
20:31:00.183 [FXGL Background Thread 3 ] DEBUG Engine               - language: ObjectProperty [value: ENGLISH]
20:31:00.183 [FXGL Background Thread 3 ] DEBUG Engine               - menuKey: ESCAPE
20:31:00.183 [FXGL Background Thread 3 ] DEBUG Engine               - mouseSensitivity: 0.2
20:31:00.183 [FXGL Background Thread 3 ] DEBUG Engine               - notificationViewClass: class com.almasb.fxgl.notification.view.XboxNotificationView
20:31:00.183 [FXGL Background Thread 3 ] DEBUG Engine               - pixelsPerMeter: 50.0
20:31:00.183 [FXGL Background Thread 3 ] DEBUG Engine               - platform: WINDOWS
20:31:00.183 [FXGL Background Thread 3 ] DEBUG Engine               - prefHeightProperty: ReadOnlyDoubleProperty [value: 768.0]
20:31:00.183 [FXGL Background Thread 3 ] DEBUG Engine               - prefWidthProperty: ReadOnlyDoubleProperty [value: 1024.0]
20:31:00.183 [FXGL Background Thread 3 ] DEBUG Engine               - profileDir: profiles/
20:31:00.183 [FXGL Background Thread 3 ] DEBUG Engine               - profileName: StringProperty [value: DEFAULT]
20:31:00.183 [FXGL Background Thread 3 ] DEBUG Engine               - randomSeed: -1
20:31:00.183 [FXGL Background Thread 3 ] DEBUG Engine               - runtimeInfo: RuntimeInfo(platform=WINDOWS, version=21, build=28.12.2023 13.35)
20:31:00.184 [FXGL Background Thread 3 ] DEBUG Engine               - saveFileExt: sav
20:31:00.184 [FXGL Background Thread 3 ] DEBUG Engine               - scaledHeightProp$fxgl: DoubleProperty [bound, value: 768.0]
20:31:00.184 [FXGL Background Thread 3 ] DEBUG Engine               - scaledWidthProp$fxgl: DoubleProperty [bound, value: 1024.0]
20:31:00.184 [FXGL Background Thread 3 ] DEBUG Engine               - sceneFactory: com.almasb.fxgl.app.scene.SceneFactory@3a553fb1
20:31:00.184 [FXGL Background Thread 3 ] DEBUG Engine               - secondsIn24h: 60
20:31:00.184 [FXGL Background Thread 3 ] DEBUG Engine               - soundMenuBack: menu/back.wav
20:31:00.184 [FXGL Background Thread 3 ] DEBUG Engine               - soundMenuPress: menu/press.wav
20:31:00.184 [FXGL Background Thread 3 ] DEBUG Engine               - soundMenuSelect: menu/select.wav
20:31:00.184 [FXGL Background Thread 3 ] DEBUG Engine               - soundNotification: core/notification.wav
20:31:00.184 [FXGL Background Thread 3 ] DEBUG Engine               - stageStyle: DECORATED
20:31:00.184 [FXGL Background Thread 3 ] DEBUG Engine               - supportedLanguages: [ENGLISH, FRENCH, GERMAN, HUNGARIAN, RUSSIAN]
20:31:00.184 [FXGL Background Thread 3 ] DEBUG Engine               - ticksPerSecond: -1
20:31:00.184 [FXGL Background Thread 3 ] DEBUG Engine               - title: Simulador de Batalla
20:31:00.184 [FXGL Background Thread 3 ] DEBUG Engine               - urlGithub: https://github.com/AlmasB/FXGL
20:31:00.184 [FXGL Background Thread 3 ] DEBUG Engine               - urlLeaderboard: http://fxgl-top.herokuapp.com/
20:31:00.184 [FXGL Background Thread 3 ] DEBUG Engine               - urlPOM: https://raw.githubusercontent.com/AlmasB/FXGL/release/README.md
20:31:00.184 [FXGL Background Thread 3 ] DEBUG Engine               - userAppClass: class Batalla.BattleSimulatorApp
20:31:00.184 [FXGL Background Thread 3 ] DEBUG Engine               - version: 1.0
20:31:00.185 [FXGL Background Thread 3 ] DEBUG Engine               - versionCheckDays: 7
20:31:00.185 [FXGL Background Thread 3 ] DEBUG Engine               - width: 1024
20:31:00.185 [FXGL Background Thread 3 ] DEBUG Engine               - Logging services
20:31:00.185 [FXGL Background Thread 3 ] DEBUG Engine               - class com.almasb.fxgl.app.services.FXGLAssetLoaderService
20:31:00.185 [FXGL Background Thread 3 ] DEBUG Engine               - class com.almasb.fxgl.app.FXGLApplication$GameApplicationService
20:31:00.185 [FXGL Background Thread 3 ] DEBUG Engine               - class com.almasb.fxgl.app.services.FXGLDialogService
20:31:00.185 [FXGL Background Thread 3 ] DEBUG Engine               - class com.almasb.fxgl.app.services.IOTaskExecutorService
20:31:00.185 [FXGL Background Thread 3 ] DEBUG Engine               - class com.almasb.fxgl.io.FileSystemService
20:31:00.185 [FXGL Background Thread 3 ] DEBUG Engine               - class com.almasb.fxgl.localization.LocalizationService
20:31:00.185 [FXGL Background Thread 3 ] DEBUG Engine               - class com.almasb.fxgl.app.services.SystemBundleService
20:31:00.185 [FXGL Background Thread 3 ] DEBUG Engine               - class com.almasb.fxgl.profile.SaveLoadService
20:31:00.185 [FXGL Background Thread 3 ] DEBUG Engine               - class com.almasb.fxgl.ui.FXGLUIFactoryServiceProvider
20:31:00.185 [FXGL Background Thread 3 ] DEBUG Engine               - class com.almasb.fxgl.ui.FXGLDialogFactoryServiceProvider
20:31:00.185 [FXGL Background Thread 3 ] DEBUG Engine               - class com.almasb.fxgl.audio.AudioPlayer
20:31:00.185 [FXGL Background Thread 3 ] DEBUG Engine               - class com.almasb.fxgl.notification.impl.NotificationServiceProvider
20:31:00.185 [FXGL Background Thread 3 ] DEBUG Engine               - class com.almasb.fxgl.achievement.AchievementService
20:31:00.185 [FXGL Background Thread 3 ] DEBUG Engine               - class com.almasb.fxgl.cutscene.CutsceneService
20:31:00.185 [FXGL Background Thread 3 ] DEBUG Engine               - class com.almasb.fxgl.minigames.MiniGameService
20:31:00.186 [FXGL Background Thread 3 ] DEBUG Engine               - class com.almasb.fxgl.net.NetService
20:31:00.186 [FXGL Background Thread 3 ] DEBUG Engine               - class com.almasb.fxgl.app.services.UpdaterService
20:31:00.186 [FXGL Background Thread 3 ] DEBUG Engine               - class com.almasb.fxgl.dev.DevService
20:31:23.168 [JavaFX Application Thread] DEBUG FXGLApplication      - Exiting FXGL
20:31:23.169 [JavaFX Application Thread] DEBUG LoopRunner           - Stopping loop
20:31:23.169 [JavaFX Application Thread] DEBUG SystemBundleService  - Saving FXGL system data
20:31:23.173 [JavaFX Application Thread] DEBUG FileSystemAccess     - Writing to: C:\Users\oscar\IdeaProjects\Batalla\system\fxgl.bundle
20:31:23.175 [JavaFX Application Thread] DEBUG Async                - Shutting down background threads
20:31:23.175 [JavaFX Application Thread] DEBUG PrimaryStageWindow   - Closing main window
20:31:23.211 [JavaFX Application Thread] DEBUG Logger               - Closing Logger
