00:08:11.704 [main                     ] DEBUG Logger               - Configured Logger
00:08:11.716 [main                     ] DEBUG GameApplication      - Logging settings
Title: Simulador de Batalla
Version: 1.0
Width: 1024
Height: 768
Fullscreen: false
Intro: false
Profiling: false
Single step:false
App Mode: DEVELOPER
Menu Key: ESCAPE
Stage Style: DECORATED
Scene Factory: class com.almasb.fxgl.app.scene.SceneFactory

00:08:12.466 [JavaFX Application Thread] DEBUG FXGLApplication      - Initializing FXGL
00:08:12.470 [JavaFX Application Thread] INFO  Engine               - FXGL-21 (28.12.2023 13.35) on WINDOWS (J:24.0.2 FX:21.0.1)
00:08:12.470 [JavaFX Application Thread] DEBUG Engine               - JRE Vendor Name: Oracle Corporation
00:08:12.470 [JavaFX Application Thread] DEBUG Engine               - Running on OS: Windows 11 version 10.0
00:08:12.470 [JavaFX Application Thread] DEBUG Engine               - Architecture: amd64
00:08:12.470 [JavaFX Application Thread] INFO  Engine               - Source code and latest versions at: https://github.com/AlmasB/FXGL
00:08:12.470 [JavaFX Application Thread] INFO  Engine               -       Ask questions and discuss at: https://github.com/AlmasB/FXGL/discussions
00:08:12.471 [JavaFX Application Thread] INFO  Engine               -              Join the FXGL chat at: https://gitter.im/AlmasB/FXGL
00:08:12.599 [JavaFX Application Thread] DEBUG PrimaryStageWindow   - Creating a JavaFX scene
00:08:12.654 [JavaFX Application Thread] DEBUG PrimaryStageWindow   - Target settings size: 1024.0 x 768.0
00:08:12.654 [JavaFX Application Thread] DEBUG PrimaryStageWindow   - Scaled scene size:    1024.0 x 768.0
00:08:12.654 [JavaFX Application Thread] DEBUG PrimaryStageWindow   - Scaled ratio: (1.0, 1.0)
00:08:12.656 [JavaFX Application Thread] DEBUG PrimaryStageWindow   - Set initial scene to FXGLStartupScene
00:08:12.659 [JavaFX Application Thread] DEBUG PrimaryStageWindow   - Opening main window
00:08:12.753 [JavaFX Application Thread] DEBUG PrimaryStageWindow   - Window border size: (16.0, 39.0)
00:08:12.753 [JavaFX Application Thread] DEBUG PrimaryStageWindow   - Scaled size: 1024.0 x 768.0
00:08:12.753 [JavaFX Application Thread] DEBUG PrimaryStageWindow   - Scaled ratio: (1.0, 1.0)
00:08:12.753 [JavaFX Application Thread] DEBUG PrimaryStageWindow   - Scene size: 1024.0 x 768.0
00:08:12.754 [JavaFX Application Thread] DEBUG PrimaryStageWindow   - Stage size: 1040.0 x 807.0
00:08:12.761 [FXGL Background Thread 1 ] DEBUG Engine               - Initializing environment variables
00:08:12.812 [FXGL Background Thread 1 ] DEBUG FXGLAssetLoaderServi - User app class for loading assets: class Batalla.BattleSimulatorApp
00:08:12.813 [FXGL Background Thread 1 ] DEBUG GameApplicationServi - Applying CSS: fxgl_dark.css
00:08:12.813 [FXGL Background Thread 1 ] DEBUG FXGLAssetLoaderServi - Loading from file system: jar:file:/C:/Users/andy/.m2/repository/com/github/almasb/fxgl/21/fxgl-21.jar!/fxglassets/ui/css/fxgl_dark.css
00:08:12.855 [FXGL Background Thread 1 ] DEBUG GameApplicationServi - Initializing application scenes
00:08:12.899 [FXGL Background Thread 1 ] DEBUG GameWorld            - Game world initialized
00:08:12.952 [FXGL Background Thread 1 ] DEBUG PhysicsWorld         - Physics world initialized: appHeight=768, physics.ppm=50.0
00:08:12.952 [FXGL Background Thread 1 ] DEBUG PhysicsWorld         - Using strategy: BRUTE_FORCE
00:08:12.955 [FXGL Background Thread 1 ] DEBUG GameScene            - Game scene initialized: 1024x768
00:08:12.966 [FXGL Background Thread 1 ] DEBUG FXGL.DefaultMenu     - createMenuBodyGameMenu()
00:08:12.980 [FXGL Background Thread 1 ] DEBUG FXGL.DefaultMenu     - createOptionsMenu()
00:08:12.989 [FXGL Background Thread 1 ] DEBUG FXGLAssetLoaderServi - Loading from file system: jar:file:/C:/Users/andy/.m2/repository/com/github/almasb/fxgl/21/fxgl-21.jar!/fxglassets/textures/particles/smoke.png
00:08:13.082 [FXGL Background Thread 1 ] DEBUG FXGLAssetLoaderServi - Loading from file system: jar:file:/C:/Users/andy/.m2/repository/com/github/almasb/fxgl/21/fxgl-21.jar!/fxglassets/textures/particles/trace_horizontal.png
00:08:13.111 [FXGL Background Thread 1 ] DEBUG GameApplicationServi - Application scenes initialized
00:08:13.125 [FXGL Background Thread 1 ] DEBUG SystemBundleService  - Loading FXGL system data
00:08:13.128 [FXGL Background Thread 1 ] DEBUG FileSystemAccess     - Reading from: C:\Users\andy\OneDrive\Documentos\Proyecto_procesos\system\fxgl.bundle
00:08:13.133 [FXGL Background Thread 1 ] DEBUG SystemBundleService  - Bundle FXGL: {}
00:08:13.133 [FXGL Background Thread 1 ] DEBUG UpdaterService       - Checking for updates
00:08:13.137 [FXGL Background Thread 1 ] DEBUG FXGLApplication      - Loading default localization
00:08:13.138 [FXGL Background Thread 1 ] DEBUG FXGLAssetLoaderServi - Loading from file system: jar:file:/C:/Users/andy/.m2/repository/com/github/almasb/fxgl/21/fxgl-21.jar!/fxglassets/languages/english.lang
00:08:13.142 [FXGL Background Thread 4 ] DEBUG FXGLApplication      - Loading fonts
00:08:13.143 [FXGL Background Thread 4 ] DEBUG FXGLAssetLoaderServi - Loading from file system: jar:file:/C:/Users/andy/.m2/repository/com/github/almasb/fxgl/21/fxgl-21.jar!/fxglassets/ui/fonts/VarelaRound-Regular.ttf
00:08:13.151 [FXGL Background Thread 1 ] INFO  FXGLApplication      - FXGL initialization took: 0.391 sec
00:08:13.153 [JavaFX Application Thread] DEBUG FXGLAssetLoaderServi - Loading from file system: jar:file:/C:/Users/andy/.m2/repository/com/github/almasb/fxgl/21/fxgl-21.jar!/fxglassets/textures/fxgl_icon.png
00:08:13.166 [JavaFX Application Thread] DEBUG FXGLAssetLoaderServi - Loading from file system: jar:file:/C:/Users/andy/.m2/repository/com/github/almasb/fxgl/21/fxgl-21.jar!/fxglassets/textures/fxgl_default_cursor.png
00:08:13.176 [JavaFX Application Thread] DEBUG Input                - Registered new binding: Screenshot - CTRL+8
00:08:13.177 [JavaFX Application Thread] DEBUG Input                - Registered new binding: System info dump - CTRL+9
00:08:13.177 [JavaFX Application Thread] DEBUG Input                - Registered new binding: Restart - CTRL+R
00:08:13.178 [JavaFX Application Thread] DEBUG Input                - Registered new binding: Toggle Debug Camera - CTRL+7
00:08:13.180 [JavaFX Application Thread] DEBUG LoopRunner           - Starting loop
00:08:13.180 [JavaFX Application Thread] DEBUG LoopRunner           - Initializing JavaFX AnimationTimerLoop
00:08:13.181 [JavaFX Application Thread] DEBUG GameApplicationServi - Starting new game
00:08:13.181 [JavaFX Application Thread] DEBUG Input                - Clearing active input actions
00:08:13.190 [JavaFX Application Thread] DEBUG GameApplicationServi - Removing overlay from FXGLStartupScene and adding to FXGLLoadingScene
00:08:13.190 [JavaFX Application Thread] DEBUG PrimaryStageWindow   - FXGLStartupScene -> FXGLLoadingScene
00:08:13.190 [JavaFX Application Thread] DEBUG GameApplicationServi - Clearing previous game
00:08:13.190 [JavaFX Application Thread] DEBUG GameScene            - Clearing game scene
00:08:13.190 [JavaFX Application Thread] DEBUG GameWorld            - Clearing game world
00:08:13.190 [JavaFX Application Thread] DEBUG PhysicsWorld         - Clearing physics world
00:08:13.191 [FXGL Background Thread 1 ] DEBUG FXGLApplication      - Initializing game
00:08:13.194 [FXGL Background Thread 1 ] INFO  FXGLApplication      - Game initialization took: 0.003 sec
00:08:13.226 [JavaFX Application Thread] DEBUG Input                - Clearing active input actions
00:08:13.237 [JavaFX Application Thread] DEBUG GameApplicationServi - Removing overlay from FXGLLoadingScene and adding to GameScene
00:08:13.237 [JavaFX Application Thread] DEBUG PrimaryStageWindow   - FXGLLoadingScene -> GameScene
00:08:13.356 [FXGL Background Thread 4 ] DEBUG FXGLAssetLoaderServi - Loading from file system: jar:file:/C:/Users/andy/.m2/repository/com/github/almasb/fxgl/21/fxgl-21.jar!/fxglassets/ui/fonts/Abel-Regular.ttf
00:08:13.360 [FXGL Background Thread 4 ] DEBUG FXGLAssetLoaderServi - Loading from file system: jar:file:/C:/Users/andy/.m2/repository/com/github/almasb/fxgl/21/fxgl-21.jar!/fxglassets/ui/fonts/TerminalLandMono-Regular.otf
00:08:13.391 [FXGL Background Thread 4 ] DEBUG FXGLAssetLoaderServi - Loading from file system: jar:file:/C:/Users/andy/.m2/repository/com/github/almasb/fxgl/21/fxgl-21.jar!/fxglassets/ui/fonts/Courier-Prime.ttf
00:08:13.401 [JavaFX Application Thread] DEBUG FXGLApplication      - Registering font factories with UI factory
00:08:13.749 [FXGL Background Thread 2 ] INFO  UpdaterService       - Your current version:  21
00:08:13.749 [FXGL Background Thread 2 ] INFO  UpdaterService       - Latest stable version: 25
00:08:16.137 [FXGL Background Thread 3 ] DEBUG Engine               - Logging environment variables
00:08:16.137 [FXGL Background Thread 3 ] DEBUG Engine               - achievements: []
00:08:16.137 [FXGL Background Thread 3 ] DEBUG Engine               - actualHeight: 768.0
00:08:16.137 [FXGL Background Thread 3 ] DEBUG Engine               - actualHeightProperty: ReadOnlyDoubleProperty [value: 768.0]
00:08:16.138 [FXGL Background Thread 3 ] DEBUG Engine               - actualWidth: 1024.0
00:08:16.138 [FXGL Background Thread 3 ] DEBUG Engine               - actualWidthProperty: ReadOnlyDoubleProperty [value: 1024.0]
00:08:16.138 [FXGL Background Thread 3 ] DEBUG Engine               - appIcon: fxgl_icon.png
00:08:16.138 [FXGL Background Thread 3 ] DEBUG Engine               - applicationMode: DEVELOPER
00:08:16.138 [FXGL Background Thread 3 ] DEBUG Engine               - cSSList: [fxgl_dark.css]
00:08:16.138 [FXGL Background Thread 3 ] DEBUG Engine               - collisionDetectionStrategy: BRUTE_FORCE
00:08:16.138 [FXGL Background Thread 3 ] DEBUG Engine               - configClass: Optional.empty
00:08:16.138 [FXGL Background Thread 3 ] DEBUG Engine               - credits: []
00:08:16.138 [FXGL Background Thread 3 ] DEBUG Engine               - defaultCursor: CursorInfo(imageName=fxgl_default_cursor.png, hotspotX=7.0, hotspotY=6.0)
00:08:16.138 [FXGL Background Thread 3 ] DEBUG Engine               - devBBoxColorProperty: ObjectProperty [value: 0xff0000ff]
00:08:16.138 [FXGL Background Thread 3 ] DEBUG Engine               - devEnableDebugCameraProperty: BooleanProperty [value: false]
00:08:16.138 [FXGL Background Thread 3 ] DEBUG Engine               - devSensorColorProperty: ObjectProperty [value: 0xffff00ff]
00:08:16.138 [FXGL Background Thread 3 ] DEBUG Engine               - devShowBBoxProperty: BooleanProperty [value: false]
00:08:16.138 [FXGL Background Thread 3 ] DEBUG Engine               - devShowPositionProperty: BooleanProperty [value: false]
00:08:16.138 [FXGL Background Thread 3 ] DEBUG Engine               - enabledMenuItems: []
00:08:16.138 [FXGL Background Thread 3 ] DEBUG Engine               - engineServices: [class com.almasb.fxgl.app.services.FXGLAssetLoaderService, class com.almasb.fxgl.app.FXGLApplication$GameApplicationService, class com.almasb.fxgl.app.services.FXGLDialogService, class com.almasb.fxgl.app.services.IOTaskExecutorService, class com.almasb.fxgl.io.FileSystemService, class com.almasb.fxgl.localization.LocalizationService, class com.almasb.fxgl.app.services.SystemBundleService, class com.almasb.fxgl.profile.SaveLoadService, class com.almasb.fxgl.ui.FXGLUIFactoryServiceProvider, class com.almasb.fxgl.ui.FXGLDialogFactoryServiceProvider, class com.almasb.fxgl.audio.AudioPlayer, class com.almasb.fxgl.notification.impl.NotificationServiceProvider, class com.almasb.fxgl.achievement.AchievementService, class com.almasb.fxgl.cutscene.CutsceneService, class com.almasb.fxgl.minigames.MiniGameService, class com.almasb.fxgl.net.NetService, class com.almasb.fxgl.app.services.UpdaterService, class com.almasb.fxgl.dev.DevService]
00:08:16.138 [FXGL Background Thread 3 ] DEBUG Engine               - fontGame: Abel-Regular.ttf
00:08:16.138 [FXGL Background Thread 3 ] DEBUG Engine               - fontMono: TerminalLandMono-Regular.otf
00:08:16.138 [FXGL Background Thread 3 ] DEBUG Engine               - fontSizeScaleUI: 1.0
00:08:16.139 [FXGL Background Thread 3 ] DEBUG Engine               - fontText: Courier-Prime.ttf
00:08:16.139 [FXGL Background Thread 3 ] DEBUG Engine               - fontUI: VarelaRound-Regular.ttf
00:08:16.139 [FXGL Background Thread 3 ] DEBUG Engine               - fullScreen: BooleanProperty [value: false]
00:08:16.139 [FXGL Background Thread 3 ] DEBUG Engine               - gameDifficulty: MEDIUM
00:08:16.139 [FXGL Background Thread 3 ] DEBUG Engine               - gameDifficultyProperty: ObjectProperty [value: MEDIUM]
00:08:16.139 [FXGL Background Thread 3 ] DEBUG Engine               - globalMusicVolume: 0.5
00:08:16.139 [FXGL Background Thread 3 ] DEBUG Engine               - globalMusicVolumeProperty: DoubleProperty [value: 0.5]
00:08:16.139 [FXGL Background Thread 3 ] DEBUG Engine               - globalSoundVolume: 0.5
00:08:16.139 [FXGL Background Thread 3 ] DEBUG Engine               - globalSoundVolumeProperty: DoubleProperty [value: 0.5]
00:08:16.139 [FXGL Background Thread 3 ] DEBUG Engine               - height: 768
00:08:16.139 [FXGL Background Thread 3 ] DEBUG Engine               - is3D: false
00:08:16.139 [FXGL Background Thread 3 ] DEBUG Engine               - isAndroid: false
00:08:16.139 [FXGL Background Thread 3 ] DEBUG Engine               - isBrowser: false
00:08:16.139 [FXGL Background Thread 3 ] DEBUG Engine               - isClickFeedbackEnabled: false
00:08:16.139 [FXGL Background Thread 3 ] DEBUG Engine               - isCloseConfirmation: false
00:08:16.139 [FXGL Background Thread 3 ] DEBUG Engine               - isDesktop: true
00:08:16.139 [FXGL Background Thread 3 ] DEBUG Engine               - isDeveloperMenuEnabled: false
00:08:16.139 [FXGL Background Thread 3 ] DEBUG Engine               - isEmbedded: false
00:08:16.139 [FXGL Background Thread 3 ] DEBUG Engine               - isEntityPreloadEnabled: true
00:08:16.139 [FXGL Background Thread 3 ] DEBUG Engine               - isExperimentalTiledLargeMap: false
00:08:16.139 [FXGL Background Thread 3 ] DEBUG Engine               - isFileSystemWriteAllowed: true
00:08:16.139 [FXGL Background Thread 3 ] DEBUG Engine               - isFullScreenAllowed: false
00:08:16.140 [FXGL Background Thread 3 ] DEBUG Engine               - isFullScreenFromStart: false
00:08:16.140 [FXGL Background Thread 3 ] DEBUG Engine               - isGameMenuEnabled: true
00:08:16.140 [FXGL Background Thread 3 ] DEBUG Engine               - isIOS: false
00:08:16.140 [FXGL Background Thread 3 ] DEBUG Engine               - isIntroEnabled: false
00:08:16.140 [FXGL Background Thread 3 ] DEBUG Engine               - isLinux: false
00:08:16.140 [FXGL Background Thread 3 ] DEBUG Engine               - isMac: false
00:08:16.140 [FXGL Background Thread 3 ] DEBUG Engine               - isMainMenuEnabled: false
00:08:16.140 [FXGL Background Thread 3 ] DEBUG Engine               - isManualResizeEnabled: false
00:08:16.140 [FXGL Background Thread 3 ] DEBUG Engine               - isMobile: false
00:08:16.140 [FXGL Background Thread 3 ] DEBUG Engine               - isNative: false
00:08:16.140 [FXGL Background Thread 3 ] DEBUG Engine               - isPauseMusicWhenMinimized: true
00:08:16.140 [FXGL Background Thread 3 ] DEBUG Engine               - isPreserveResizeRatio: false
00:08:16.140 [FXGL Background Thread 3 ] DEBUG Engine               - isProfilingEnabled: false
00:08:16.140 [FXGL Background Thread 3 ] DEBUG Engine               - isScaleAffectedOnResize: true
00:08:16.140 [FXGL Background Thread 3 ] DEBUG Engine               - isSingleStep: false
00:08:16.140 [FXGL Background Thread 3 ] DEBUG Engine               - isUserProfileEnabled: false
00:08:16.140 [FXGL Background Thread 3 ] DEBUG Engine               - isWindows: true
00:08:16.140 [FXGL Background Thread 3 ] DEBUG Engine               - language: ObjectProperty [value: ENGLISH]
00:08:16.140 [FXGL Background Thread 3 ] DEBUG Engine               - menuKey: ESCAPE
00:08:16.140 [FXGL Background Thread 3 ] DEBUG Engine               - mouseSensitivity: 0.2
00:08:16.140 [FXGL Background Thread 3 ] DEBUG Engine               - notificationViewClass: class com.almasb.fxgl.notification.view.XboxNotificationView
00:08:16.140 [FXGL Background Thread 3 ] DEBUG Engine               - pixelsPerMeter: 50.0
00:08:16.140 [FXGL Background Thread 3 ] DEBUG Engine               - platform: WINDOWS
00:08:16.141 [FXGL Background Thread 3 ] DEBUG Engine               - prefHeightProperty: ReadOnlyDoubleProperty [value: 768.0]
00:08:16.141 [FXGL Background Thread 3 ] DEBUG Engine               - prefWidthProperty: ReadOnlyDoubleProperty [value: 1024.0]
00:08:16.141 [FXGL Background Thread 3 ] DEBUG Engine               - profileDir: profiles/
00:08:16.141 [FXGL Background Thread 3 ] DEBUG Engine               - profileName: StringProperty [value: DEFAULT]
00:08:16.141 [FXGL Background Thread 3 ] DEBUG Engine               - randomSeed: -1
00:08:16.141 [FXGL Background Thread 3 ] DEBUG Engine               - runtimeInfo: RuntimeInfo(platform=WINDOWS, version=21, build=28.12.2023 13.35)
00:08:16.141 [FXGL Background Thread 3 ] DEBUG Engine               - saveFileExt: sav
00:08:16.141 [FXGL Background Thread 3 ] DEBUG Engine               - scaledHeightProp$fxgl: DoubleProperty [bound, value: 768.0]
00:08:16.141 [FXGL Background Thread 3 ] DEBUG Engine               - scaledWidthProp$fxgl: DoubleProperty [bound, value: 1024.0]
00:08:16.141 [FXGL Background Thread 3 ] DEBUG Engine               - sceneFactory: com.almasb.fxgl.app.scene.SceneFactory@50ab26
00:08:16.141 [FXGL Background Thread 3 ] DEBUG Engine               - secondsIn24h: 60
00:08:16.141 [FXGL Background Thread 3 ] DEBUG Engine               - soundMenuBack: menu/back.wav
00:08:16.141 [FXGL Background Thread 3 ] DEBUG Engine               - soundMenuPress: menu/press.wav
00:08:16.141 [FXGL Background Thread 3 ] DEBUG Engine               - soundMenuSelect: menu/select.wav
00:08:16.141 [FXGL Background Thread 3 ] DEBUG Engine               - soundNotification: core/notification.wav
00:08:16.141 [FXGL Background Thread 3 ] DEBUG Engine               - stageStyle: DECORATED
00:08:16.141 [FXGL Background Thread 3 ] DEBUG Engine               - supportedLanguages: [ENGLISH, FRENCH, GERMAN, HUNGARIAN, RUSSIAN]
00:08:16.141 [FXGL Background Thread 3 ] DEBUG Engine               - ticksPerSecond: -1
00:08:16.141 [FXGL Background Thread 3 ] DEBUG Engine               - title: Simulador de Batalla
00:08:16.141 [FXGL Background Thread 3 ] DEBUG Engine               - urlGithub: https://github.com/AlmasB/FXGL
00:08:16.141 [FXGL Background Thread 3 ] DEBUG Engine               - urlLeaderboard: http://fxgl-top.herokuapp.com/
00:08:16.141 [FXGL Background Thread 3 ] DEBUG Engine               - urlPOM: https://raw.githubusercontent.com/AlmasB/FXGL/release/README.md
00:08:16.142 [FXGL Background Thread 3 ] DEBUG Engine               - userAppClass: class Batalla.BattleSimulatorApp
00:08:16.142 [FXGL Background Thread 3 ] DEBUG Engine               - version: 1.0
00:08:16.142 [FXGL Background Thread 3 ] DEBUG Engine               - versionCheckDays: 7
00:08:16.142 [FXGL Background Thread 3 ] DEBUG Engine               - width: 1024
00:08:16.142 [FXGL Background Thread 3 ] DEBUG Engine               - Logging services
00:08:16.142 [FXGL Background Thread 3 ] DEBUG Engine               - class com.almasb.fxgl.app.services.FXGLAssetLoaderService
00:08:16.142 [FXGL Background Thread 3 ] DEBUG Engine               - class com.almasb.fxgl.app.FXGLApplication$GameApplicationService
00:08:16.142 [FXGL Background Thread 3 ] DEBUG Engine               - class com.almasb.fxgl.app.services.FXGLDialogService
00:08:16.142 [FXGL Background Thread 3 ] DEBUG Engine               - class com.almasb.fxgl.app.services.IOTaskExecutorService
00:08:16.142 [FXGL Background Thread 3 ] DEBUG Engine               - class com.almasb.fxgl.io.FileSystemService
00:08:16.142 [FXGL Background Thread 3 ] DEBUG Engine               - class com.almasb.fxgl.localization.LocalizationService
00:08:16.142 [FXGL Background Thread 3 ] DEBUG Engine               - class com.almasb.fxgl.app.services.SystemBundleService
00:08:16.142 [FXGL Background Thread 3 ] DEBUG Engine               - class com.almasb.fxgl.profile.SaveLoadService
00:08:16.142 [FXGL Background Thread 3 ] DEBUG Engine               - class com.almasb.fxgl.ui.FXGLUIFactoryServiceProvider
00:08:16.142 [FXGL Background Thread 3 ] DEBUG Engine               - class com.almasb.fxgl.ui.FXGLDialogFactoryServiceProvider
00:08:16.142 [FXGL Background Thread 3 ] DEBUG Engine               - class com.almasb.fxgl.audio.AudioPlayer
00:08:16.142 [FXGL Background Thread 3 ] DEBUG Engine               - class com.almasb.fxgl.notification.impl.NotificationServiceProvider
00:08:16.142 [FXGL Background Thread 3 ] DEBUG Engine               - class com.almasb.fxgl.achievement.AchievementService
00:08:16.142 [FXGL Background Thread 3 ] DEBUG Engine               - class com.almasb.fxgl.cutscene.CutsceneService
00:08:16.142 [FXGL Background Thread 3 ] DEBUG Engine               - class com.almasb.fxgl.minigames.MiniGameService
00:08:16.142 [FXGL Background Thread 3 ] DEBUG Engine               - class com.almasb.fxgl.net.NetService
00:08:16.142 [FXGL Background Thread 3 ] DEBUG Engine               - class com.almasb.fxgl.app.services.UpdaterService
00:08:16.142 [FXGL Background Thread 3 ] DEBUG Engine               - class com.almasb.fxgl.dev.DevService
00:08:17.484 [JavaFX Application Thread] DEBUG FXGLAssetLoaderServi - Loading from file system: file:/C:/Users/andy/OneDrive/Documentos/Proyecto_procesos/target/classes/assets/textures/coliseo.png
00:08:17.547 [JavaFX Application Thread] DEBUG FXGLAssetLoaderServi - Loading from file system: file:/C:/Users/andy/OneDrive/Documentos/Proyecto_procesos/target/classes/assets/textures/sprites/caballero/idle.png
00:08:17.554 [JavaFX Application Thread] DEBUG FXGLAssetLoaderServi - Loading from file system: file:/C:/Users/andy/OneDrive/Documentos/Proyecto_procesos/target/classes/assets/textures/sprites/caballero/ataque1.png
00:08:17.555 [JavaFX Application Thread] DEBUG FXGLAssetLoaderServi - Loading from file system: file:/C:/Users/andy/OneDrive/Documentos/Proyecto_procesos/target/classes/assets/textures/sprites/caballero/ataque2.png
00:08:17.557 [JavaFX Application Thread] DEBUG FXGLAssetLoaderServi - Loading from file system: file:/C:/Users/andy/OneDrive/Documentos/Proyecto_procesos/target/classes/assets/textures/sprites/caballero/hurt.png
00:08:17.558 [JavaFX Application Thread] DEBUG FXGLAssetLoaderServi - Loading from file system: file:/C:/Users/andy/OneDrive/Documentos/Proyecto_procesos/target/classes/assets/textures/sprites/caballero/defensa.png
00:08:17.560 [JavaFX Application Thread] DEBUG FXGLAssetLoaderServi - Loading from file system: file:/C:/Users/andy/OneDrive/Documentos/Proyecto_procesos/target/classes/assets/textures/sprites/caballero/correr.png
00:08:17.561 [JavaFX Application Thread] DEBUG FXGLAssetLoaderServi - Loading from file system: file:/C:/Users/andy/OneDrive/Documentos/Proyecto_procesos/target/classes/assets/textures/sprites/caballero/muerte.png
00:08:17.564 [JavaFX Application Thread] DEBUG FXGLAssetLoaderServi - Loading from file system: file:/C:/Users/andy/OneDrive/Documentos/Proyecto_procesos/target/classes/assets/textures/sprites/chino/idle.png
00:08:17.564 [JavaFX Application Thread] DEBUG FXGLAssetLoaderServi - Loading from file system: file:/C:/Users/andy/OneDrive/Documentos/Proyecto_procesos/target/classes/assets/textures/sprites/chino/ataque1.png
00:08:17.566 [JavaFX Application Thread] DEBUG FXGLAssetLoaderServi - Loading from file system: file:/C:/Users/andy/OneDrive/Documentos/Proyecto_procesos/target/classes/assets/textures/sprites/chino/ataque2.png
00:08:17.567 [JavaFX Application Thread] DEBUG FXGLAssetLoaderServi - Loading from file system: file:/C:/Users/andy/OneDrive/Documentos/Proyecto_procesos/target/classes/assets/textures/sprites/chino/hurt.png
00:08:17.569 [JavaFX Application Thread] DEBUG FXGLAssetLoaderServi - Loading from file system: file:/C:/Users/andy/OneDrive/Documentos/Proyecto_procesos/target/classes/assets/textures/sprites/chino/defensa.png
00:08:17.570 [JavaFX Application Thread] DEBUG FXGLAssetLoaderServi - Loading from file system: file:/C:/Users/andy/OneDrive/Documentos/Proyecto_procesos/target/classes/assets/textures/sprites/chino/correr.png
00:08:17.571 [JavaFX Application Thread] DEBUG FXGLAssetLoaderServi - Loading from file system: file:/C:/Users/andy/OneDrive/Documentos/Proyecto_procesos/target/classes/assets/textures/sprites/chino/muerte.png
00:08:32.755 [JavaFX Application Thread] DEBUG FXGLApplication      - Exiting FXGL
00:08:32.755 [JavaFX Application Thread] DEBUG LoopRunner           - Stopping loop
00:08:32.755 [JavaFX Application Thread] DEBUG SystemBundleService  - Saving FXGL system data
00:08:32.758 [JavaFX Application Thread] DEBUG FileSystemAccess     - Writing to: C:\Users\andy\OneDrive\Documentos\Proyecto_procesos\system\fxgl.bundle
00:08:32.760 [JavaFX Application Thread] DEBUG Async                - Shutting down background threads
00:08:32.760 [JavaFX Application Thread] DEBUG PrimaryStageWindow   - Closing main window
00:08:32.773 [JavaFX Application Thread] DEBUG Logger               - Closing Logger
