20:31:01.427 [main                     ] DEBUG Logger               - Configured Logger
20:31:01.437 [main                     ] DEBUG GameApplication      - Logging settings
Title: Simulador de Batalla
Version: 1.0
Width: 1024
Height: 768
Fullscreen: false
Intro: false
Profiling: false
Single step:false
App Mode: DEVELOPER
Menu Key: ESCAPE
Stage Style: DECORATED
Scene Factory: class com.almasb.fxgl.app.scene.SceneFactory

20:31:01.909 [JavaFX Application Thread] DEBUG FXGLApplication      - Initializing FXGL
20:31:01.912 [JavaFX Application Thread] INFO  Engine               - FXGL-21 (28.12.2023 13.35) on WINDOWS (J:24.0.2 FX:21.0.1)
20:31:01.912 [JavaFX Application Thread] DEBUG Engine               - JRE Vendor Name: Oracle Corporation
20:31:01.912 [JavaFX Application Thread] DEBUG Engine               - Running on OS: Windows 11 version 10.0
20:31:01.912 [JavaFX Application Thread] DEBUG Engine               - Architecture: amd64
20:31:01.912 [JavaFX Application Thread] INFO  Engine               - Source code and latest versions at: https://github.com/AlmasB/FXGL
20:31:01.913 [JavaFX Application Thread] INFO  Engine               -       Ask questions and discuss at: https://github.com/AlmasB/FXGL/discussions
20:31:01.913 [JavaFX Application Thread] INFO  Engine               -              Join the FXGL chat at: https://gitter.im/AlmasB/FXGL
20:31:02.003 [JavaFX Application Thread] DEBUG PrimaryStageWindow   - Creating a JavaFX scene
20:31:02.047 [JavaFX Application Thread] DEBUG PrimaryStageWindow   - Target settings size: 1024.0 x 768.0
20:31:02.047 [JavaFX Application Thread] DEBUG PrimaryStageWindow   - Scaled scene size:    1024.0 x 768.0
20:31:02.047 [JavaFX Application Thread] DEBUG PrimaryStageWindow   - Scaled ratio: (1.0, 1.0)
20:31:02.048 [JavaFX Application Thread] DEBUG PrimaryStageWindow   - Set initial scene to FXGLStartupScene
20:31:02.050 [JavaFX Application Thread] DEBUG PrimaryStageWindow   - Opening main window
20:31:02.124 [JavaFX Application Thread] DEBUG PrimaryStageWindow   - Window border size: (16.0, 39.0)
20:31:02.124 [JavaFX Application Thread] DEBUG PrimaryStageWindow   - Scaled size: 1024.0 x 768.0
20:31:02.124 [JavaFX Application Thread] DEBUG PrimaryStageWindow   - Scaled ratio: (1.0, 1.0)
20:31:02.124 [JavaFX Application Thread] DEBUG PrimaryStageWindow   - Scene size: 1024.0 x 768.0
20:31:02.125 [JavaFX Application Thread] DEBUG PrimaryStageWindow   - Stage size: 1040.0 x 807.0
20:31:02.132 [FXGL Background Thread 1 ] DEBUG Engine               - Initializing environment variables
20:31:02.188 [FXGL Background Thread 1 ] DEBUG FXGLAssetLoaderServi - User app class for loading assets: class Batalla.BattleSimulatorApp
20:31:02.188 [FXGL Background Thread 1 ] DEBUG GameApplicationServi - Applying CSS: fxgl_dark.css
20:31:02.189 [FXGL Background Thread 1 ] DEBUG FXGLAssetLoaderServi - Loading from file system: jar:file:/C:/Users/andy/.m2/repository/com/github/almasb/fxgl/21/fxgl-21.jar!/fxglassets/ui/css/fxgl_dark.css
20:31:02.228 [FXGL Background Thread 1 ] DEBUG GameApplicationServi - Initializing application scenes
20:31:02.266 [FXGL Background Thread 1 ] DEBUG GameWorld            - Game world initialized
20:31:02.317 [FXGL Background Thread 1 ] DEBUG PhysicsWorld         - Physics world initialized: appHeight=768, physics.ppm=50.0
20:31:02.317 [FXGL Background Thread 1 ] DEBUG PhysicsWorld         - Using strategy: BRUTE_FORCE
20:31:02.321 [FXGL Background Thread 1 ] DEBUG GameScene            - Game scene initialized: 1024x768
20:31:02.330 [FXGL Background Thread 1 ] DEBUG FXGL.DefaultMenu     - createMenuBodyGameMenu()
20:31:02.341 [FXGL Background Thread 1 ] DEBUG FXGL.DefaultMenu     - createOptionsMenu()
20:31:02.349 [FXGL Background Thread 1 ] DEBUG FXGLAssetLoaderServi - Loading from file system: jar:file:/C:/Users/andy/.m2/repository/com/github/almasb/fxgl/21/fxgl-21.jar!/fxglassets/textures/particles/smoke.png
20:31:02.429 [FXGL Background Thread 1 ] DEBUG FXGLAssetLoaderServi - Loading from file system: jar:file:/C:/Users/andy/.m2/repository/com/github/almasb/fxgl/21/fxgl-21.jar!/fxglassets/textures/particles/trace_horizontal.png
20:31:02.453 [FXGL Background Thread 1 ] DEBUG GameApplicationServi - Application scenes initialized
20:31:02.464 [FXGL Background Thread 1 ] DEBUG SystemBundleService  - Loading FXGL system data
20:31:02.467 [FXGL Background Thread 1 ] DEBUG FileSystemAccess     - Reading from: C:\Users\andy\OneDrive\Documentos\Proyecto_procesos\system\fxgl.bundle
20:31:02.473 [FXGL Background Thread 1 ] DEBUG SystemBundleService  - Bundle FXGL: {}
20:31:02.473 [FXGL Background Thread 1 ] DEBUG UpdaterService       - Checking for updates
20:31:02.478 [FXGL Background Thread 4 ] DEBUG FXGLApplication      - Loading fonts
20:31:02.478 [FXGL Background Thread 4 ] DEBUG FXGLAssetLoaderServi - Loading from file system: jar:file:/C:/Users/andy/.m2/repository/com/github/almasb/fxgl/21/fxgl-21.jar!/fxglassets/ui/fonts/VarelaRound-Regular.ttf
20:31:02.478 [FXGL Background Thread 1 ] DEBUG FXGLApplication      - Loading default localization
20:31:02.479 [FXGL Background Thread 1 ] DEBUG FXGLAssetLoaderServi - Loading from file system: jar:file:/C:/Users/andy/.m2/repository/com/github/almasb/fxgl/21/fxgl-21.jar!/fxglassets/languages/english.lang
20:31:02.501 [FXGL Background Thread 1 ] INFO  FXGLApplication      - FXGL initialization took: 0.369 sec
20:31:02.502 [JavaFX Application Thread] DEBUG FXGLAssetLoaderServi - Loading from file system: jar:file:/C:/Users/andy/.m2/repository/com/github/almasb/fxgl/21/fxgl-21.jar!/fxglassets/textures/fxgl_icon.png
20:31:02.519 [JavaFX Application Thread] DEBUG FXGLAssetLoaderServi - Loading from file system: jar:file:/C:/Users/andy/.m2/repository/com/github/almasb/fxgl/21/fxgl-21.jar!/fxglassets/textures/fxgl_default_cursor.png
20:31:02.525 [FXGL Background Thread 4 ] DEBUG FXGLAssetLoaderServi - Loading from file system: jar:file:/C:/Users/andy/.m2/repository/com/github/almasb/fxgl/21/fxgl-21.jar!/fxglassets/ui/fonts/Abel-Regular.ttf
20:31:02.529 [JavaFX Application Thread] DEBUG Input                - Registered new binding: Screenshot - CTRL+8
20:31:02.529 [JavaFX Application Thread] DEBUG Input                - Registered new binding: System info dump - CTRL+9
20:31:02.529 [FXGL Background Thread 4 ] DEBUG FXGLAssetLoaderServi - Loading from file system: jar:file:/C:/Users/andy/.m2/repository/com/github/almasb/fxgl/21/fxgl-21.jar!/fxglassets/ui/fonts/TerminalLandMono-Regular.otf
20:31:02.529 [JavaFX Application Thread] DEBUG Input                - Registered new binding: Restart - CTRL+R
20:31:02.530 [JavaFX Application Thread] DEBUG Input                - Registered new binding: Toggle Debug Camera - CTRL+7
20:31:02.532 [JavaFX Application Thread] DEBUG LoopRunner           - Starting loop
20:31:02.532 [JavaFX Application Thread] DEBUG LoopRunner           - Initializing JavaFX AnimationTimerLoop
20:31:02.533 [JavaFX Application Thread] DEBUG GameApplicationServi - Starting new game
20:31:02.534 [JavaFX Application Thread] DEBUG Input                - Clearing active input actions
20:31:02.534 [FXGL Background Thread 4 ] DEBUG FXGLAssetLoaderServi - Loading from file system: jar:file:/C:/Users/andy/.m2/repository/com/github/almasb/fxgl/21/fxgl-21.jar!/fxglassets/ui/fonts/Courier-Prime.ttf
20:31:02.542 [JavaFX Application Thread] DEBUG GameApplicationServi - Removing overlay from FXGLStartupScene and adding to FXGLLoadingScene
20:31:02.543 [JavaFX Application Thread] DEBUG PrimaryStageWindow   - FXGLStartupScene -> FXGLLoadingScene
20:31:02.543 [JavaFX Application Thread] DEBUG GameApplicationServi - Clearing previous game
20:31:02.543 [JavaFX Application Thread] DEBUG GameScene            - Clearing game scene
20:31:02.543 [JavaFX Application Thread] DEBUG GameWorld            - Clearing game world
20:31:02.543 [JavaFX Application Thread] DEBUG PhysicsWorld         - Clearing physics world
20:31:02.544 [FXGL Background Thread 1 ] DEBUG FXGLApplication      - Initializing game
20:31:02.547 [FXGL Background Thread 1 ] INFO  FXGLApplication      - Game initialization took: 0.004 sec
20:31:02.590 [JavaFX Application Thread] DEBUG Input                - Clearing active input actions
20:31:02.599 [JavaFX Application Thread] DEBUG GameApplicationServi - Removing overlay from FXGLLoadingScene and adding to GameScene
20:31:02.599 [JavaFX Application Thread] DEBUG PrimaryStageWindow   - FXGLLoadingScene -> GameScene
20:31:02.657 [JavaFX Application Thread] DEBUG FXGLApplication      - Registering font factories with UI factory
20:31:02.879 [FXGL Background Thread 2 ] INFO  UpdaterService       - Your current version:  21
20:31:02.879 [FXGL Background Thread 2 ] INFO  UpdaterService       - Latest stable version: 25
20:31:04.202 [JavaFX Application Thread] DEBUG FXGLAssetLoaderServi - Loading from file system: file:/C:/Users/andy/OneDrive/Documentos/Proyecto_procesos/target/classes/assets/textures/coliseo.png
20:31:04.261 [JavaFX Application Thread] DEBUG FXGLAssetLoaderServi - Loading from file system: file:/C:/Users/andy/OneDrive/Documentos/Proyecto_procesos/target/classes/assets/textures/sprites/panda/idle.png
20:31:04.270 [JavaFX Application Thread] DEBUG FXGLAssetLoaderServi - Loading from file system: file:/C:/Users/andy/OneDrive/Documentos/Proyecto_procesos/target/classes/assets/textures/sprites/panda/ataque1.png
20:31:04.272 [JavaFX Application Thread] DEBUG FXGLAssetLoaderServi - Loading from file system: file:/C:/Users/andy/OneDrive/Documentos/Proyecto_procesos/target/classes/assets/textures/sprites/panda/ataque2.png
20:31:04.276 [JavaFX Application Thread] DEBUG FXGLAssetLoaderServi - Loading from file system: file:/C:/Users/andy/OneDrive/Documentos/Proyecto_procesos/target/classes/assets/textures/sprites/panda/hurt.png
20:31:04.277 [JavaFX Application Thread] DEBUG FXGLAssetLoaderServi - Loading from file system: file:/C:/Users/andy/OneDrive/Documentos/Proyecto_procesos/target/classes/assets/textures/sprites/panda/defensa.png
20:31:04.279 [JavaFX Application Thread] DEBUG FXGLAssetLoaderServi - Loading from file system: file:/C:/Users/andy/OneDrive/Documentos/Proyecto_procesos/target/classes/assets/textures/sprites/panda/correr.png
20:31:04.280 [JavaFX Application Thread] DEBUG FXGLAssetLoaderServi - Loading from file system: file:/C:/Users/andy/OneDrive/Documentos/Proyecto_procesos/target/classes/assets/textures/sprites/panda/muerte.png
20:31:04.282 [JavaFX Application Thread] DEBUG FXGLAssetLoaderServi - Loading from file system: file:/C:/Users/andy/OneDrive/Documentos/Proyecto_procesos/target/classes/assets/textures/sprites/demon/idle.png
20:31:04.285 [JavaFX Application Thread] DEBUG FXGLAssetLoaderServi - Loading from file system: file:/C:/Users/andy/OneDrive/Documentos/Proyecto_procesos/target/classes/assets/textures/sprites/demon/ataque1.png
20:31:04.287 [JavaFX Application Thread] DEBUG FXGLAssetLoaderServi - Loading from file system: file:/C:/Users/andy/OneDrive/Documentos/Proyecto_procesos/target/classes/assets/textures/sprites/demon/ataque2.png
20:31:04.293 [JavaFX Application Thread] DEBUG FXGLAssetLoaderServi - Loading from file system: file:/C:/Users/andy/OneDrive/Documentos/Proyecto_procesos/target/classes/assets/textures/sprites/demon/hurt.png
20:31:04.294 [JavaFX Application Thread] DEBUG FXGLAssetLoaderServi - Loading from file system: file:/C:/Users/andy/OneDrive/Documentos/Proyecto_procesos/target/classes/assets/textures/sprites/demon/defensa.png
20:31:04.296 [JavaFX Application Thread] DEBUG FXGLAssetLoaderServi - Loading from file system: file:/C:/Users/andy/OneDrive/Documentos/Proyecto_procesos/target/classes/assets/textures/sprites/demon/correr.png
20:31:04.298 [JavaFX Application Thread] DEBUG FXGLAssetLoaderServi - Loading from file system: file:/C:/Users/andy/OneDrive/Documentos/Proyecto_procesos/target/classes/assets/textures/sprites/demon/muerte.png
20:31:05.476 [FXGL Background Thread 3 ] DEBUG Engine               - Logging environment variables
20:31:05.476 [FXGL Background Thread 3 ] DEBUG Engine               - achievements: []
20:31:05.476 [FXGL Background Thread 3 ] DEBUG Engine               - actualHeight: 768.0
20:31:05.476 [FXGL Background Thread 3 ] DEBUG Engine               - actualHeightProperty: ReadOnlyDoubleProperty [value: 768.0]
20:31:05.476 [FXGL Background Thread 3 ] DEBUG Engine               - actualWidth: 1024.0
20:31:05.476 [FXGL Background Thread 3 ] DEBUG Engine               - actualWidthProperty: ReadOnlyDoubleProperty [value: 1024.0]
20:31:05.476 [FXGL Background Thread 3 ] DEBUG Engine               - appIcon: fxgl_icon.png
20:31:05.476 [FXGL Background Thread 3 ] DEBUG Engine               - applicationMode: DEVELOPER
20:31:05.477 [FXGL Background Thread 3 ] DEBUG Engine               - cSSList: [fxgl_dark.css]
20:31:05.477 [FXGL Background Thread 3 ] DEBUG Engine               - collisionDetectionStrategy: BRUTE_FORCE
20:31:05.477 [FXGL Background Thread 3 ] DEBUG Engine               - configClass: Optional.empty
20:31:05.477 [FXGL Background Thread 3 ] DEBUG Engine               - credits: []
20:31:05.477 [FXGL Background Thread 3 ] DEBUG Engine               - defaultCursor: CursorInfo(imageName=fxgl_default_cursor.png, hotspotX=7.0, hotspotY=6.0)
20:31:05.477 [FXGL Background Thread 3 ] DEBUG Engine               - devBBoxColorProperty: ObjectProperty [value: 0xff0000ff]
20:31:05.477 [FXGL Background Thread 3 ] DEBUG Engine               - devEnableDebugCameraProperty: BooleanProperty [value: false]
20:31:05.477 [FXGL Background Thread 3 ] DEBUG Engine               - devSensorColorProperty: ObjectProperty [value: 0xffff00ff]
20:31:05.477 [FXGL Background Thread 3 ] DEBUG Engine               - devShowBBoxProperty: BooleanProperty [value: false]
20:31:05.477 [FXGL Background Thread 3 ] DEBUG Engine               - devShowPositionProperty: BooleanProperty [value: false]
20:31:05.477 [FXGL Background Thread 3 ] DEBUG Engine               - enabledMenuItems: []
20:31:05.477 [FXGL Background Thread 3 ] DEBUG Engine               - engineServices: [class com.almasb.fxgl.app.services.FXGLAssetLoaderService, class com.almasb.fxgl.app.FXGLApplication$GameApplicationService, class com.almasb.fxgl.app.services.FXGLDialogService, class com.almasb.fxgl.app.services.IOTaskExecutorService, class com.almasb.fxgl.io.FileSystemService, class com.almasb.fxgl.localization.LocalizationService, class com.almasb.fxgl.app.services.SystemBundleService, class com.almasb.fxgl.profile.SaveLoadService, class com.almasb.fxgl.ui.FXGLUIFactoryServiceProvider, class com.almasb.fxgl.ui.FXGLDialogFactoryServiceProvider, class com.almasb.fxgl.audio.AudioPlayer, class com.almasb.fxgl.notification.impl.NotificationServiceProvider, class com.almasb.fxgl.achievement.AchievementService, class com.almasb.fxgl.cutscene.CutsceneService, class com.almasb.fxgl.minigames.MiniGameService, class com.almasb.fxgl.net.NetService, class com.almasb.fxgl.app.services.UpdaterService, class com.almasb.fxgl.dev.DevService]
20:31:05.477 [FXGL Background Thread 3 ] DEBUG Engine               - fontGame: Abel-Regular.ttf
20:31:05.477 [FXGL Background Thread 3 ] DEBUG Engine               - fontMono: TerminalLandMono-Regular.otf
20:31:05.477 [FXGL Background Thread 3 ] DEBUG Engine               - fontSizeScaleUI: 1.0
20:31:05.477 [FXGL Background Thread 3 ] DEBUG Engine               - fontText: Courier-Prime.ttf
20:31:05.477 [FXGL Background Thread 3 ] DEBUG Engine               - fontUI: VarelaRound-Regular.ttf
20:31:05.477 [FXGL Background Thread 3 ] DEBUG Engine               - fullScreen: BooleanProperty [value: false]
20:31:05.477 [FXGL Background Thread 3 ] DEBUG Engine               - gameDifficulty: MEDIUM
20:31:05.477 [FXGL Background Thread 3 ] DEBUG Engine               - gameDifficultyProperty: ObjectProperty [value: MEDIUM]
20:31:05.477 [FXGL Background Thread 3 ] DEBUG Engine               - globalMusicVolume: 0.5
20:31:05.478 [FXGL Background Thread 3 ] DEBUG Engine               - globalMusicVolumeProperty: DoubleProperty [value: 0.5]
20:31:05.478 [FXGL Background Thread 3 ] DEBUG Engine               - globalSoundVolume: 0.5
20:31:05.478 [FXGL Background Thread 3 ] DEBUG Engine               - globalSoundVolumeProperty: DoubleProperty [value: 0.5]
20:31:05.478 [FXGL Background Thread 3 ] DEBUG Engine               - height: 768
20:31:05.478 [FXGL Background Thread 3 ] DEBUG Engine               - is3D: false
20:31:05.478 [FXGL Background Thread 3 ] DEBUG Engine               - isAndroid: false
20:31:05.478 [FXGL Background Thread 3 ] DEBUG Engine               - isBrowser: false
20:31:05.478 [FXGL Background Thread 3 ] DEBUG Engine               - isClickFeedbackEnabled: false
20:31:05.478 [FXGL Background Thread 3 ] DEBUG Engine               - isCloseConfirmation: false
20:31:05.478 [FXGL Background Thread 3 ] DEBUG Engine               - isDesktop: true
20:31:05.478 [FXGL Background Thread 3 ] DEBUG Engine               - isDeveloperMenuEnabled: false
20:31:05.478 [FXGL Background Thread 3 ] DEBUG Engine               - isEmbedded: false
20:31:05.478 [FXGL Background Thread 3 ] DEBUG Engine               - isEntityPreloadEnabled: true
20:31:05.478 [FXGL Background Thread 3 ] DEBUG Engine               - isExperimentalTiledLargeMap: false
20:31:05.478 [FXGL Background Thread 3 ] DEBUG Engine               - isFileSystemWriteAllowed: true
20:31:05.478 [FXGL Background Thread 3 ] DEBUG Engine               - isFullScreenAllowed: false
20:31:05.478 [FXGL Background Thread 3 ] DEBUG Engine               - isFullScreenFromStart: false
20:31:05.478 [FXGL Background Thread 3 ] DEBUG Engine               - isGameMenuEnabled: true
20:31:05.478 [FXGL Background Thread 3 ] DEBUG Engine               - isIOS: false
20:31:05.478 [FXGL Background Thread 3 ] DEBUG Engine               - isIntroEnabled: false
20:31:05.478 [FXGL Background Thread 3 ] DEBUG Engine               - isLinux: false
20:31:05.478 [FXGL Background Thread 3 ] DEBUG Engine               - isMac: false
20:31:05.478 [FXGL Background Thread 3 ] DEBUG Engine               - isMainMenuEnabled: false
20:31:05.478 [FXGL Background Thread 3 ] DEBUG Engine               - isManualResizeEnabled: false
20:31:05.478 [FXGL Background Thread 3 ] DEBUG Engine               - isMobile: false
20:31:05.478 [FXGL Background Thread 3 ] DEBUG Engine               - isNative: false
20:31:05.478 [FXGL Background Thread 3 ] DEBUG Engine               - isPauseMusicWhenMinimized: true
20:31:05.479 [FXGL Background Thread 3 ] DEBUG Engine               - isPreserveResizeRatio: false
20:31:05.479 [FXGL Background Thread 3 ] DEBUG Engine               - isProfilingEnabled: false
20:31:05.479 [FXGL Background Thread 3 ] DEBUG Engine               - isScaleAffectedOnResize: true
20:31:05.479 [FXGL Background Thread 3 ] DEBUG Engine               - isSingleStep: false
20:31:05.479 [FXGL Background Thread 3 ] DEBUG Engine               - isUserProfileEnabled: false
20:31:05.479 [FXGL Background Thread 3 ] DEBUG Engine               - isWindows: true
20:31:05.479 [FXGL Background Thread 3 ] DEBUG Engine               - language: ObjectProperty [value: ENGLISH]
20:31:05.479 [FXGL Background Thread 3 ] DEBUG Engine               - menuKey: ESCAPE
20:31:05.479 [FXGL Background Thread 3 ] DEBUG Engine               - mouseSensitivity: 0.2
20:31:05.479 [FXGL Background Thread 3 ] DEBUG Engine               - notificationViewClass: class com.almasb.fxgl.notification.view.XboxNotificationView
20:31:05.479 [FXGL Background Thread 3 ] DEBUG Engine               - pixelsPerMeter: 50.0
20:31:05.479 [FXGL Background Thread 3 ] DEBUG Engine               - platform: WINDOWS
20:31:05.479 [FXGL Background Thread 3 ] DEBUG Engine               - prefHeightProperty: ReadOnlyDoubleProperty [value: 768.0]
20:31:05.479 [FXGL Background Thread 3 ] DEBUG Engine               - prefWidthProperty: ReadOnlyDoubleProperty [value: 1024.0]
20:31:05.479 [FXGL Background Thread 3 ] DEBUG Engine               - profileDir: profiles/
20:31:05.479 [FXGL Background Thread 3 ] DEBUG Engine               - profileName: StringProperty [value: DEFAULT]
20:31:05.479 [FXGL Background Thread 3 ] DEBUG Engine               - randomSeed: -1
20:31:05.479 [FXGL Background Thread 3 ] DEBUG Engine               - runtimeInfo: RuntimeInfo(platform=WINDOWS, version=21, build=28.12.2023 13.35)
20:31:05.479 [FXGL Background Thread 3 ] DEBUG Engine               - saveFileExt: sav
20:31:05.479 [FXGL Background Thread 3 ] DEBUG Engine               - scaledHeightProp$fxgl: DoubleProperty [bound, value: 768.0]
20:31:05.479 [FXGL Background Thread 3 ] DEBUG Engine               - scaledWidthProp$fxgl: DoubleProperty [bound, value: 1024.0]
20:31:05.479 [FXGL Background Thread 3 ] DEBUG Engine               - sceneFactory: com.almasb.fxgl.app.scene.SceneFactory@5d7a52e1
20:31:05.479 [FXGL Background Thread 3 ] DEBUG Engine               - secondsIn24h: 60
20:31:05.479 [FXGL Background Thread 3 ] DEBUG Engine               - soundMenuBack: menu/back.wav
20:31:05.479 [FXGL Background Thread 3 ] DEBUG Engine               - soundMenuPress: menu/press.wav
20:31:05.480 [FXGL Background Thread 3 ] DEBUG Engine               - soundMenuSelect: menu/select.wav
20:31:05.480 [FXGL Background Thread 3 ] DEBUG Engine               - soundNotification: core/notification.wav
20:31:05.480 [FXGL Background Thread 3 ] DEBUG Engine               - stageStyle: DECORATED
20:31:05.480 [FXGL Background Thread 3 ] DEBUG Engine               - supportedLanguages: [ENGLISH, FRENCH, GERMAN, HUNGARIAN, RUSSIAN]
20:31:05.480 [FXGL Background Thread 3 ] DEBUG Engine               - ticksPerSecond: -1
20:31:05.480 [FXGL Background Thread 3 ] DEBUG Engine               - title: Simulador de Batalla
20:31:05.480 [FXGL Background Thread 3 ] DEBUG Engine               - urlGithub: https://github.com/AlmasB/FXGL
20:31:05.480 [FXGL Background Thread 3 ] DEBUG Engine               - urlLeaderboard: http://fxgl-top.herokuapp.com/
20:31:05.480 [FXGL Background Thread 3 ] DEBUG Engine               - urlPOM: https://raw.githubusercontent.com/AlmasB/FXGL/release/README.md
20:31:05.480 [FXGL Background Thread 3 ] DEBUG Engine               - userAppClass: class Batalla.BattleSimulatorApp
20:31:05.480 [FXGL Background Thread 3 ] DEBUG Engine               - version: 1.0
20:31:05.480 [FXGL Background Thread 3 ] DEBUG Engine               - versionCheckDays: 7
20:31:05.480 [FXGL Background Thread 3 ] DEBUG Engine               - width: 1024
20:31:05.480 [FXGL Background Thread 3 ] DEBUG Engine               - Logging services
20:31:05.480 [FXGL Background Thread 3 ] DEBUG Engine               - class com.almasb.fxgl.app.services.FXGLAssetLoaderService
20:31:05.480 [FXGL Background Thread 3 ] DEBUG Engine               - class com.almasb.fxgl.app.FXGLApplication$GameApplicationService
20:31:05.480 [FXGL Background Thread 3 ] DEBUG Engine               - class com.almasb.fxgl.app.services.FXGLDialogService
20:31:05.480 [FXGL Background Thread 3 ] DEBUG Engine               - class com.almasb.fxgl.app.services.IOTaskExecutorService
20:31:05.480 [FXGL Background Thread 3 ] DEBUG Engine               - class com.almasb.fxgl.io.FileSystemService
20:31:05.480 [FXGL Background Thread 3 ] DEBUG Engine               - class com.almasb.fxgl.localization.LocalizationService
20:31:05.480 [FXGL Background Thread 3 ] DEBUG Engine               - class com.almasb.fxgl.app.services.SystemBundleService
20:31:05.480 [FXGL Background Thread 3 ] DEBUG Engine               - class com.almasb.fxgl.profile.SaveLoadService
20:31:05.480 [FXGL Background Thread 3 ] DEBUG Engine               - class com.almasb.fxgl.ui.FXGLUIFactoryServiceProvider
20:31:05.480 [FXGL Background Thread 3 ] DEBUG Engine               - class com.almasb.fxgl.ui.FXGLDialogFactoryServiceProvider
20:31:05.480 [FXGL Background Thread 3 ] DEBUG Engine               - class com.almasb.fxgl.audio.AudioPlayer
20:31:05.480 [FXGL Background Thread 3 ] DEBUG Engine               - class com.almasb.fxgl.notification.impl.NotificationServiceProvider
20:31:05.480 [FXGL Background Thread 3 ] DEBUG Engine               - class com.almasb.fxgl.achievement.AchievementService
20:31:05.480 [FXGL Background Thread 3 ] DEBUG Engine               - class com.almasb.fxgl.cutscene.CutsceneService
20:31:05.480 [FXGL Background Thread 3 ] DEBUG Engine               - class com.almasb.fxgl.minigames.MiniGameService
20:31:05.480 [FXGL Background Thread 3 ] DEBUG Engine               - class com.almasb.fxgl.net.NetService
20:31:05.480 [FXGL Background Thread 3 ] DEBUG Engine               - class com.almasb.fxgl.app.services.UpdaterService
20:31:05.480 [FXGL Background Thread 3 ] DEBUG Engine               - class com.almasb.fxgl.dev.DevService
20:32:09.864 [JavaFX Application Thread] DEBUG FXGLAssetLoaderServi - Loading from file system: file:/C:/Users/andy/OneDrive/Documentos/Proyecto_procesos/target/classes/assets/textures/sprites/ninja/idle.png
20:32:09.865 [JavaFX Application Thread] DEBUG FXGLAssetLoaderServi - Loading from file system: file:/C:/Users/andy/OneDrive/Documentos/Proyecto_procesos/target/classes/assets/textures/sprites/ninja/ataque1.png
20:32:09.866 [JavaFX Application Thread] DEBUG FXGLAssetLoaderServi - Loading from file system: file:/C:/Users/andy/OneDrive/Documentos/Proyecto_procesos/target/classes/assets/textures/sprites/ninja/ataque2.png
20:32:09.867 [JavaFX Application Thread] DEBUG FXGLAssetLoaderServi - Loading from file system: file:/C:/Users/andy/OneDrive/Documentos/Proyecto_procesos/target/classes/assets/textures/sprites/ninja/hurt.png
20:32:09.868 [JavaFX Application Thread] DEBUG FXGLAssetLoaderServi - Loading from file system: file:/C:/Users/andy/OneDrive/Documentos/Proyecto_procesos/target/classes/assets/textures/sprites/ninja/defensa.png
20:32:09.869 [JavaFX Application Thread] DEBUG FXGLAssetLoaderServi - Loading from file system: file:/C:/Users/andy/OneDrive/Documentos/Proyecto_procesos/target/classes/assets/textures/sprites/ninja/correr.png
20:32:09.870 [JavaFX Application Thread] DEBUG FXGLAssetLoaderServi - Loading from file system: file:/C:/Users/andy/OneDrive/Documentos/Proyecto_procesos/target/classes/assets/textures/sprites/ninja/muerte.png
20:32:09.878 [JavaFX Application Thread] DEBUG FXGLAssetLoaderServi - Loading from file system: file:/C:/Users/andy/OneDrive/Documentos/Proyecto_procesos/target/classes/assets/textures/sprites/caballero/idle.png
20:32:09.880 [JavaFX Application Thread] DEBUG FXGLAssetLoaderServi - Loading from file system: file:/C:/Users/andy/OneDrive/Documentos/Proyecto_procesos/target/classes/assets/textures/sprites/caballero/ataque1.png
20:32:09.881 [JavaFX Application Thread] DEBUG FXGLAssetLoaderServi - Loading from file system: file:/C:/Users/andy/OneDrive/Documentos/Proyecto_procesos/target/classes/assets/textures/sprites/caballero/ataque2.png
20:32:09.881 [JavaFX Application Thread] DEBUG FXGLAssetLoaderServi - Loading from file system: file:/C:/Users/andy/OneDrive/Documentos/Proyecto_procesos/target/classes/assets/textures/sprites/caballero/hurt.png
20:32:09.882 [JavaFX Application Thread] DEBUG FXGLAssetLoaderServi - Loading from file system: file:/C:/Users/andy/OneDrive/Documentos/Proyecto_procesos/target/classes/assets/textures/sprites/caballero/defensa.png
20:32:09.883 [JavaFX Application Thread] DEBUG FXGLAssetLoaderServi - Loading from file system: file:/C:/Users/andy/OneDrive/Documentos/Proyecto_procesos/target/classes/assets/textures/sprites/caballero/correr.png
20:32:09.884 [JavaFX Application Thread] DEBUG FXGLAssetLoaderServi - Loading from file system: file:/C:/Users/andy/OneDrive/Documentos/Proyecto_procesos/target/classes/assets/textures/sprites/caballero/muerte.png
20:32:29.053 [JavaFX Application Thread] DEBUG FXGLAssetLoaderServi - Loading from file system: file:/C:/Users/andy/OneDrive/Documentos/Proyecto_procesos/target/classes/assets/textures/sprites/chino/idle.png
20:32:29.055 [JavaFX Application Thread] DEBUG FXGLAssetLoaderServi - Loading from file system: file:/C:/Users/andy/OneDrive/Documentos/Proyecto_procesos/target/classes/assets/textures/sprites/chino/ataque1.png
20:32:29.056 [JavaFX Application Thread] DEBUG FXGLAssetLoaderServi - Loading from file system: file:/C:/Users/andy/OneDrive/Documentos/Proyecto_procesos/target/classes/assets/textures/sprites/chino/ataque2.png
20:32:29.056 [JavaFX Application Thread] DEBUG FXGLAssetLoaderServi - Loading from file system: file:/C:/Users/andy/OneDrive/Documentos/Proyecto_procesos/target/classes/assets/textures/sprites/chino/hurt.png
20:32:29.057 [JavaFX Application Thread] DEBUG FXGLAssetLoaderServi - Loading from file system: file:/C:/Users/andy/OneDrive/Documentos/Proyecto_procesos/target/classes/assets/textures/sprites/chino/defensa.png
20:32:29.058 [JavaFX Application Thread] DEBUG FXGLAssetLoaderServi - Loading from file system: file:/C:/Users/andy/OneDrive/Documentos/Proyecto_procesos/target/classes/assets/textures/sprites/chino/correr.png
20:32:29.059 [JavaFX Application Thread] DEBUG FXGLAssetLoaderServi - Loading from file system: file:/C:/Users/andy/OneDrive/Documentos/Proyecto_procesos/target/classes/assets/textures/sprites/chino/muerte.png
20:33:27.074 [JavaFX Application Thread] DEBUG FXGLApplication      - Exiting FXGL
20:33:27.074 [JavaFX Application Thread] DEBUG LoopRunner           - Stopping loop
20:33:27.074 [JavaFX Application Thread] DEBUG SystemBundleService  - Saving FXGL system data
20:33:27.077 [JavaFX Application Thread] DEBUG FileSystemAccess     - Writing to: C:\Users\andy\OneDrive\Documentos\Proyecto_procesos\system\fxgl.bundle
20:33:27.078 [JavaFX Application Thread] DEBUG Async                - Shutting down background threads
20:33:27.079 [JavaFX Application Thread] DEBUG PrimaryStageWindow   - Closing main window
20:33:27.099 [JavaFX Application Thread] DEBUG Logger               - Closing Logger
