23:58:47.779 [main                     ] DEBUG Logger               - Configured Logger
23:58:47.814 [main                     ] DEBUG GameApplication      - Logging settings
Title: Simulador de Batalla
Version: 1.0
Width: 1024
Height: 768
Fullscreen: false
Intro: false
Profiling: false
Single step:false
App Mode: DEVELOPER
Menu Key: ESCAPE
Stage Style: DECORATED
Scene Factory: class com.almasb.fxgl.app.scene.SceneFactory

23:58:48.578 [JavaFX Application Thread] DEBUG FXGLApplication      - Initializing FXGL
23:58:48.593 [JavaFX Application Thread] INFO  Engine               - FXGL-21 (28.12.2023 13.35) on WINDOWS (J:21.0.10 FX:21.0.1)
23:58:48.594 [JavaFX Application Thread] DEBUG Engine               - JRE Vendor Name: Eclipse Adoptium
23:58:48.594 [JavaFX Application Thread] DEBUG Engine               - Running on OS: Windows 11 version 10.0
23:58:48.594 [JavaFX Application Thread] DEBUG Engine               - Architecture: amd64
23:58:48.595 [JavaFX Application Thread] INFO  Engine               - Source code and latest versions at: https://github.com/AlmasB/FXGL
23:58:48.595 [JavaFX Application Thread] INFO  Engine               -       Ask questions and discuss at: https://github.com/AlmasB/FXGL/discussions
23:58:48.596 [JavaFX Application Thread] INFO  Engine               -              Join the FXGL chat at: https://gitter.im/AlmasB/FXGL
23:58:48.801 [JavaFX Application Thread] DEBUG PrimaryStageWindow   - Creating a JavaFX scene
23:58:48.929 [JavaFX Application Thread] DEBUG PrimaryStageWindow   - Target settings size: 1024.0 x 768.0
23:58:48.930 [JavaFX Application Thread] DEBUG PrimaryStageWindow   - Scaled scene size:    1024.0 x 768.0
23:58:48.930 [JavaFX Application Thread] DEBUG PrimaryStageWindow   - Scaled ratio: (1.0, 1.0)
23:58:48.933 [JavaFX Application Thread] DEBUG PrimaryStageWindow   - Set initial scene to FXGLStartupScene
23:58:48.941 [JavaFX Application Thread] DEBUG PrimaryStageWindow   - Opening main window
23:58:49.216 [JavaFX Application Thread] DEBUG PrimaryStageWindow   - Window border size: (14.4000244140625, 37.5999755859375)
23:58:49.217 [JavaFX Application Thread] DEBUG PrimaryStageWindow   - Scaled size: 1024.0 x 768.0
23:58:49.218 [JavaFX Application Thread] DEBUG PrimaryStageWindow   - Scaled ratio: (1.0, 1.0)
23:58:49.219 [JavaFX Application Thread] DEBUG PrimaryStageWindow   - Scene size: 1024.0 x 768.0
23:58:49.220 [JavaFX Application Thread] DEBUG PrimaryStageWindow   - Stage size: 1038.4000244140625 x 805.5999755859375
23:58:49.242 [FXGL Background Thread 1 ] DEBUG Engine               - Initializing environment variables
23:58:49.390 [FXGL Background Thread 1 ] DEBUG FXGLAssetLoaderServi - User app class for loading assets: class Batalla.BattleSimulatorApp
23:58:49.391 [FXGL Background Thread 1 ] DEBUG GameApplicationServi - Applying CSS: fxgl_dark.css
23:58:49.393 [FXGL Background Thread 1 ] DEBUG FXGLAssetLoaderServi - Loading from file system: jar:file:/C:/Users/jdani/.m2/repository/com/github/almasb/fxgl/21/fxgl-21.jar!/fxglassets/ui/css/fxgl_dark.css
23:58:49.507 [FXGL Background Thread 1 ] DEBUG GameApplicationServi - Initializing application scenes
23:58:49.594 [FXGL Background Thread 1 ] DEBUG GameWorld            - Game world initialized
23:58:49.780 [FXGL Background Thread 1 ] DEBUG PhysicsWorld         - Physics world initialized: appHeight=768, physics.ppm=50,0
23:58:49.781 [FXGL Background Thread 1 ] DEBUG PhysicsWorld         - Using strategy: BRUTE_FORCE
23:58:49.789 [FXGL Background Thread 1 ] DEBUG GameScene            - Game scene initialized: 1024x768
23:58:49.818 [FXGL Background Thread 1 ] DEBUG FXGL.DefaultMenu     - createMenuBodyGameMenu()
23:58:49.848 [FXGL Background Thread 1 ] DEBUG FXGL.DefaultMenu     - createOptionsMenu()
23:58:49.871 [FXGL Background Thread 1 ] DEBUG FXGLAssetLoaderServi - Loading from file system: jar:file:/C:/Users/jdani/.m2/repository/com/github/almasb/fxgl/21/fxgl-21.jar!/fxglassets/textures/particles/smoke.png
23:58:50.158 [FXGL Background Thread 1 ] DEBUG FXGLAssetLoaderServi - Loading from file system: jar:file:/C:/Users/jdani/.m2/repository/com/github/almasb/fxgl/21/fxgl-21.jar!/fxglassets/textures/particles/trace_horizontal.png
23:58:50.256 [FXGL Background Thread 1 ] DEBUG GameApplicationServi - Application scenes initialized
23:58:50.283 [FXGL Background Thread 1 ] DEBUG SystemBundleService  - Loading FXGL system data
23:58:50.295 [FXGL Background Thread 1 ] DEBUG FileSystemAccess     - Reading from: C:\Users\jdani\Documents\5toSemestreIngSoftware\IngenieriaProcesos\Programas\proyecto_procesos\system\fxgl.bundle
23:58:50.315 [FXGL Background Thread 1 ] DEBUG SystemBundleService  - Bundle FXGL: {}
23:58:50.316 [FXGL Background Thread 1 ] DEBUG UpdaterService       - Checking for updates
23:58:50.328 [FXGL Background Thread 1 ] DEBUG FXGLApplication      - Loading default localization
23:58:50.330 [FXGL Background Thread 1 ] DEBUG FXGLAssetLoaderServi - Loading from file system: jar:file:/C:/Users/jdani/.m2/repository/com/github/almasb/fxgl/21/fxgl-21.jar!/fxglassets/languages/english.lang
23:58:50.334 [FXGL Background Thread 4 ] DEBUG FXGLApplication      - Loading fonts
23:58:50.337 [FXGL Background Thread 4 ] DEBUG FXGLAssetLoaderServi - Loading from file system: jar:file:/C:/Users/jdani/.m2/repository/com/github/almasb/fxgl/21/fxgl-21.jar!/fxglassets/ui/fonts/VarelaRound-Regular.ttf
23:58:50.474 [FXGL Background Thread 1 ] INFO  FXGLApplication      - FXGL initialization took: 1,232 sec
23:58:50.478 [JavaFX Application Thread] DEBUG FXGLAssetLoaderServi - Loading from file system: jar:file:/C:/Users/jdani/.m2/repository/com/github/almasb/fxgl/21/fxgl-21.jar!/fxglassets/textures/fxgl_icon.png
23:58:50.501 [FXGL Background Thread 4 ] DEBUG FXGLAssetLoaderServi - Loading from file system: jar:file:/C:/Users/jdani/.m2/repository/com/github/almasb/fxgl/21/fxgl-21.jar!/fxglassets/ui/fonts/Abel-Regular.ttf
23:58:50.528 [JavaFX Application Thread] DEBUG FXGLAssetLoaderServi - Loading from file system: jar:file:/C:/Users/jdani/.m2/repository/com/github/almasb/fxgl/21/fxgl-21.jar!/fxglassets/textures/fxgl_default_cursor.png
23:58:50.539 [FXGL Background Thread 4 ] DEBUG FXGLAssetLoaderServi - Loading from file system: jar:file:/C:/Users/jdani/.m2/repository/com/github/almasb/fxgl/21/fxgl-21.jar!/fxglassets/ui/fonts/TerminalLandMono-Regular.otf
23:58:50.570 [JavaFX Application Thread] DEBUG Input                - Registered new binding: Screenshot - CTRL+8
23:58:50.571 [FXGL Background Thread 4 ] DEBUG FXGLAssetLoaderServi - Loading from file system: jar:file:/C:/Users/jdani/.m2/repository/com/github/almasb/fxgl/21/fxgl-21.jar!/fxglassets/ui/fonts/Courier-Prime.ttf
23:58:50.571 [JavaFX Application Thread] DEBUG Input                - Registered new binding: System info dump - CTRL+9
23:58:50.572 [JavaFX Application Thread] DEBUG Input                - Registered new binding: Restart - CTRL+R
23:58:50.574 [JavaFX Application Thread] DEBUG Input                - Registered new binding: Toggle Debug Camera - CTRL+7
23:58:50.586 [JavaFX Application Thread] DEBUG LoopRunner           - Starting loop
23:58:50.586 [JavaFX Application Thread] DEBUG LoopRunner           - Initializing JavaFX AnimationTimerLoop
23:58:50.595 [JavaFX Application Thread] DEBUG GameApplicationServi - Starting new game
23:58:50.597 [JavaFX Application Thread] DEBUG Input                - Clearing active input actions
23:58:50.631 [JavaFX Application Thread] DEBUG GameApplicationServi - Removing overlay from FXGLStartupScene and adding to FXGLLoadingScene
23:58:50.632 [JavaFX Application Thread] DEBUG PrimaryStageWindow   - FXGLStartupScene -> FXGLLoadingScene
23:58:50.632 [JavaFX Application Thread] DEBUG GameApplicationServi - Clearing previous game
23:58:50.632 [JavaFX Application Thread] DEBUG GameScene            - Clearing game scene
23:58:50.632 [JavaFX Application Thread] DEBUG GameWorld            - Clearing game world
23:58:50.633 [JavaFX Application Thread] DEBUG PhysicsWorld         - Clearing physics world
23:58:50.638 [FXGL Background Thread 4 ] DEBUG FXGLApplication      - Initializing game
23:58:50.638 [JavaFX Application Thread] DEBUG FXGLApplication      - Registering font factories with UI factory
23:58:50.714 [FXGL Background Thread 4 ] INFO  FXGLApplication      - Game initialization took: 0,076 sec
23:58:50.766 [JavaFX Application Thread] DEBUG Input                - Clearing active input actions
23:58:50.801 [JavaFX Application Thread] DEBUG GameApplicationServi - Removing overlay from FXGLLoadingScene and adding to GameScene
23:58:50.801 [JavaFX Application Thread] DEBUG PrimaryStageWindow   - FXGLLoadingScene -> GameScene
23:58:51.453 [FXGL Background Thread 2 ] INFO  UpdaterService       - Your current version:  21
23:58:51.454 [FXGL Background Thread 2 ] INFO  UpdaterService       - Latest stable version: 25
23:58:52.012 [JavaFX Application Thread] DEBUG FXGLAssetLoaderServi - Loading from file system: file:/C:/Users/jdani/Documents/5toSemestreIngSoftware/IngenieriaProcesos/Programas/Proyecto_procesos/target/classes/assets/textures/sprites/caballero/idle.png
23:58:52.037 [JavaFX Application Thread] DEBUG FXGLAssetLoaderServi - Loading from file system: file:/C:/Users/jdani/Documents/5toSemestreIngSoftware/IngenieriaProcesos/Programas/Proyecto_procesos/target/classes/assets/textures/sprites/caballero/ataque1.png
23:58:52.045 [JavaFX Application Thread] DEBUG FXGLAssetLoaderServi - Loading from file system: file:/C:/Users/jdani/Documents/5toSemestreIngSoftware/IngenieriaProcesos/Programas/Proyecto_procesos/target/classes/assets/textures/sprites/caballero/ataque2.png
23:58:52.053 [JavaFX Application Thread] DEBUG FXGLAssetLoaderServi - Loading from file system: file:/C:/Users/jdani/Documents/5toSemestreIngSoftware/IngenieriaProcesos/Programas/Proyecto_procesos/target/classes/assets/textures/sprites/caballero/hurt.png
23:58:52.060 [JavaFX Application Thread] DEBUG FXGLAssetLoaderServi - Loading from file system: file:/C:/Users/jdani/Documents/5toSemestreIngSoftware/IngenieriaProcesos/Programas/Proyecto_procesos/target/classes/assets/textures/sprites/caballero/defensa.png
23:58:52.067 [JavaFX Application Thread] DEBUG FXGLAssetLoaderServi - Loading from file system: file:/C:/Users/jdani/Documents/5toSemestreIngSoftware/IngenieriaProcesos/Programas/Proyecto_procesos/target/classes/assets/textures/sprites/caballero/correr.png
23:58:52.075 [JavaFX Application Thread] DEBUG FXGLAssetLoaderServi - Loading from file system: file:/C:/Users/jdani/Documents/5toSemestreIngSoftware/IngenieriaProcesos/Programas/Proyecto_procesos/target/classes/assets/textures/sprites/caballero/muerte.png
23:58:52.645 [JavaFX Application Thread] DEBUG FXGLAssetLoaderServi - Loading from file system: file:/C:/Users/jdani/Documents/5toSemestreIngSoftware/IngenieriaProcesos/Programas/Proyecto_procesos/target/classes/assets/textures/sprites/chino/idle.png
23:58:52.651 [JavaFX Application Thread] DEBUG FXGLAssetLoaderServi - Loading from file system: file:/C:/Users/jdani/Documents/5toSemestreIngSoftware/IngenieriaProcesos/Programas/Proyecto_procesos/target/classes/assets/textures/sprites/chino/ataque1.png
23:58:52.657 [JavaFX Application Thread] DEBUG FXGLAssetLoaderServi - Loading from file system: file:/C:/Users/jdani/Documents/5toSemestreIngSoftware/IngenieriaProcesos/Programas/Proyecto_procesos/target/classes/assets/textures/sprites/chino/ataque2.png
23:58:52.663 [JavaFX Application Thread] DEBUG FXGLAssetLoaderServi - Loading from file system: file:/C:/Users/jdani/Documents/5toSemestreIngSoftware/IngenieriaProcesos/Programas/Proyecto_procesos/target/classes/assets/textures/sprites/chino/hurt.png
23:58:52.668 [JavaFX Application Thread] DEBUG FXGLAssetLoaderServi - Loading from file system: file:/C:/Users/jdani/Documents/5toSemestreIngSoftware/IngenieriaProcesos/Programas/Proyecto_procesos/target/classes/assets/textures/sprites/chino/defensa.png
23:58:52.674 [JavaFX Application Thread] DEBUG FXGLAssetLoaderServi - Loading from file system: file:/C:/Users/jdani/Documents/5toSemestreIngSoftware/IngenieriaProcesos/Programas/Proyecto_procesos/target/classes/assets/textures/sprites/chino/correr.png
23:58:52.680 [JavaFX Application Thread] DEBUG FXGLAssetLoaderServi - Loading from file system: file:/C:/Users/jdani/Documents/5toSemestreIngSoftware/IngenieriaProcesos/Programas/Proyecto_procesos/target/classes/assets/textures/sprites/chino/muerte.png
23:58:52.686 [JavaFX Application Thread] DEBUG FXGLAssetLoaderServi - Loading from file system: file:/C:/Users/jdani/Documents/5toSemestreIngSoftware/IngenieriaProcesos/Programas/Proyecto_procesos/target/classes/assets/textures/C.png
23:58:53.322 [FXGL Background Thread 3 ] DEBUG Engine               - Logging environment variables
23:58:53.323 [FXGL Background Thread 3 ] DEBUG Engine               - achievements: []
23:58:53.323 [FXGL Background Thread 3 ] DEBUG Engine               - actualHeight: 768.0
23:58:53.323 [FXGL Background Thread 3 ] DEBUG Engine               - actualHeightProperty: ReadOnlyDoubleProperty [value: 768.0]
23:58:53.324 [FXGL Background Thread 3 ] DEBUG Engine               - actualWidth: 1024.0
23:58:53.324 [FXGL Background Thread 3 ] DEBUG Engine               - actualWidthProperty: ReadOnlyDoubleProperty [value: 1024.0]
23:58:53.324 [FXGL Background Thread 3 ] DEBUG Engine               - appIcon: fxgl_icon.png
23:58:53.324 [FXGL Background Thread 3 ] DEBUG Engine               - applicationMode: DEVELOPER
23:58:53.324 [FXGL Background Thread 3 ] DEBUG Engine               - cSSList: [fxgl_dark.css]
23:58:53.324 [FXGL Background Thread 3 ] DEBUG Engine               - collisionDetectionStrategy: BRUTE_FORCE
23:58:53.324 [FXGL Background Thread 3 ] DEBUG Engine               - configClass: Optional.empty
23:58:53.324 [FXGL Background Thread 3 ] DEBUG Engine               - credits: []
23:58:53.325 [FXGL Background Thread 3 ] DEBUG Engine               - defaultCursor: CursorInfo(imageName=fxgl_default_cursor.png, hotspotX=7.0, hotspotY=6.0)
23:58:53.325 [FXGL Background Thread 3 ] DEBUG Engine               - devBBoxColorProperty: ObjectProperty [value: 0xff0000ff]
23:58:53.326 [FXGL Background Thread 3 ] DEBUG Engine               - devEnableDebugCameraProperty: BooleanProperty [value: false]
23:58:53.326 [FXGL Background Thread 3 ] DEBUG Engine               - devSensorColorProperty: ObjectProperty [value: 0xffff00ff]
23:58:53.326 [FXGL Background Thread 3 ] DEBUG Engine               - devShowBBoxProperty: BooleanProperty [value: false]
23:58:53.326 [FXGL Background Thread 3 ] DEBUG Engine               - devShowPositionProperty: BooleanProperty [value: false]
23:58:53.326 [FXGL Background Thread 3 ] DEBUG Engine               - enabledMenuItems: []
23:58:53.326 [FXGL Background Thread 3 ] DEBUG Engine               - engineServices: [class com.almasb.fxgl.app.services.FXGLAssetLoaderService, class com.almasb.fxgl.app.FXGLApplication$GameApplicationService, class com.almasb.fxgl.app.services.FXGLDialogService, class com.almasb.fxgl.app.services.IOTaskExecutorService, class com.almasb.fxgl.io.FileSystemService, class com.almasb.fxgl.localization.LocalizationService, class com.almasb.fxgl.app.services.SystemBundleService, class com.almasb.fxgl.profile.SaveLoadService, class com.almasb.fxgl.ui.FXGLUIFactoryServiceProvider, class com.almasb.fxgl.ui.FXGLDialogFactoryServiceProvider, class com.almasb.fxgl.audio.AudioPlayer, class com.almasb.fxgl.notification.impl.NotificationServiceProvider, class com.almasb.fxgl.achievement.AchievementService, class com.almasb.fxgl.cutscene.CutsceneService, class com.almasb.fxgl.minigames.MiniGameService, class com.almasb.fxgl.net.NetService, class com.almasb.fxgl.app.services.UpdaterService, class com.almasb.fxgl.dev.DevService]
23:58:53.326 [FXGL Background Thread 3 ] DEBUG Engine               - fontGame: Abel-Regular.ttf
23:58:53.326 [FXGL Background Thread 3 ] DEBUG Engine               - fontMono: TerminalLandMono-Regular.otf
23:58:53.326 [FXGL Background Thread 3 ] DEBUG Engine               - fontSizeScaleUI: 1.0
23:58:53.327 [FXGL Background Thread 3 ] DEBUG Engine               - fontText: Courier-Prime.ttf
23:58:53.327 [FXGL Background Thread 3 ] DEBUG Engine               - fontUI: VarelaRound-Regular.ttf
23:58:53.327 [FXGL Background Thread 3 ] DEBUG Engine               - fullScreen: BooleanProperty [value: false]
23:58:53.327 [FXGL Background Thread 3 ] DEBUG Engine               - gameDifficulty: MEDIUM
23:58:53.327 [FXGL Background Thread 3 ] DEBUG Engine               - gameDifficultyProperty: ObjectProperty [value: MEDIUM]
23:58:53.327 [FXGL Background Thread 3 ] DEBUG Engine               - globalMusicVolume: 0.5
23:58:53.327 [FXGL Background Thread 3 ] DEBUG Engine               - globalMusicVolumeProperty: DoubleProperty [value: 0.5]
23:58:53.327 [FXGL Background Thread 3 ] DEBUG Engine               - globalSoundVolume: 0.5
23:58:53.327 [FXGL Background Thread 3 ] DEBUG Engine               - globalSoundVolumeProperty: DoubleProperty [value: 0.5]
23:58:53.327 [FXGL Background Thread 3 ] DEBUG Engine               - height: 768
23:58:53.328 [FXGL Background Thread 3 ] DEBUG Engine               - is3D: false
23:58:53.328 [FXGL Background Thread 3 ] DEBUG Engine               - isAndroid: false
23:58:53.328 [FXGL Background Thread 3 ] DEBUG Engine               - isBrowser: false
23:58:53.328 [FXGL Background Thread 3 ] DEBUG Engine               - isClickFeedbackEnabled: false
23:58:53.328 [FXGL Background Thread 3 ] DEBUG Engine               - isCloseConfirmation: false
23:58:53.328 [FXGL Background Thread 3 ] DEBUG Engine               - isDesktop: true
23:58:53.328 [FXGL Background Thread 3 ] DEBUG Engine               - isDeveloperMenuEnabled: false
23:58:53.328 [FXGL Background Thread 3 ] DEBUG Engine               - isEmbedded: false
23:58:53.329 [FXGL Background Thread 3 ] DEBUG Engine               - isEntityPreloadEnabled: true
23:58:53.329 [FXGL Background Thread 3 ] DEBUG Engine               - isExperimentalTiledLargeMap: false
23:58:53.329 [FXGL Background Thread 3 ] DEBUG Engine               - isFileSystemWriteAllowed: true
23:58:53.329 [FXGL Background Thread 3 ] DEBUG Engine               - isFullScreenAllowed: false
23:58:53.329 [FXGL Background Thread 3 ] DEBUG Engine               - isFullScreenFromStart: false
23:58:53.329 [FXGL Background Thread 3 ] DEBUG Engine               - isGameMenuEnabled: true
23:58:53.329 [FXGL Background Thread 3 ] DEBUG Engine               - isIOS: false
23:58:53.329 [FXGL Background Thread 3 ] DEBUG Engine               - isIntroEnabled: false
23:58:53.329 [FXGL Background Thread 3 ] DEBUG Engine               - isLinux: false
23:58:53.329 [FXGL Background Thread 3 ] DEBUG Engine               - isMac: false
23:58:53.329 [FXGL Background Thread 3 ] DEBUG Engine               - isMainMenuEnabled: false
23:58:53.329 [FXGL Background Thread 3 ] DEBUG Engine               - isManualResizeEnabled: false
23:58:53.329 [FXGL Background Thread 3 ] DEBUG Engine               - isMobile: false
23:58:53.330 [FXGL Background Thread 3 ] DEBUG Engine               - isNative: false
23:58:53.330 [FXGL Background Thread 3 ] DEBUG Engine               - isPauseMusicWhenMinimized: true
23:58:53.330 [FXGL Background Thread 3 ] DEBUG Engine               - isPreserveResizeRatio: false
23:58:53.330 [FXGL Background Thread 3 ] DEBUG Engine               - isProfilingEnabled: false
23:58:53.330 [FXGL Background Thread 3 ] DEBUG Engine               - isScaleAffectedOnResize: true
23:58:53.330 [FXGL Background Thread 3 ] DEBUG Engine               - isSingleStep: false
23:58:53.330 [FXGL Background Thread 3 ] DEBUG Engine               - isUserProfileEnabled: false
23:58:53.330 [FXGL Background Thread 3 ] DEBUG Engine               - isWindows: true
23:58:53.330 [FXGL Background Thread 3 ] DEBUG Engine               - language: ObjectProperty [value: ENGLISH]
23:58:53.330 [FXGL Background Thread 3 ] DEBUG Engine               - menuKey: ESCAPE
23:58:53.330 [FXGL Background Thread 3 ] DEBUG Engine               - mouseSensitivity: 0.2
23:58:53.330 [FXGL Background Thread 3 ] DEBUG Engine               - notificationViewClass: class com.almasb.fxgl.notification.view.XboxNotificationView
23:58:53.330 [FXGL Background Thread 3 ] DEBUG Engine               - pixelsPerMeter: 50.0
23:58:53.330 [FXGL Background Thread 3 ] DEBUG Engine               - platform: WINDOWS
23:58:53.330 [FXGL Background Thread 3 ] DEBUG Engine               - prefHeightProperty: ReadOnlyDoubleProperty [value: 768.0]
23:58:53.331 [FXGL Background Thread 3 ] DEBUG Engine               - prefWidthProperty: ReadOnlyDoubleProperty [value: 1024.0]
23:58:53.331 [FXGL Background Thread 3 ] DEBUG Engine               - profileDir: profiles/
23:58:53.331 [FXGL Background Thread 3 ] DEBUG Engine               - profileName: StringProperty [value: DEFAULT]
23:58:53.331 [FXGL Background Thread 3 ] DEBUG Engine               - randomSeed: -1
23:58:53.331 [FXGL Background Thread 3 ] DEBUG Engine               - runtimeInfo: RuntimeInfo(platform=WINDOWS, version=21, build=28.12.2023 13.35)
23:58:53.331 [FXGL Background Thread 3 ] DEBUG Engine               - saveFileExt: sav
23:58:53.332 [FXGL Background Thread 3 ] DEBUG Engine               - scaledHeightProp$fxgl: DoubleProperty [bound, value: 768.0]
23:58:53.332 [FXGL Background Thread 3 ] DEBUG Engine               - scaledWidthProp$fxgl: DoubleProperty [bound, value: 1024.0]
23:58:53.332 [FXGL Background Thread 3 ] DEBUG Engine               - sceneFactory: com.almasb.fxgl.app.scene.SceneFactory@2c4ed33
23:58:53.332 [FXGL Background Thread 3 ] DEBUG Engine               - secondsIn24h: 60
23:58:53.332 [FXGL Background Thread 3 ] DEBUG Engine               - soundMenuBack: menu/back.wav
23:58:53.332 [FXGL Background Thread 3 ] DEBUG Engine               - soundMenuPress: menu/press.wav
23:58:53.332 [FXGL Background Thread 3 ] DEBUG Engine               - soundMenuSelect: menu/select.wav
23:58:53.332 [FXGL Background Thread 3 ] DEBUG Engine               - soundNotification: core/notification.wav
23:58:53.332 [FXGL Background Thread 3 ] DEBUG Engine               - stageStyle: DECORATED
23:58:53.332 [FXGL Background Thread 3 ] DEBUG Engine               - supportedLanguages: [ENGLISH, FRENCH, GERMAN, HUNGARIAN, RUSSIAN]
23:58:53.332 [FXGL Background Thread 3 ] DEBUG Engine               - ticksPerSecond: -1
23:58:53.332 [FXGL Background Thread 3 ] DEBUG Engine               - title: Simulador de Batalla
23:58:53.332 [FXGL Background Thread 3 ] DEBUG Engine               - urlGithub: https://github.com/AlmasB/FXGL
23:58:53.333 [FXGL Background Thread 3 ] DEBUG Engine               - urlLeaderboard: http://fxgl-top.herokuapp.com/
23:58:53.333 [FXGL Background Thread 3 ] DEBUG Engine               - urlPOM: https://raw.githubusercontent.com/AlmasB/FXGL/release/README.md
23:58:53.333 [FXGL Background Thread 3 ] DEBUG Engine               - userAppClass: class Batalla.BattleSimulatorApp
23:58:53.333 [FXGL Background Thread 3 ] DEBUG Engine               - version: 1.0
23:58:53.333 [FXGL Background Thread 3 ] DEBUG Engine               - versionCheckDays: 7
23:58:53.333 [FXGL Background Thread 3 ] DEBUG Engine               - width: 1024
23:58:53.333 [FXGL Background Thread 3 ] DEBUG Engine               - Logging services
23:58:53.333 [FXGL Background Thread 3 ] DEBUG Engine               - class com.almasb.fxgl.app.services.FXGLAssetLoaderService
23:58:53.333 [FXGL Background Thread 3 ] DEBUG Engine               - class com.almasb.fxgl.app.FXGLApplication$GameApplicationService
23:58:53.333 [FXGL Background Thread 3 ] DEBUG Engine               - class com.almasb.fxgl.app.services.FXGLDialogService
23:58:53.333 [FXGL Background Thread 3 ] DEBUG Engine               - class com.almasb.fxgl.app.services.IOTaskExecutorService
23:58:53.333 [FXGL Background Thread 3 ] DEBUG Engine               - class com.almasb.fxgl.io.FileSystemService
23:58:53.333 [FXGL Background Thread 3 ] DEBUG Engine               - class com.almasb.fxgl.localization.LocalizationService
23:58:53.333 [FXGL Background Thread 3 ] DEBUG Engine               - class com.almasb.fxgl.app.services.SystemBundleService
23:58:53.333 [FXGL Background Thread 3 ] DEBUG Engine               - class com.almasb.fxgl.profile.SaveLoadService
23:58:53.333 [FXGL Background Thread 3 ] DEBUG Engine               - class com.almasb.fxgl.ui.FXGLUIFactoryServiceProvider
23:58:53.333 [FXGL Background Thread 3 ] DEBUG Engine               - class com.almasb.fxgl.ui.FXGLDialogFactoryServiceProvider
23:58:53.333 [FXGL Background Thread 3 ] DEBUG Engine               - class com.almasb.fxgl.audio.AudioPlayer
23:58:53.334 [FXGL Background Thread 3 ] DEBUG Engine               - class com.almasb.fxgl.notification.impl.NotificationServiceProvider
23:58:53.334 [FXGL Background Thread 3 ] DEBUG Engine               - class com.almasb.fxgl.achievement.AchievementService
23:58:53.334 [FXGL Background Thread 3 ] DEBUG Engine               - class com.almasb.fxgl.cutscene.CutsceneService
23:58:53.334 [FXGL Background Thread 3 ] DEBUG Engine               - class com.almasb.fxgl.minigames.MiniGameService
23:58:53.334 [FXGL Background Thread 3 ] DEBUG Engine               - class com.almasb.fxgl.net.NetService
23:58:53.334 [FXGL Background Thread 3 ] DEBUG Engine               - class com.almasb.fxgl.app.services.UpdaterService
23:58:53.334 [FXGL Background Thread 3 ] DEBUG Engine               - class com.almasb.fxgl.dev.DevService
23:59:10.468 [JavaFX Application Thread] DEBUG FXGLApplication      - Exiting FXGL
23:59:10.468 [JavaFX Application Thread] DEBUG LoopRunner           - Stopping loop
23:59:10.469 [JavaFX Application Thread] DEBUG SystemBundleService  - Saving FXGL system data
23:59:10.474 [JavaFX Application Thread] DEBUG FileSystemAccess     - Writing to: C:\Users\jdani\Documents\5toSemestreIngSoftware\IngenieriaProcesos\Programas\proyecto_procesos\system\fxgl.bundle
23:59:10.480 [JavaFX Application Thread] DEBUG Async                - Shutting down background threads
23:59:10.480 [JavaFX Application Thread] DEBUG PrimaryStageWindow   - Closing main window
23:59:10.529 [JavaFX Application Thread] DEBUG Logger               - Closing Logger
