19:54:59.957 [main                     ] DEBUG Logger               - Configured Logger
19:54:59.964 [main                     ] DEBUG GameApplication      - Logging settings
Title: Simulador de Batalla
Version: 1.0
Width: 1024
Height: 768
Fullscreen: false
Intro: false
Profiling: false
Single step:false
App Mode: DEVELOPER
Menu Key: ESCAPE
Stage Style: DECORATED
Scene Factory: class com.almasb.fxgl.app.scene.SceneFactory

19:55:00.442 [JavaFX Application Thread] DEBUG FXGLApplication      - Initializing FXGL
19:55:00.445 [JavaFX Application Thread] INFO  Engine               - FXGL-21 (28.12.2023 13.35) on WINDOWS (J:24.0.2 FX:21.0.1)
19:55:00.445 [JavaFX Application Thread] DEBUG Engine               - JRE Vendor Name: Oracle Corporation
19:55:00.446 [JavaFX Application Thread] DEBUG Engine               - Running on OS: Windows 11 version 10.0
19:55:00.446 [JavaFX Application Thread] DEBUG Engine               - Architecture: amd64
19:55:00.446 [JavaFX Application Thread] INFO  Engine               - Source code and latest versions at: https://github.com/AlmasB/FXGL
19:55:00.446 [JavaFX Application Thread] INFO  Engine               -       Ask questions and discuss at: https://github.com/AlmasB/FXGL/discussions
19:55:00.446 [JavaFX Application Thread] INFO  Engine               -              Join the FXGL chat at: https://gitter.im/AlmasB/FXGL
19:55:00.547 [JavaFX Application Thread] DEBUG PrimaryStageWindow   - Creating a JavaFX scene
19:55:00.596 [JavaFX Application Thread] DEBUG PrimaryStageWindow   - Target settings size: 1024.0 x 768.0
19:55:00.597 [JavaFX Application Thread] DEBUG PrimaryStageWindow   - Scaled scene size:    1024.0 x 768.0
19:55:00.597 [JavaFX Application Thread] DEBUG PrimaryStageWindow   - Scaled ratio: (1.0, 1.0)
19:55:00.598 [JavaFX Application Thread] DEBUG PrimaryStageWindow   - Set initial scene to FXGLStartupScene
19:55:00.601 [JavaFX Application Thread] DEBUG PrimaryStageWindow   - Opening main window
19:55:00.708 [JavaFX Application Thread] DEBUG PrimaryStageWindow   - Window border size: (16.0, 39.0)
19:55:00.708 [JavaFX Application Thread] DEBUG PrimaryStageWindow   - Scaled size: 1024.0 x 768.0
19:55:00.708 [JavaFX Application Thread] DEBUG PrimaryStageWindow   - Scaled ratio: (1.0, 1.0)
19:55:00.708 [JavaFX Application Thread] DEBUG PrimaryStageWindow   - Scene size: 1024.0 x 768.0
19:55:00.709 [JavaFX Application Thread] DEBUG PrimaryStageWindow   - Stage size: 1040.0 x 807.0
19:55:00.719 [FXGL Background Thread 1 ] DEBUG Engine               - Initializing environment variables
19:55:00.780 [FXGL Background Thread 1 ] DEBUG FXGLAssetLoaderServi - User app class for loading assets: class Batalla.BattleSimulatorApp
19:55:00.781 [FXGL Background Thread 1 ] DEBUG GameApplicationServi - Applying CSS: fxgl_dark.css
19:55:00.781 [FXGL Background Thread 1 ] DEBUG FXGLAssetLoaderServi - Loading from file system: jar:file:/C:/Users/andy/.m2/repository/com/github/almasb/fxgl/21/fxgl-21.jar!/fxglassets/ui/css/fxgl_dark.css
19:55:00.825 [FXGL Background Thread 1 ] DEBUG GameApplicationServi - Initializing application scenes
19:55:00.864 [FXGL Background Thread 1 ] DEBUG GameWorld            - Game world initialized
19:55:00.922 [FXGL Background Thread 1 ] DEBUG PhysicsWorld         - Physics world initialized: appHeight=768, physics.ppm=50.0
19:55:00.922 [FXGL Background Thread 1 ] DEBUG PhysicsWorld         - Using strategy: BRUTE_FORCE
19:55:00.926 [FXGL Background Thread 1 ] DEBUG GameScene            - Game scene initialized: 1024x768
19:55:00.937 [FXGL Background Thread 1 ] DEBUG FXGL.DefaultMenu     - createMenuBodyGameMenu()
19:55:00.951 [FXGL Background Thread 1 ] DEBUG FXGL.DefaultMenu     - createOptionsMenu()
19:55:00.977 [FXGL Background Thread 1 ] DEBUG FXGLAssetLoaderServi - Loading from file system: jar:file:/C:/Users/andy/.m2/repository/com/github/almasb/fxgl/21/fxgl-21.jar!/fxglassets/textures/particles/smoke.png
19:55:01.071 [FXGL Background Thread 1 ] DEBUG FXGLAssetLoaderServi - Loading from file system: jar:file:/C:/Users/andy/.m2/repository/com/github/almasb/fxgl/21/fxgl-21.jar!/fxglassets/textures/particles/trace_horizontal.png
19:55:01.096 [FXGL Background Thread 1 ] DEBUG GameApplicationServi - Application scenes initialized
19:55:01.107 [FXGL Background Thread 1 ] DEBUG SystemBundleService  - Loading FXGL system data
19:55:01.109 [FXGL Background Thread 1 ] DEBUG FileSystemAccess     - Reading from: C:\Users\andy\OneDrive\Documentos\Proyecto_procesos\system\fxgl.bundle
19:55:01.115 [FXGL Background Thread 1 ] DEBUG SystemBundleService  - Bundle FXGL: {}
19:55:01.116 [FXGL Background Thread 1 ] DEBUG UpdaterService       - Checking for updates
19:55:01.119 [FXGL Background Thread 4 ] DEBUG FXGLApplication      - Loading fonts
19:55:01.119 [FXGL Background Thread 4 ] DEBUG FXGLAssetLoaderServi - Loading from file system: jar:file:/C:/Users/andy/.m2/repository/com/github/almasb/fxgl/21/fxgl-21.jar!/fxglassets/ui/fonts/VarelaRound-Regular.ttf
19:55:01.121 [FXGL Background Thread 1 ] DEBUG FXGLApplication      - Loading default localization
19:55:01.121 [FXGL Background Thread 1 ] DEBUG FXGLAssetLoaderServi - Loading from file system: jar:file:/C:/Users/andy/.m2/repository/com/github/almasb/fxgl/21/fxgl-21.jar!/fxglassets/languages/english.lang
19:55:01.139 [FXGL Background Thread 1 ] INFO  FXGLApplication      - FXGL initialization took: 0.420 sec
19:55:01.140 [JavaFX Application Thread] DEBUG FXGLAssetLoaderServi - Loading from file system: jar:file:/C:/Users/andy/.m2/repository/com/github/almasb/fxgl/21/fxgl-21.jar!/fxglassets/textures/fxgl_icon.png
19:55:01.147 [FXGL Background Thread 4 ] DEBUG FXGLAssetLoaderServi - Loading from file system: jar:file:/C:/Users/andy/.m2/repository/com/github/almasb/fxgl/21/fxgl-21.jar!/fxglassets/ui/fonts/Abel-Regular.ttf
19:55:01.153 [FXGL Background Thread 4 ] DEBUG FXGLAssetLoaderServi - Loading from file system: jar:file:/C:/Users/andy/.m2/repository/com/github/almasb/fxgl/21/fxgl-21.jar!/fxglassets/ui/fonts/TerminalLandMono-Regular.otf
19:55:01.156 [FXGL Background Thread 4 ] DEBUG FXGLAssetLoaderServi - Loading from file system: jar:file:/C:/Users/andy/.m2/repository/com/github/almasb/fxgl/21/fxgl-21.jar!/fxglassets/ui/fonts/Courier-Prime.ttf
19:55:01.158 [JavaFX Application Thread] DEBUG FXGLAssetLoaderServi - Loading from file system: jar:file:/C:/Users/andy/.m2/repository/com/github/almasb/fxgl/21/fxgl-21.jar!/fxglassets/textures/fxgl_default_cursor.png
19:55:01.168 [JavaFX Application Thread] DEBUG Input                - Registered new binding: Screenshot - CTRL+8
19:55:01.169 [JavaFX Application Thread] DEBUG Input                - Registered new binding: System info dump - CTRL+9
19:55:01.169 [JavaFX Application Thread] DEBUG Input                - Registered new binding: Restart - CTRL+R
19:55:01.169 [JavaFX Application Thread] DEBUG Input                - Registered new binding: Toggle Debug Camera - CTRL+7
19:55:01.171 [JavaFX Application Thread] DEBUG LoopRunner           - Starting loop
19:55:01.171 [JavaFX Application Thread] DEBUG LoopRunner           - Initializing JavaFX AnimationTimerLoop
19:55:01.173 [JavaFX Application Thread] DEBUG GameApplicationServi - Starting new game
19:55:01.174 [JavaFX Application Thread] DEBUG Input                - Clearing active input actions
19:55:01.181 [JavaFX Application Thread] DEBUG GameApplicationServi - Removing overlay from FXGLStartupScene and adding to FXGLLoadingScene
19:55:01.181 [JavaFX Application Thread] DEBUG PrimaryStageWindow   - FXGLStartupScene -> FXGLLoadingScene
19:55:01.181 [JavaFX Application Thread] DEBUG GameApplicationServi - Clearing previous game
19:55:01.181 [JavaFX Application Thread] DEBUG GameScene            - Clearing game scene
19:55:01.181 [JavaFX Application Thread] DEBUG GameWorld            - Clearing game world
19:55:01.181 [JavaFX Application Thread] DEBUG PhysicsWorld         - Clearing physics world
19:55:01.183 [FXGL Background Thread 4 ] DEBUG FXGLApplication      - Initializing game
19:55:01.184 [JavaFX Application Thread] DEBUG FXGLApplication      - Registering font factories with UI factory
19:55:01.188 [FXGL Background Thread 4 ] INFO  FXGLApplication      - Game initialization took: 0.005 sec
19:55:01.225 [JavaFX Application Thread] DEBUG Input                - Clearing active input actions
19:55:01.235 [JavaFX Application Thread] DEBUG GameApplicationServi - Removing overlay from FXGLLoadingScene and adding to GameScene
19:55:01.236 [JavaFX Application Thread] DEBUG PrimaryStageWindow   - FXGLLoadingScene -> GameScene
19:55:01.492 [FXGL Background Thread 2 ] INFO  UpdaterService       - Your current version:  21
19:55:01.493 [FXGL Background Thread 2 ] INFO  UpdaterService       - Latest stable version: 25
19:55:04.119 [FXGL Background Thread 3 ] DEBUG Engine               - Logging environment variables
19:55:04.119 [FXGL Background Thread 3 ] DEBUG Engine               - achievements: []
19:55:04.119 [FXGL Background Thread 3 ] DEBUG Engine               - actualHeight: 768.0
19:55:04.119 [FXGL Background Thread 3 ] DEBUG Engine               - actualHeightProperty: ReadOnlyDoubleProperty [value: 768.0]
19:55:04.119 [FXGL Background Thread 3 ] DEBUG Engine               - actualWidth: 1024.0
19:55:04.119 [FXGL Background Thread 3 ] DEBUG Engine               - actualWidthProperty: ReadOnlyDoubleProperty [value: 1024.0]
19:55:04.119 [FXGL Background Thread 3 ] DEBUG Engine               - appIcon: fxgl_icon.png
19:55:04.119 [FXGL Background Thread 3 ] DEBUG Engine               - applicationMode: DEVELOPER
19:55:04.120 [FXGL Background Thread 3 ] DEBUG Engine               - cSSList: [fxgl_dark.css]
19:55:04.120 [FXGL Background Thread 3 ] DEBUG Engine               - collisionDetectionStrategy: BRUTE_FORCE
19:55:04.120 [FXGL Background Thread 3 ] DEBUG Engine               - configClass: Optional.empty
19:55:04.120 [FXGL Background Thread 3 ] DEBUG Engine               - credits: []
19:55:04.120 [FXGL Background Thread 3 ] DEBUG Engine               - defaultCursor: CursorInfo(imageName=fxgl_default_cursor.png, hotspotX=7.0, hotspotY=6.0)
19:55:04.120 [FXGL Background Thread 3 ] DEBUG Engine               - devBBoxColorProperty: ObjectProperty [value: 0xff0000ff]
19:55:04.120 [FXGL Background Thread 3 ] DEBUG Engine               - devEnableDebugCameraProperty: BooleanProperty [value: false]
19:55:04.120 [FXGL Background Thread 3 ] DEBUG Engine               - devSensorColorProperty: ObjectProperty [value: 0xffff00ff]
19:55:04.120 [FXGL Background Thread 3 ] DEBUG Engine               - devShowBBoxProperty: BooleanProperty [value: false]
19:55:04.120 [FXGL Background Thread 3 ] DEBUG Engine               - devShowPositionProperty: BooleanProperty [value: false]
19:55:04.120 [FXGL Background Thread 3 ] DEBUG Engine               - enabledMenuItems: []
19:55:04.120 [FXGL Background Thread 3 ] DEBUG Engine               - engineServices: [class com.almasb.fxgl.app.services.FXGLAssetLoaderService, class com.almasb.fxgl.app.FXGLApplication$GameApplicationService, class com.almasb.fxgl.app.services.FXGLDialogService, class com.almasb.fxgl.app.services.IOTaskExecutorService, class com.almasb.fxgl.io.FileSystemService, class com.almasb.fxgl.localization.LocalizationService, class com.almasb.fxgl.app.services.SystemBundleService, class com.almasb.fxgl.profile.SaveLoadService, class com.almasb.fxgl.ui.FXGLUIFactoryServiceProvider, class com.almasb.fxgl.ui.FXGLDialogFactoryServiceProvider, class com.almasb.fxgl.audio.AudioPlayer, class com.almasb.fxgl.notification.impl.NotificationServiceProvider, class com.almasb.fxgl.achievement.AchievementService, class com.almasb.fxgl.cutscene.CutsceneService, class com.almasb.fxgl.minigames.MiniGameService, class com.almasb.fxgl.net.NetService, class com.almasb.fxgl.app.services.UpdaterService, class com.almasb.fxgl.dev.DevService]
19:55:04.120 [FXGL Background Thread 3 ] DEBUG Engine               - fontGame: Abel-Regular.ttf
19:55:04.120 [FXGL Background Thread 3 ] DEBUG Engine               - fontMono: TerminalLandMono-Regular.otf
19:55:04.120 [FXGL Background Thread 3 ] DEBUG Engine               - fontSizeScaleUI: 1.0
19:55:04.120 [FXGL Background Thread 3 ] DEBUG Engine               - fontText: Courier-Prime.ttf
19:55:04.120 [FXGL Background Thread 3 ] DEBUG Engine               - fontUI: VarelaRound-Regular.ttf
19:55:04.120 [FXGL Background Thread 3 ] DEBUG Engine               - fullScreen: BooleanProperty [value: false]
19:55:04.120 [FXGL Background Thread 3 ] DEBUG Engine               - gameDifficulty: MEDIUM
19:55:04.120 [FXGL Background Thread 3 ] DEBUG Engine               - gameDifficultyProperty: ObjectProperty [value: MEDIUM]
19:55:04.120 [FXGL Background Thread 3 ] DEBUG Engine               - globalMusicVolume: 0.5
19:55:04.120 [FXGL Background Thread 3 ] DEBUG Engine               - globalMusicVolumeProperty: DoubleProperty [value: 0.5]
19:55:04.120 [FXGL Background Thread 3 ] DEBUG Engine               - globalSoundVolume: 0.5
19:55:04.120 [FXGL Background Thread 3 ] DEBUG Engine               - globalSoundVolumeProperty: DoubleProperty [value: 0.5]
19:55:04.120 [FXGL Background Thread 3 ] DEBUG Engine               - height: 768
19:55:04.120 [FXGL Background Thread 3 ] DEBUG Engine               - is3D: false
19:55:04.121 [FXGL Background Thread 3 ] DEBUG Engine               - isAndroid: false
19:55:04.121 [FXGL Background Thread 3 ] DEBUG Engine               - isBrowser: false
19:55:04.121 [FXGL Background Thread 3 ] DEBUG Engine               - isClickFeedbackEnabled: false
19:55:04.121 [FXGL Background Thread 3 ] DEBUG Engine               - isCloseConfirmation: false
19:55:04.121 [FXGL Background Thread 3 ] DEBUG Engine               - isDesktop: true
19:55:04.121 [FXGL Background Thread 3 ] DEBUG Engine               - isDeveloperMenuEnabled: false
19:55:04.121 [FXGL Background Thread 3 ] DEBUG Engine               - isEmbedded: false
19:55:04.121 [FXGL Background Thread 3 ] DEBUG Engine               - isEntityPreloadEnabled: true
19:55:04.121 [FXGL Background Thread 3 ] DEBUG Engine               - isExperimentalTiledLargeMap: false
19:55:04.121 [FXGL Background Thread 3 ] DEBUG Engine               - isFileSystemWriteAllowed: true
19:55:04.121 [FXGL Background Thread 3 ] DEBUG Engine               - isFullScreenAllowed: false
19:55:04.121 [FXGL Background Thread 3 ] DEBUG Engine               - isFullScreenFromStart: false
19:55:04.121 [FXGL Background Thread 3 ] DEBUG Engine               - isGameMenuEnabled: true
19:55:04.121 [FXGL Background Thread 3 ] DEBUG Engine               - isIOS: false
19:55:04.121 [FXGL Background Thread 3 ] DEBUG Engine               - isIntroEnabled: false
19:55:04.121 [FXGL Background Thread 3 ] DEBUG Engine               - isLinux: false
19:55:04.121 [FXGL Background Thread 3 ] DEBUG Engine               - isMac: false
19:55:04.121 [FXGL Background Thread 3 ] DEBUG Engine               - isMainMenuEnabled: false
19:55:04.121 [FXGL Background Thread 3 ] DEBUG Engine               - isManualResizeEnabled: false
19:55:04.121 [FXGL Background Thread 3 ] DEBUG Engine               - isMobile: false
19:55:04.121 [FXGL Background Thread 3 ] DEBUG Engine               - isNative: false
19:55:04.121 [FXGL Background Thread 3 ] DEBUG Engine               - isPauseMusicWhenMinimized: true
19:55:04.122 [FXGL Background Thread 3 ] DEBUG Engine               - isPreserveResizeRatio: false
19:55:04.122 [FXGL Background Thread 3 ] DEBUG Engine               - isProfilingEnabled: false
19:55:04.122 [FXGL Background Thread 3 ] DEBUG Engine               - isScaleAffectedOnResize: true
19:55:04.122 [FXGL Background Thread 3 ] DEBUG Engine               - isSingleStep: false
19:55:04.122 [FXGL Background Thread 3 ] DEBUG Engine               - isUserProfileEnabled: false
19:55:04.122 [FXGL Background Thread 3 ] DEBUG Engine               - isWindows: true
19:55:04.122 [FXGL Background Thread 3 ] DEBUG Engine               - language: ObjectProperty [value: ENGLISH]
19:55:04.122 [FXGL Background Thread 3 ] DEBUG Engine               - menuKey: ESCAPE
19:55:04.122 [FXGL Background Thread 3 ] DEBUG Engine               - mouseSensitivity: 0.2
19:55:04.122 [FXGL Background Thread 3 ] DEBUG Engine               - notificationViewClass: class com.almasb.fxgl.notification.view.XboxNotificationView
19:55:04.122 [FXGL Background Thread 3 ] DEBUG Engine               - pixelsPerMeter: 50.0
19:55:04.122 [FXGL Background Thread 3 ] DEBUG Engine               - platform: WINDOWS
19:55:04.122 [FXGL Background Thread 3 ] DEBUG Engine               - prefHeightProperty: ReadOnlyDoubleProperty [value: 768.0]
19:55:04.122 [FXGL Background Thread 3 ] DEBUG Engine               - prefWidthProperty: ReadOnlyDoubleProperty [value: 1024.0]
19:55:04.122 [FXGL Background Thread 3 ] DEBUG Engine               - profileDir: profiles/
19:55:04.122 [FXGL Background Thread 3 ] DEBUG Engine               - profileName: StringProperty [value: DEFAULT]
19:55:04.122 [FXGL Background Thread 3 ] DEBUG Engine               - randomSeed: -1
19:55:04.122 [FXGL Background Thread 3 ] DEBUG Engine               - runtimeInfo: RuntimeInfo(platform=WINDOWS, version=21, build=28.12.2023 13.35)
19:55:04.122 [FXGL Background Thread 3 ] DEBUG Engine               - saveFileExt: sav
19:55:04.123 [FXGL Background Thread 3 ] DEBUG Engine               - scaledHeightProp$fxgl: DoubleProperty [bound, value: 768.0]
19:55:04.123 [FXGL Background Thread 3 ] DEBUG Engine               - scaledWidthProp$fxgl: DoubleProperty [bound, value: 1024.0]
19:55:04.123 [FXGL Background Thread 3 ] DEBUG Engine               - sceneFactory: com.almasb.fxgl.app.scene.SceneFactory@6db6d369
19:55:04.123 [FXGL Background Thread 3 ] DEBUG Engine               - secondsIn24h: 60
19:55:04.123 [FXGL Background Thread 3 ] DEBUG Engine               - soundMenuBack: menu/back.wav
19:55:04.123 [FXGL Background Thread 3 ] DEBUG Engine               - soundMenuPress: menu/press.wav
19:55:04.123 [FXGL Background Thread 3 ] DEBUG Engine               - soundMenuSelect: menu/select.wav
19:55:04.123 [FXGL Background Thread 3 ] DEBUG Engine               - soundNotification: core/notification.wav
19:55:04.123 [FXGL Background Thread 3 ] DEBUG Engine               - stageStyle: DECORATED
19:55:04.123 [FXGL Background Thread 3 ] DEBUG Engine               - supportedLanguages: [ENGLISH, FRENCH, GERMAN, HUNGARIAN, RUSSIAN]
19:55:04.123 [FXGL Background Thread 3 ] DEBUG Engine               - ticksPerSecond: -1
19:55:04.123 [FXGL Background Thread 3 ] DEBUG Engine               - title: Simulador de Batalla
19:55:04.123 [FXGL Background Thread 3 ] DEBUG Engine               - urlGithub: https://github.com/AlmasB/FXGL
19:55:04.123 [FXGL Background Thread 3 ] DEBUG Engine               - urlLeaderboard: http://fxgl-top.herokuapp.com/
19:55:04.123 [FXGL Background Thread 3 ] DEBUG Engine               - urlPOM: https://raw.githubusercontent.com/AlmasB/FXGL/release/README.md
19:55:04.123 [FXGL Background Thread 3 ] DEBUG Engine               - userAppClass: class Batalla.BattleSimulatorApp
19:55:04.123 [FXGL Background Thread 3 ] DEBUG Engine               - version: 1.0
19:55:04.123 [FXGL Background Thread 3 ] DEBUG Engine               - versionCheckDays: 7
19:55:04.123 [FXGL Background Thread 3 ] DEBUG Engine               - width: 1024
19:55:04.123 [FXGL Background Thread 3 ] DEBUG Engine               - Logging services
19:55:04.123 [FXGL Background Thread 3 ] DEBUG Engine               - class com.almasb.fxgl.app.services.FXGLAssetLoaderService
19:55:04.123 [FXGL Background Thread 3 ] DEBUG Engine               - class com.almasb.fxgl.app.FXGLApplication$GameApplicationService
19:55:04.123 [FXGL Background Thread 3 ] DEBUG Engine               - class com.almasb.fxgl.app.services.FXGLDialogService
19:55:04.123 [FXGL Background Thread 3 ] DEBUG Engine               - class com.almasb.fxgl.app.services.IOTaskExecutorService
19:55:04.124 [FXGL Background Thread 3 ] DEBUG Engine               - class com.almasb.fxgl.io.FileSystemService
19:55:04.124 [FXGL Background Thread 3 ] DEBUG Engine               - class com.almasb.fxgl.localization.LocalizationService
19:55:04.124 [FXGL Background Thread 3 ] DEBUG Engine               - class com.almasb.fxgl.app.services.SystemBundleService
19:55:04.124 [FXGL Background Thread 3 ] DEBUG Engine               - class com.almasb.fxgl.profile.SaveLoadService
19:55:04.124 [FXGL Background Thread 3 ] DEBUG Engine               - class com.almasb.fxgl.ui.FXGLUIFactoryServiceProvider
19:55:04.124 [FXGL Background Thread 3 ] DEBUG Engine               - class com.almasb.fxgl.ui.FXGLDialogFactoryServiceProvider
19:55:04.124 [FXGL Background Thread 3 ] DEBUG Engine               - class com.almasb.fxgl.audio.AudioPlayer
19:55:04.124 [FXGL Background Thread 3 ] DEBUG Engine               - class com.almasb.fxgl.notification.impl.NotificationServiceProvider
19:55:04.124 [FXGL Background Thread 3 ] DEBUG Engine               - class com.almasb.fxgl.achievement.AchievementService
19:55:04.124 [FXGL Background Thread 3 ] DEBUG Engine               - class com.almasb.fxgl.cutscene.CutsceneService
19:55:04.124 [FXGL Background Thread 3 ] DEBUG Engine               - class com.almasb.fxgl.minigames.MiniGameService
19:55:04.124 [FXGL Background Thread 3 ] DEBUG Engine               - class com.almasb.fxgl.net.NetService
19:55:04.124 [FXGL Background Thread 3 ] DEBUG Engine               - class com.almasb.fxgl.app.services.UpdaterService
19:55:04.124 [FXGL Background Thread 3 ] DEBUG Engine               - class com.almasb.fxgl.dev.DevService
19:55:05.981 [JavaFX Application Thread] DEBUG FXGLAssetLoaderServi - Loading from file system: file:/C:/Users/andy/OneDrive/Documentos/Proyecto_procesos/target/classes/assets/textures/coliseo.png
19:55:06.044 [JavaFX Application Thread] DEBUG FXGLAssetLoaderServi - Loading from file system: file:/C:/Users/andy/OneDrive/Documentos/Proyecto_procesos/target/classes/assets/textures/sprites/demon/idle.png
19:55:06.052 [JavaFX Application Thread] DEBUG FXGLAssetLoaderServi - Loading from file system: file:/C:/Users/andy/OneDrive/Documentos/Proyecto_procesos/target/classes/assets/textures/sprites/demon/ataque1.png
19:55:06.054 [JavaFX Application Thread] DEBUG FXGLAssetLoaderServi - Loading from file system: file:/C:/Users/andy/OneDrive/Documentos/Proyecto_procesos/target/classes/assets/textures/sprites/demon/ataque2.png
19:55:06.057 [JavaFX Application Thread] DEBUG FXGLAssetLoaderServi - Loading from file system: file:/C:/Users/andy/OneDrive/Documentos/Proyecto_procesos/target/classes/assets/textures/sprites/demon/hurt.png
19:55:06.058 [JavaFX Application Thread] DEBUG FXGLAssetLoaderServi - Loading from file system: file:/C:/Users/andy/OneDrive/Documentos/Proyecto_procesos/target/classes/assets/textures/sprites/demon/defensa.png
19:55:06.061 [JavaFX Application Thread] DEBUG FXGLAssetLoaderServi - Loading from file system: file:/C:/Users/andy/OneDrive/Documentos/Proyecto_procesos/target/classes/assets/textures/sprites/demon/correr.png
19:55:06.063 [JavaFX Application Thread] DEBUG FXGLAssetLoaderServi - Loading from file system: file:/C:/Users/andy/OneDrive/Documentos/Proyecto_procesos/target/classes/assets/textures/sprites/demon/muerte.png
19:55:06.070 [JavaFX Application Thread] DEBUG FXGLAssetLoaderServi - Loading from file system: file:/C:/Users/andy/OneDrive/Documentos/Proyecto_procesos/target/classes/assets/textures/sprites/panda/idle.png
19:55:06.082 [JavaFX Application Thread] DEBUG FXGLAssetLoaderServi - Loading from file system: file:/C:/Users/andy/OneDrive/Documentos/Proyecto_procesos/target/classes/assets/textures/sprites/panda/ataque1.png
19:55:06.083 [JavaFX Application Thread] DEBUG FXGLAssetLoaderServi - Loading from file system: file:/C:/Users/andy/OneDrive/Documentos/Proyecto_procesos/target/classes/assets/textures/sprites/panda/ataque2.png
19:55:06.087 [JavaFX Application Thread] DEBUG FXGLAssetLoaderServi - Loading from file system: file:/C:/Users/andy/OneDrive/Documentos/Proyecto_procesos/target/classes/assets/textures/sprites/panda/hurt.png
19:55:06.088 [JavaFX Application Thread] DEBUG FXGLAssetLoaderServi - Loading from file system: file:/C:/Users/andy/OneDrive/Documentos/Proyecto_procesos/target/classes/assets/textures/sprites/panda/defensa.png
19:55:06.089 [JavaFX Application Thread] DEBUG FXGLAssetLoaderServi - Loading from file system: file:/C:/Users/andy/OneDrive/Documentos/Proyecto_procesos/target/classes/assets/textures/sprites/panda/correr.png
19:55:06.091 [JavaFX Application Thread] DEBUG FXGLAssetLoaderServi - Loading from file system: file:/C:/Users/andy/OneDrive/Documentos/Proyecto_procesos/target/classes/assets/textures/sprites/panda/muerte.png
19:55:29.192 [JavaFX Application Thread] DEBUG FXGLAssetLoaderServi - Loading from file system: file:/C:/Users/andy/OneDrive/Documentos/Proyecto_procesos/target/classes/assets/textures/sprites/chino/idle.png
19:55:29.193 [JavaFX Application Thread] DEBUG FXGLAssetLoaderServi - Loading from file system: file:/C:/Users/andy/OneDrive/Documentos/Proyecto_procesos/target/classes/assets/textures/sprites/chino/ataque1.png
19:55:29.194 [JavaFX Application Thread] DEBUG FXGLAssetLoaderServi - Loading from file system: file:/C:/Users/andy/OneDrive/Documentos/Proyecto_procesos/target/classes/assets/textures/sprites/chino/ataque2.png
19:55:29.195 [JavaFX Application Thread] DEBUG FXGLAssetLoaderServi - Loading from file system: file:/C:/Users/andy/OneDrive/Documentos/Proyecto_procesos/target/classes/assets/textures/sprites/chino/hurt.png
19:55:29.196 [JavaFX Application Thread] DEBUG FXGLAssetLoaderServi - Loading from file system: file:/C:/Users/andy/OneDrive/Documentos/Proyecto_procesos/target/classes/assets/textures/sprites/chino/defensa.png
19:55:29.197 [JavaFX Application Thread] DEBUG FXGLAssetLoaderServi - Loading from file system: file:/C:/Users/andy/OneDrive/Documentos/Proyecto_procesos/target/classes/assets/textures/sprites/chino/correr.png
19:55:29.198 [JavaFX Application Thread] DEBUG FXGLAssetLoaderServi - Loading from file system: file:/C:/Users/andy/OneDrive/Documentos/Proyecto_procesos/target/classes/assets/textures/sprites/chino/muerte.png
19:55:50.127 [JavaFX Application Thread] DEBUG FXGLAssetLoaderServi - Loading from file system: file:/C:/Users/andy/OneDrive/Documentos/Proyecto_procesos/target/classes/assets/textures/sprites/caballero/idle.png
19:55:50.129 [JavaFX Application Thread] DEBUG FXGLAssetLoaderServi - Loading from file system: file:/C:/Users/andy/OneDrive/Documentos/Proyecto_procesos/target/classes/assets/textures/sprites/caballero/ataque1.png
19:55:50.130 [JavaFX Application Thread] DEBUG FXGLAssetLoaderServi - Loading from file system: file:/C:/Users/andy/OneDrive/Documentos/Proyecto_procesos/target/classes/assets/textures/sprites/caballero/ataque2.png
19:55:50.131 [JavaFX Application Thread] DEBUG FXGLAssetLoaderServi - Loading from file system: file:/C:/Users/andy/OneDrive/Documentos/Proyecto_procesos/target/classes/assets/textures/sprites/caballero/hurt.png
19:55:50.132 [JavaFX Application Thread] DEBUG FXGLAssetLoaderServi - Loading from file system: file:/C:/Users/andy/OneDrive/Documentos/Proyecto_procesos/target/classes/assets/textures/sprites/caballero/defensa.png
19:55:50.133 [JavaFX Application Thread] DEBUG FXGLAssetLoaderServi - Loading from file system: file:/C:/Users/andy/OneDrive/Documentos/Proyecto_procesos/target/classes/assets/textures/sprites/caballero/correr.png
19:55:50.134 [JavaFX Application Thread] DEBUG FXGLAssetLoaderServi - Loading from file system: file:/C:/Users/andy/OneDrive/Documentos/Proyecto_procesos/target/classes/assets/textures/sprites/caballero/muerte.png
19:56:30.848 [JavaFX Application Thread] DEBUG FXGLAssetLoaderServi - Loading from file system: file:/C:/Users/andy/OneDrive/Documentos/Proyecto_procesos/target/classes/assets/textures/sprites/ninja/idle.png
19:56:30.849 [JavaFX Application Thread] DEBUG FXGLAssetLoaderServi - Loading from file system: file:/C:/Users/andy/OneDrive/Documentos/Proyecto_procesos/target/classes/assets/textures/sprites/ninja/ataque1.png
19:56:30.850 [JavaFX Application Thread] DEBUG FXGLAssetLoaderServi - Loading from file system: file:/C:/Users/andy/OneDrive/Documentos/Proyecto_procesos/target/classes/assets/textures/sprites/ninja/ataque2.png
19:56:30.851 [JavaFX Application Thread] DEBUG FXGLAssetLoaderServi - Loading from file system: file:/C:/Users/andy/OneDrive/Documentos/Proyecto_procesos/target/classes/assets/textures/sprites/ninja/hurt.png
19:56:30.853 [JavaFX Application Thread] DEBUG FXGLAssetLoaderServi - Loading from file system: file:/C:/Users/andy/OneDrive/Documentos/Proyecto_procesos/target/classes/assets/textures/sprites/ninja/defensa.png
19:56:30.854 [JavaFX Application Thread] DEBUG FXGLAssetLoaderServi - Loading from file system: file:/C:/Users/andy/OneDrive/Documentos/Proyecto_procesos/target/classes/assets/textures/sprites/ninja/correr.png
19:56:30.855 [JavaFX Application Thread] DEBUG FXGLAssetLoaderServi - Loading from file system: file:/C:/Users/andy/OneDrive/Documentos/Proyecto_procesos/target/classes/assets/textures/sprites/ninja/muerte.png
19:57:07.465 [JavaFX Application Thread] DEBUG FXGLApplication      - Exiting FXGL
19:57:07.465 [JavaFX Application Thread] DEBUG LoopRunner           - Stopping loop
19:57:07.465 [JavaFX Application Thread] DEBUG SystemBundleService  - Saving FXGL system data
19:57:07.467 [JavaFX Application Thread] DEBUG FileSystemAccess     - Writing to: C:\Users\andy\OneDrive\Documentos\Proyecto_procesos\system\fxgl.bundle
19:57:07.470 [JavaFX Application Thread] DEBUG Async                - Shutting down background threads
19:57:07.470 [JavaFX Application Thread] DEBUG PrimaryStageWindow   - Closing main window
19:57:07.484 [JavaFX Application Thread] DEBUG Logger               - Closing Logger
