16:43:12.111 [main                     ] DEBUG Logger               - Configured Logger
16:43:12.119 [main                     ] DEBUG GameApplication      - Logging settings
Title: Simulador de Batalla
Version: 1.0
Width: 1024
Height: 768
Fullscreen: false
Intro: false
Profiling: false
Single step:false
App Mode: DEVELOPER
Menu Key: ESCAPE
Stage Style: DECORATED
Scene Factory: class com.almasb.fxgl.app.scene.SceneFactory

16:43:12.665 [JavaFX Application Thread] DEBUG FXGLApplication      - Initializing FXGL
16:43:12.669 [JavaFX Application Thread] INFO  Engine               - FXGL-21 (28.12.2023 13.35) on WINDOWS (J:24.0.2 FX:21.0.1)
16:43:12.669 [JavaFX Application Thread] DEBUG Engine               - JRE Vendor Name: Eclipse Adoptium
16:43:12.670 [JavaFX Application Thread] DEBUG Engine               - Running on OS: Windows 10 version 10.0
16:43:12.670 [JavaFX Application Thread] DEBUG Engine               - Architecture: amd64
16:43:12.670 [JavaFX Application Thread] INFO  Engine               - Source code and latest versions at: https://github.com/AlmasB/FXGL
16:43:12.670 [JavaFX Application Thread] INFO  Engine               -       Ask questions and discuss at: https://github.com/AlmasB/FXGL/discussions
16:43:12.670 [JavaFX Application Thread] INFO  Engine               -              Join the FXGL chat at: https://gitter.im/AlmasB/FXGL
16:43:12.863 [JavaFX Application Thread] DEBUG PrimaryStageWindow   - Creating a JavaFX scene
16:43:12.972 [JavaFX Application Thread] DEBUG PrimaryStageWindow   - Target settings size: 1024.0 x 768.0
16:43:12.972 [JavaFX Application Thread] DEBUG PrimaryStageWindow   - Scaled scene size:    1024.0 x 768.0
16:43:12.972 [JavaFX Application Thread] DEBUG PrimaryStageWindow   - Scaled ratio: (1.0, 1.0)
16:43:12.973 [JavaFX Application Thread] DEBUG PrimaryStageWindow   - Set initial scene to FXGLStartupScene
16:43:12.979 [JavaFX Application Thread] DEBUG PrimaryStageWindow   - Opening main window
16:43:13.110 [JavaFX Application Thread] DEBUG PrimaryStageWindow   - Window border size: (14.4000244140625, 37.5999755859375)
16:43:13.110 [JavaFX Application Thread] DEBUG PrimaryStageWindow   - Scaled size: 1024.0 x 768.0
16:43:13.111 [JavaFX Application Thread] DEBUG PrimaryStageWindow   - Scaled ratio: (1.0, 1.0)
16:43:13.111 [JavaFX Application Thread] DEBUG PrimaryStageWindow   - Scene size: 1024.0 x 768.0
16:43:13.111 [JavaFX Application Thread] DEBUG PrimaryStageWindow   - Stage size: 1038.4000244140625 x 805.5999755859375
16:43:13.124 [FXGL Background Thread 1 ] DEBUG Engine               - Initializing environment variables
16:43:13.207 [FXGL Background Thread 1 ] DEBUG FXGLAssetLoaderServi - User app class for loading assets: class Batalla.BattleSimulatorApp
16:43:13.208 [FXGL Background Thread 1 ] DEBUG GameApplicationServi - Applying CSS: fxgl_dark.css
16:43:13.212 [FXGL Background Thread 1 ] DEBUG FXGLAssetLoaderServi - Loading from file system: jar:file:/C:/Users/oscar/.m2/repository/com/github/almasb/fxgl/21/fxgl-21.jar!/fxglassets/ui/css/fxgl_dark.css
16:43:13.310 [FXGL Background Thread 1 ] DEBUG GameApplicationServi - Initializing application scenes
16:43:13.430 [FXGL Background Thread 1 ] DEBUG GameWorld            - Game world initialized
16:43:13.513 [FXGL Background Thread 1 ] DEBUG PhysicsWorld         - Physics world initialized: appHeight=768, physics.ppm=50.0
16:43:13.513 [FXGL Background Thread 1 ] DEBUG PhysicsWorld         - Using strategy: BRUTE_FORCE
16:43:13.519 [FXGL Background Thread 1 ] DEBUG GameScene            - Game scene initialized: 1024x768
16:43:13.536 [FXGL Background Thread 1 ] DEBUG FXGL.DefaultMenu     - createMenuBodyGameMenu()
16:43:13.560 [FXGL Background Thread 1 ] DEBUG FXGL.DefaultMenu     - createOptionsMenu()
16:43:13.576 [FXGL Background Thread 1 ] DEBUG FXGLAssetLoaderServi - Loading from file system: jar:file:/C:/Users/oscar/.m2/repository/com/github/almasb/fxgl/21/fxgl-21.jar!/fxglassets/textures/particles/smoke.png
16:43:13.705 [FXGL Background Thread 1 ] DEBUG FXGLAssetLoaderServi - Loading from file system: jar:file:/C:/Users/oscar/.m2/repository/com/github/almasb/fxgl/21/fxgl-21.jar!/fxglassets/textures/particles/trace_horizontal.png
16:43:13.746 [FXGL Background Thread 1 ] DEBUG GameApplicationServi - Application scenes initialized
16:43:13.765 [FXGL Background Thread 1 ] DEBUG SystemBundleService  - Loading FXGL system data
16:43:13.766 [FXGL Background Thread 1 ] DEBUG FileSystemAccess     - Reading from: C:\Users\oscar\IdeaProjects\Proyecto_procesos\system\fxgl.bundle
16:43:13.770 [FXGL Background Thread 1 ] DEBUG SystemBundleService  - Bundle FXGL: {}
16:43:13.770 [FXGL Background Thread 1 ] DEBUG UpdaterService       - Checking for updates
16:43:13.776 [FXGL Background Thread 4 ] DEBUG FXGLApplication      - Loading fonts
16:43:13.777 [FXGL Background Thread 4 ] DEBUG FXGLAssetLoaderServi - Loading from file system: jar:file:/C:/Users/oscar/.m2/repository/com/github/almasb/fxgl/21/fxgl-21.jar!/fxglassets/ui/fonts/VarelaRound-Regular.ttf
16:43:13.792 [FXGL Background Thread 1 ] DEBUG FXGLApplication      - Loading default localization
16:43:13.793 [FXGL Background Thread 1 ] DEBUG FXGLAssetLoaderServi - Loading from file system: jar:file:/C:/Users/oscar/.m2/repository/com/github/almasb/fxgl/21/fxgl-21.jar!/fxglassets/languages/english.lang
16:43:13.810 [FXGL Background Thread 4 ] DEBUG FXGLAssetLoaderServi - Loading from file system: jar:file:/C:/Users/oscar/.m2/repository/com/github/almasb/fxgl/21/fxgl-21.jar!/fxglassets/ui/fonts/Abel-Regular.ttf
16:43:13.825 [FXGL Background Thread 1 ] INFO  FXGLApplication      - FXGL initialization took: 0.700 sec
16:43:13.837 [JavaFX Application Thread] DEBUG FXGLAssetLoaderServi - Loading from file system: jar:file:/C:/Users/oscar/.m2/repository/com/github/almasb/fxgl/21/fxgl-21.jar!/fxglassets/textures/fxgl_icon.png
16:43:13.859 [FXGL Background Thread 4 ] DEBUG FXGLAssetLoaderServi - Loading from file system: jar:file:/C:/Users/oscar/.m2/repository/com/github/almasb/fxgl/21/fxgl-21.jar!/fxglassets/ui/fonts/TerminalLandMono-Regular.otf
16:43:13.864 [JavaFX Application Thread] DEBUG FXGLAssetLoaderServi - Loading from file system: jar:file:/C:/Users/oscar/.m2/repository/com/github/almasb/fxgl/21/fxgl-21.jar!/fxglassets/textures/fxgl_default_cursor.png
16:43:13.881 [JavaFX Application Thread] DEBUG Input                - Registered new binding: Screenshot - CTRL+8
16:43:13.881 [JavaFX Application Thread] DEBUG Input                - Registered new binding: System info dump - CTRL+9
16:43:13.882 [JavaFX Application Thread] DEBUG Input                - Registered new binding: Restart - CTRL+R
16:43:13.883 [JavaFX Application Thread] DEBUG Input                - Registered new binding: Toggle Debug Camera - CTRL+7
16:43:13.886 [JavaFX Application Thread] DEBUG LoopRunner           - Starting loop
16:43:13.887 [JavaFX Application Thread] DEBUG LoopRunner           - Initializing JavaFX AnimationTimerLoop
16:43:13.889 [JavaFX Application Thread] DEBUG GameApplicationServi - Starting new game
16:43:13.889 [JavaFX Application Thread] DEBUG Input                - Clearing active input actions
16:43:13.907 [JavaFX Application Thread] DEBUG GameApplicationServi - Removing overlay from FXGLStartupScene and adding to FXGLLoadingScene
16:43:13.907 [JavaFX Application Thread] DEBUG PrimaryStageWindow   - FXGLStartupScene -> FXGLLoadingScene
16:43:13.908 [JavaFX Application Thread] DEBUG GameApplicationServi - Clearing previous game
16:43:13.908 [JavaFX Application Thread] DEBUG GameScene            - Clearing game scene
16:43:13.908 [JavaFX Application Thread] DEBUG GameWorld            - Clearing game world
16:43:13.908 [JavaFX Application Thread] DEBUG PhysicsWorld         - Clearing physics world
16:43:13.911 [FXGL Background Thread 1 ] DEBUG FXGLApplication      - Initializing game
16:43:13.925 [FXGL Background Thread 4 ] DEBUG FXGLAssetLoaderServi - Loading from file system: jar:file:/C:/Users/oscar/.m2/repository/com/github/almasb/fxgl/21/fxgl-21.jar!/fxglassets/ui/fonts/Courier-Prime.ttf
16:43:13.939 [FXGL Background Thread 1 ] INFO  FXGLApplication      - Game initialization took: 0.028 sec
16:43:14.027 [JavaFX Application Thread] DEBUG FXGLApplication      - Registering font factories with UI factory
16:43:14.030 [JavaFX Application Thread] DEBUG Input                - Clearing active input actions
16:43:14.048 [JavaFX Application Thread] DEBUG GameApplicationServi - Removing overlay from FXGLLoadingScene and adding to GameScene
16:43:14.048 [JavaFX Application Thread] DEBUG PrimaryStageWindow   - FXGLLoadingScene -> GameScene
16:43:14.532 [FXGL Background Thread 2 ] INFO  UpdaterService       - Your current version:  21
16:43:14.532 [FXGL Background Thread 2 ] INFO  UpdaterService       - Latest stable version: 25
16:43:16.556 [JavaFX Application Thread] DEBUG FXGLAssetLoaderServi - Loading from file system: file:/C:/Users/oscar/IdeaProjects/Proyecto_procesos/target/classes/assets/textures/C.png
16:43:16.651 [JavaFX Application Thread] DEBUG FXGLAssetLoaderServi - Loading from file system: file:/C:/Users/oscar/IdeaProjects/Proyecto_procesos/target/classes/assets/textures/sprites/panda/idle.png
16:43:16.663 [JavaFX Application Thread] DEBUG FXGLAssetLoaderServi - Loading from file system: file:/C:/Users/oscar/IdeaProjects/Proyecto_procesos/target/classes/assets/textures/sprites/panda/ataque1.png
16:43:16.666 [JavaFX Application Thread] DEBUG FXGLAssetLoaderServi - Loading from file system: file:/C:/Users/oscar/IdeaProjects/Proyecto_procesos/target/classes/assets/textures/sprites/panda/ataque2.png
16:43:16.669 [JavaFX Application Thread] DEBUG FXGLAssetLoaderServi - Loading from file system: file:/C:/Users/oscar/IdeaProjects/Proyecto_procesos/target/classes/assets/textures/sprites/panda/hurt.png
16:43:16.671 [JavaFX Application Thread] DEBUG FXGLAssetLoaderServi - Loading from file system: file:/C:/Users/oscar/IdeaProjects/Proyecto_procesos/target/classes/assets/textures/sprites/panda/defensa.png
16:43:16.673 [JavaFX Application Thread] DEBUG FXGLAssetLoaderServi - Loading from file system: file:/C:/Users/oscar/IdeaProjects/Proyecto_procesos/target/classes/assets/textures/sprites/panda/correr.png
16:43:16.675 [JavaFX Application Thread] DEBUG FXGLAssetLoaderServi - Loading from file system: file:/C:/Users/oscar/IdeaProjects/Proyecto_procesos/target/classes/assets/textures/sprites/panda/muerte.png
16:43:16.677 [JavaFX Application Thread] DEBUG FXGLAssetLoaderServi - Loading from file system: file:/C:/Users/oscar/IdeaProjects/Proyecto_procesos/target/classes/assets/textures/sprites/ninja/idle.png
16:43:16.679 [JavaFX Application Thread] DEBUG FXGLAssetLoaderServi - Loading from file system: file:/C:/Users/oscar/IdeaProjects/Proyecto_procesos/target/classes/assets/textures/sprites/ninja/ataque1.png
16:43:16.681 [JavaFX Application Thread] DEBUG FXGLAssetLoaderServi - Loading from file system: file:/C:/Users/oscar/IdeaProjects/Proyecto_procesos/target/classes/assets/textures/sprites/ninja/ataque2.png
16:43:16.683 [JavaFX Application Thread] DEBUG FXGLAssetLoaderServi - Loading from file system: file:/C:/Users/oscar/IdeaProjects/Proyecto_procesos/target/classes/assets/textures/sprites/ninja/hurt.png
16:43:16.684 [JavaFX Application Thread] DEBUG FXGLAssetLoaderServi - Loading from file system: file:/C:/Users/oscar/IdeaProjects/Proyecto_procesos/target/classes/assets/textures/sprites/ninja/defensa.png
16:43:16.686 [JavaFX Application Thread] DEBUG FXGLAssetLoaderServi - Loading from file system: file:/C:/Users/oscar/IdeaProjects/Proyecto_procesos/target/classes/assets/textures/sprites/ninja/correr.png
16:43:16.688 [JavaFX Application Thread] DEBUG FXGLAssetLoaderServi - Loading from file system: file:/C:/Users/oscar/IdeaProjects/Proyecto_procesos/target/classes/assets/textures/sprites/ninja/muerte.png
16:43:16.774 [FXGL Background Thread 3 ] DEBUG Engine               - Logging environment variables
16:43:16.774 [FXGL Background Thread 3 ] DEBUG Engine               - achievements: []
16:43:16.775 [FXGL Background Thread 3 ] DEBUG Engine               - actualHeight: 768.0
16:43:16.775 [FXGL Background Thread 3 ] DEBUG Engine               - actualHeightProperty: ReadOnlyDoubleProperty [value: 768.0]
16:43:16.775 [FXGL Background Thread 3 ] DEBUG Engine               - actualWidth: 1024.0
16:43:16.775 [FXGL Background Thread 3 ] DEBUG Engine               - actualWidthProperty: ReadOnlyDoubleProperty [value: 1024.0]
16:43:16.775 [FXGL Background Thread 3 ] DEBUG Engine               - appIcon: fxgl_icon.png
16:43:16.775 [FXGL Background Thread 3 ] DEBUG Engine               - applicationMode: DEVELOPER
16:43:16.775 [FXGL Background Thread 3 ] DEBUG Engine               - cSSList: [fxgl_dark.css]
16:43:16.775 [FXGL Background Thread 3 ] DEBUG Engine               - collisionDetectionStrategy: BRUTE_FORCE
16:43:16.776 [FXGL Background Thread 3 ] DEBUG Engine               - configClass: Optional.empty
16:43:16.776 [FXGL Background Thread 3 ] DEBUG Engine               - credits: []
16:43:16.776 [FXGL Background Thread 3 ] DEBUG Engine               - defaultCursor: CursorInfo(imageName=fxgl_default_cursor.png, hotspotX=7.0, hotspotY=6.0)
16:43:16.776 [FXGL Background Thread 3 ] DEBUG Engine               - devBBoxColorProperty: ObjectProperty [value: 0xff0000ff]
16:43:16.776 [FXGL Background Thread 3 ] DEBUG Engine               - devEnableDebugCameraProperty: BooleanProperty [value: false]
16:43:16.776 [FXGL Background Thread 3 ] DEBUG Engine               - devSensorColorProperty: ObjectProperty [value: 0xffff00ff]
16:43:16.777 [FXGL Background Thread 3 ] DEBUG Engine               - devShowBBoxProperty: BooleanProperty [value: false]
16:43:16.777 [FXGL Background Thread 3 ] DEBUG Engine               - devShowPositionProperty: BooleanProperty [value: false]
16:43:16.777 [FXGL Background Thread 3 ] DEBUG Engine               - enabledMenuItems: []
16:43:16.777 [FXGL Background Thread 3 ] DEBUG Engine               - engineServices: [class com.almasb.fxgl.app.services.FXGLAssetLoaderService, class com.almasb.fxgl.app.FXGLApplication$GameApplicationService, class com.almasb.fxgl.app.services.FXGLDialogService, class com.almasb.fxgl.app.services.IOTaskExecutorService, class com.almasb.fxgl.io.FileSystemService, class com.almasb.fxgl.localization.LocalizationService, class com.almasb.fxgl.app.services.SystemBundleService, class com.almasb.fxgl.profile.SaveLoadService, class com.almasb.fxgl.ui.FXGLUIFactoryServiceProvider, class com.almasb.fxgl.ui.FXGLDialogFactoryServiceProvider, class com.almasb.fxgl.audio.AudioPlayer, class com.almasb.fxgl.notification.impl.NotificationServiceProvider, class com.almasb.fxgl.achievement.AchievementService, class com.almasb.fxgl.cutscene.CutsceneService, class com.almasb.fxgl.minigames.MiniGameService, class com.almasb.fxgl.net.NetService, class com.almasb.fxgl.app.services.UpdaterService, class com.almasb.fxgl.dev.DevService]
16:43:16.777 [FXGL Background Thread 3 ] DEBUG Engine               - fontGame: Abel-Regular.ttf
16:43:16.777 [FXGL Background Thread 3 ] DEBUG Engine               - fontMono: TerminalLandMono-Regular.otf
16:43:16.777 [FXGL Background Thread 3 ] DEBUG Engine               - fontSizeScaleUI: 1.0
16:43:16.777 [FXGL Background Thread 3 ] DEBUG Engine               - fontText: Courier-Prime.ttf
16:43:16.777 [FXGL Background Thread 3 ] DEBUG Engine               - fontUI: VarelaRound-Regular.ttf
16:43:16.777 [FXGL Background Thread 3 ] DEBUG Engine               - fullScreen: BooleanProperty [value: false]
16:43:16.778 [FXGL Background Thread 3 ] DEBUG Engine               - gameDifficulty: MEDIUM
16:43:16.778 [FXGL Background Thread 3 ] DEBUG Engine               - gameDifficultyProperty: ObjectProperty [value: MEDIUM]
16:43:16.778 [FXGL Background Thread 3 ] DEBUG Engine               - globalMusicVolume: 0.5
16:43:16.778 [FXGL Background Thread 3 ] DEBUG Engine               - globalMusicVolumeProperty: DoubleProperty [value: 0.5]
16:43:16.778 [FXGL Background Thread 3 ] DEBUG Engine               - globalSoundVolume: 0.5
16:43:16.778 [FXGL Background Thread 3 ] DEBUG Engine               - globalSoundVolumeProperty: DoubleProperty [value: 0.5]
16:43:16.779 [FXGL Background Thread 3 ] DEBUG Engine               - height: 768
16:43:16.779 [FXGL Background Thread 3 ] DEBUG Engine               - is3D: false
16:43:16.779 [FXGL Background Thread 3 ] DEBUG Engine               - isAndroid: false
16:43:16.779 [FXGL Background Thread 3 ] DEBUG Engine               - isBrowser: false
16:43:16.779 [FXGL Background Thread 3 ] DEBUG Engine               - isClickFeedbackEnabled: false
16:43:16.779 [FXGL Background Thread 3 ] DEBUG Engine               - isCloseConfirmation: false
16:43:16.779 [FXGL Background Thread 3 ] DEBUG Engine               - isDesktop: true
16:43:16.780 [FXGL Background Thread 3 ] DEBUG Engine               - isDeveloperMenuEnabled: false
16:43:16.780 [FXGL Background Thread 3 ] DEBUG Engine               - isEmbedded: false
16:43:16.780 [FXGL Background Thread 3 ] DEBUG Engine               - isEntityPreloadEnabled: true
16:43:16.780 [FXGL Background Thread 3 ] DEBUG Engine               - isExperimentalTiledLargeMap: false
16:43:16.780 [FXGL Background Thread 3 ] DEBUG Engine               - isFileSystemWriteAllowed: true
16:43:16.781 [FXGL Background Thread 3 ] DEBUG Engine               - isFullScreenAllowed: false
16:43:16.781 [FXGL Background Thread 3 ] DEBUG Engine               - isFullScreenFromStart: false
16:43:16.781 [FXGL Background Thread 3 ] DEBUG Engine               - isGameMenuEnabled: true
16:43:16.781 [FXGL Background Thread 3 ] DEBUG Engine               - isIOS: false
16:43:16.781 [FXGL Background Thread 3 ] DEBUG Engine               - isIntroEnabled: false
16:43:16.781 [FXGL Background Thread 3 ] DEBUG Engine               - isLinux: false
16:43:16.781 [FXGL Background Thread 3 ] DEBUG Engine               - isMac: false
16:43:16.781 [FXGL Background Thread 3 ] DEBUG Engine               - isMainMenuEnabled: false
16:43:16.781 [FXGL Background Thread 3 ] DEBUG Engine               - isManualResizeEnabled: false
16:43:16.781 [FXGL Background Thread 3 ] DEBUG Engine               - isMobile: false
16:43:16.781 [FXGL Background Thread 3 ] DEBUG Engine               - isNative: false
16:43:16.781 [FXGL Background Thread 3 ] DEBUG Engine               - isPauseMusicWhenMinimized: true
16:43:16.782 [FXGL Background Thread 3 ] DEBUG Engine               - isPreserveResizeRatio: false
16:43:16.782 [FXGL Background Thread 3 ] DEBUG Engine               - isProfilingEnabled: false
16:43:16.782 [FXGL Background Thread 3 ] DEBUG Engine               - isScaleAffectedOnResize: true
16:43:16.782 [FXGL Background Thread 3 ] DEBUG Engine               - isSingleStep: false
16:43:16.782 [FXGL Background Thread 3 ] DEBUG Engine               - isUserProfileEnabled: false
16:43:16.782 [FXGL Background Thread 3 ] DEBUG Engine               - isWindows: true
16:43:16.782 [FXGL Background Thread 3 ] DEBUG Engine               - language: ObjectProperty [value: ENGLISH]
16:43:16.782 [FXGL Background Thread 3 ] DEBUG Engine               - menuKey: ESCAPE
16:43:16.782 [FXGL Background Thread 3 ] DEBUG Engine               - mouseSensitivity: 0.2
16:43:16.783 [FXGL Background Thread 3 ] DEBUG Engine               - notificationViewClass: class com.almasb.fxgl.notification.view.XboxNotificationView
16:43:16.783 [FXGL Background Thread 3 ] DEBUG Engine               - pixelsPerMeter: 50.0
16:43:16.783 [FXGL Background Thread 3 ] DEBUG Engine               - platform: WINDOWS
16:43:16.783 [FXGL Background Thread 3 ] DEBUG Engine               - prefHeightProperty: ReadOnlyDoubleProperty [value: 768.0]
16:43:16.783 [FXGL Background Thread 3 ] DEBUG Engine               - prefWidthProperty: ReadOnlyDoubleProperty [value: 1024.0]
16:43:16.783 [FXGL Background Thread 3 ] DEBUG Engine               - profileDir: profiles/
16:43:16.784 [FXGL Background Thread 3 ] DEBUG Engine               - profileName: StringProperty [value: DEFAULT]
16:43:16.784 [FXGL Background Thread 3 ] DEBUG Engine               - randomSeed: -1
16:43:16.784 [FXGL Background Thread 3 ] DEBUG Engine               - runtimeInfo: RuntimeInfo(platform=WINDOWS, version=21, build=28.12.2023 13.35)
16:43:16.784 [FXGL Background Thread 3 ] DEBUG Engine               - saveFileExt: sav
16:43:16.784 [FXGL Background Thread 3 ] DEBUG Engine               - scaledHeightProp$fxgl: DoubleProperty [bound, value: 768.0]
16:43:16.784 [FXGL Background Thread 3 ] DEBUG Engine               - scaledWidthProp$fxgl: DoubleProperty [bound, value: 1024.0]
16:43:16.784 [FXGL Background Thread 3 ] DEBUG Engine               - sceneFactory: com.almasb.fxgl.app.scene.SceneFactory@a24d060
16:43:16.785 [FXGL Background Thread 3 ] DEBUG Engine               - secondsIn24h: 60
16:43:16.785 [FXGL Background Thread 3 ] DEBUG Engine               - soundMenuBack: menu/back.wav
16:43:16.785 [FXGL Background Thread 3 ] DEBUG Engine               - soundMenuPress: menu/press.wav
16:43:16.785 [FXGL Background Thread 3 ] DEBUG Engine               - soundMenuSelect: menu/select.wav
16:43:16.785 [FXGL Background Thread 3 ] DEBUG Engine               - soundNotification: core/notification.wav
16:43:16.785 [FXGL Background Thread 3 ] DEBUG Engine               - stageStyle: DECORATED
16:43:16.785 [FXGL Background Thread 3 ] DEBUG Engine               - supportedLanguages: [ENGLISH, FRENCH, GERMAN, HUNGARIAN, RUSSIAN]
16:43:16.785 [FXGL Background Thread 3 ] DEBUG Engine               - ticksPerSecond: -1
16:43:16.785 [FXGL Background Thread 3 ] DEBUG Engine               - title: Simulador de Batalla
16:43:16.785 [FXGL Background Thread 3 ] DEBUG Engine               - urlGithub: https://github.com/AlmasB/FXGL
16:43:16.786 [FXGL Background Thread 3 ] DEBUG Engine               - urlLeaderboard: http://fxgl-top.herokuapp.com/
16:43:16.786 [FXGL Background Thread 3 ] DEBUG Engine               - urlPOM: https://raw.githubusercontent.com/AlmasB/FXGL/release/README.md
16:43:16.786 [FXGL Background Thread 3 ] DEBUG Engine               - userAppClass: class Batalla.BattleSimulatorApp
16:43:16.786 [FXGL Background Thread 3 ] DEBUG Engine               - version: 1.0
16:43:16.786 [FXGL Background Thread 3 ] DEBUG Engine               - versionCheckDays: 7
16:43:16.786 [FXGL Background Thread 3 ] DEBUG Engine               - width: 1024
16:43:16.786 [FXGL Background Thread 3 ] DEBUG Engine               - Logging services
16:43:16.786 [FXGL Background Thread 3 ] DEBUG Engine               - class com.almasb.fxgl.app.services.FXGLAssetLoaderService
16:43:16.786 [FXGL Background Thread 3 ] DEBUG Engine               - class com.almasb.fxgl.app.FXGLApplication$GameApplicationService
16:43:16.786 [FXGL Background Thread 3 ] DEBUG Engine               - class com.almasb.fxgl.app.services.FXGLDialogService
16:43:16.786 [FXGL Background Thread 3 ] DEBUG Engine               - class com.almasb.fxgl.app.services.IOTaskExecutorService
16:43:16.786 [FXGL Background Thread 3 ] DEBUG Engine               - class com.almasb.fxgl.io.FileSystemService
16:43:16.786 [FXGL Background Thread 3 ] DEBUG Engine               - class com.almasb.fxgl.localization.LocalizationService
16:43:16.786 [FXGL Background Thread 3 ] DEBUG Engine               - class com.almasb.fxgl.app.services.SystemBundleService
16:43:16.787 [FXGL Background Thread 3 ] DEBUG Engine               - class com.almasb.fxgl.profile.SaveLoadService
16:43:16.787 [FXGL Background Thread 3 ] DEBUG Engine               - class com.almasb.fxgl.ui.FXGLUIFactoryServiceProvider
16:43:16.787 [FXGL Background Thread 3 ] DEBUG Engine               - class com.almasb.fxgl.ui.FXGLDialogFactoryServiceProvider
16:43:16.787 [FXGL Background Thread 3 ] DEBUG Engine               - class com.almasb.fxgl.audio.AudioPlayer
16:43:16.787 [FXGL Background Thread 3 ] DEBUG Engine               - class com.almasb.fxgl.notification.impl.NotificationServiceProvider
16:43:16.787 [FXGL Background Thread 3 ] DEBUG Engine               - class com.almasb.fxgl.achievement.AchievementService
16:43:16.787 [FXGL Background Thread 3 ] DEBUG Engine               - class com.almasb.fxgl.cutscene.CutsceneService
16:43:16.787 [FXGL Background Thread 3 ] DEBUG Engine               - class com.almasb.fxgl.minigames.MiniGameService
16:43:16.787 [FXGL Background Thread 3 ] DEBUG Engine               - class com.almasb.fxgl.net.NetService
16:43:16.787 [FXGL Background Thread 3 ] DEBUG Engine               - class com.almasb.fxgl.app.services.UpdaterService
16:43:16.787 [FXGL Background Thread 3 ] DEBUG Engine               - class com.almasb.fxgl.dev.DevService
16:43:24.932 [JavaFX Application Thread] DEBUG FXGLApplication      - Exiting FXGL
16:43:24.932 [JavaFX Application Thread] DEBUG LoopRunner           - Stopping loop
16:43:24.932 [JavaFX Application Thread] DEBUG SystemBundleService  - Saving FXGL system data
16:43:24.936 [JavaFX Application Thread] DEBUG FileSystemAccess     - Writing to: C:\Users\oscar\IdeaProjects\Proyecto_procesos\system\fxgl.bundle
16:43:24.939 [JavaFX Application Thread] DEBUG Async                - Shutting down background threads
16:43:24.940 [JavaFX Application Thread] DEBUG PrimaryStageWindow   - Closing main window
16:43:24.973 [JavaFX Application Thread] DEBUG Logger               - Closing Logger
