20:18:50.147 [main                     ] DEBUG Logger               - Configured Logger
20:18:50.174 [main                     ] DEBUG GameApplication      - Logging settings
Title: Simulador de Batalla
Version: 1.0
Width: 1024
Height: 768
Fullscreen: false
Intro: false
Profiling: false
Single step:false
App Mode: DEVELOPER
Menu Key: ESCAPE
Stage Style: DECORATED
Scene Factory: class com.almasb.fxgl.app.scene.SceneFactory

20:18:50.627 [JavaFX Application Thread] DEBUG FXGLApplication      - Initializing FXGL
20:18:50.632 [JavaFX Application Thread] INFO  Engine               - FXGL-21 (28.12.2023 13.35) on WINDOWS (J:23.0.2 FX:21.0.1)
20:18:50.633 [JavaFX Application Thread] DEBUG Engine               - JRE Vendor Name: Oracle Corporation
20:18:50.633 [JavaFX Application Thread] DEBUG Engine               - Running on OS: Windows 10 version 10.0
20:18:50.633 [JavaFX Application Thread] DEBUG Engine               - Architecture: amd64
20:18:50.633 [JavaFX Application Thread] INFO  Engine               - Source code and latest versions at: https://github.com/AlmasB/FXGL
20:18:50.634 [JavaFX Application Thread] INFO  Engine               -       Ask questions and discuss at: https://github.com/AlmasB/FXGL/discussions
20:18:50.634 [JavaFX Application Thread] INFO  Engine               -              Join the FXGL chat at: https://gitter.im/AlmasB/FXGL
20:18:50.860 [JavaFX Application Thread] DEBUG PrimaryStageWindow   - Creating a JavaFX scene
20:18:50.934 [JavaFX Application Thread] DEBUG PrimaryStageWindow   - Target settings size: 1024.0 x 768.0
20:18:50.934 [JavaFX Application Thread] DEBUG PrimaryStageWindow   - Scaled scene size:    1024.0 x 768.0
20:18:50.934 [JavaFX Application Thread] DEBUG PrimaryStageWindow   - Scaled ratio: (1.0, 1.0)
20:18:50.936 [JavaFX Application Thread] DEBUG PrimaryStageWindow   - Set initial scene to FXGLStartupScene
20:18:50.941 [JavaFX Application Thread] DEBUG PrimaryStageWindow   - Opening main window
20:18:51.060 [JavaFX Application Thread] DEBUG PrimaryStageWindow   - Window border size: (14.4000244140625, 37.5999755859375)
20:18:51.061 [JavaFX Application Thread] DEBUG PrimaryStageWindow   - Scaled size: 1024.0 x 768.0
20:18:51.062 [JavaFX Application Thread] DEBUG PrimaryStageWindow   - Scaled ratio: (1.0, 1.0)
20:18:51.063 [JavaFX Application Thread] DEBUG PrimaryStageWindow   - Scene size: 1024.0 x 768.0
20:18:51.064 [JavaFX Application Thread] DEBUG PrimaryStageWindow   - Stage size: 1038.4000244140625 x 805.5999755859375
20:18:51.080 [FXGL Background Thread 1 ] DEBUG Engine               - Initializing environment variables
20:18:51.156 [FXGL Background Thread 1 ] DEBUG FXGLAssetLoaderServi - User app class for loading assets: class Batalla.BattleSimulatorApp
20:18:51.157 [FXGL Background Thread 1 ] DEBUG GameApplicationServi - Applying CSS: fxgl_dark.css
20:18:51.158 [FXGL Background Thread 1 ] DEBUG FXGLAssetLoaderServi - Loading from file system: jar:file:/C:/Users/oscar/.m2/repository/com/github/almasb/fxgl/21/fxgl-21.jar!/fxglassets/ui/css/fxgl_dark.css
20:18:51.250 [FXGL Background Thread 1 ] DEBUG GameApplicationServi - Initializing application scenes
20:18:51.346 [FXGL Background Thread 1 ] DEBUG GameWorld            - Game world initialized
20:18:51.458 [FXGL Background Thread 1 ] DEBUG PhysicsWorld         - Physics world initialized: appHeight=768, physics.ppm=50.0
20:18:51.459 [FXGL Background Thread 1 ] DEBUG PhysicsWorld         - Using strategy: BRUTE_FORCE
20:18:51.465 [FXGL Background Thread 1 ] DEBUG GameScene            - Game scene initialized: 1024x768
20:18:51.484 [FXGL Background Thread 1 ] DEBUG FXGL.DefaultMenu     - createMenuBodyGameMenu()
20:18:51.511 [FXGL Background Thread 1 ] DEBUG FXGL.DefaultMenu     - createOptionsMenu()
20:18:51.526 [FXGL Background Thread 1 ] DEBUG FXGLAssetLoaderServi - Loading from file system: jar:file:/C:/Users/oscar/.m2/repository/com/github/almasb/fxgl/21/fxgl-21.jar!/fxglassets/textures/particles/smoke.png
20:18:51.677 [FXGL Background Thread 1 ] DEBUG FXGLAssetLoaderServi - Loading from file system: jar:file:/C:/Users/oscar/.m2/repository/com/github/almasb/fxgl/21/fxgl-21.jar!/fxglassets/textures/particles/trace_horizontal.png
20:18:51.713 [FXGL Background Thread 1 ] DEBUG GameApplicationServi - Application scenes initialized
20:18:51.738 [FXGL Background Thread 1 ] DEBUG SystemBundleService  - Loading FXGL system data
20:18:51.739 [FXGL Background Thread 1 ] DEBUG FileSystemAccess     - Reading from: C:\Users\oscar\IdeaProjects\Batalla\system\fxgl.bundle
20:18:51.743 [FXGL Background Thread 1 ] DEBUG SystemBundleService  - Bundle FXGL: {}
20:18:51.743 [FXGL Background Thread 1 ] DEBUG UpdaterService       - Checking for updates
20:18:51.750 [FXGL Background Thread 4 ] DEBUG FXGLApplication      - Loading fonts
20:18:51.751 [FXGL Background Thread 1 ] DEBUG FXGLApplication      - Loading default localization
20:18:51.751 [FXGL Background Thread 4 ] DEBUG FXGLAssetLoaderServi - Loading from file system: jar:file:/C:/Users/oscar/.m2/repository/com/github/almasb/fxgl/21/fxgl-21.jar!/fxglassets/ui/fonts/VarelaRound-Regular.ttf
20:18:51.751 [FXGL Background Thread 1 ] DEBUG FXGLAssetLoaderServi - Loading from file system: jar:file:/C:/Users/oscar/.m2/repository/com/github/almasb/fxgl/21/fxgl-21.jar!/fxglassets/languages/english.lang
20:18:51.773 [FXGL Background Thread 4 ] DEBUG FXGLAssetLoaderServi - Loading from file system: jar:file:/C:/Users/oscar/.m2/repository/com/github/almasb/fxgl/21/fxgl-21.jar!/fxglassets/ui/fonts/Abel-Regular.ttf
20:18:51.784 [FXGL Background Thread 4 ] DEBUG FXGLAssetLoaderServi - Loading from file system: jar:file:/C:/Users/oscar/.m2/repository/com/github/almasb/fxgl/21/fxgl-21.jar!/fxglassets/ui/fonts/TerminalLandMono-Regular.otf
20:18:51.796 [FXGL Background Thread 1 ] INFO  FXGLApplication      - FXGL initialization took: 0.716 sec
20:18:51.798 [JavaFX Application Thread] DEBUG FXGLAssetLoaderServi - Loading from file system: jar:file:/C:/Users/oscar/.m2/repository/com/github/almasb/fxgl/21/fxgl-21.jar!/fxglassets/textures/fxgl_icon.png
20:18:51.818 [JavaFX Application Thread] DEBUG FXGLAssetLoaderServi - Loading from file system: jar:file:/C:/Users/oscar/.m2/repository/com/github/almasb/fxgl/21/fxgl-21.jar!/fxglassets/textures/fxgl_default_cursor.png
20:18:51.826 [FXGL Background Thread 4 ] DEBUG FXGLAssetLoaderServi - Loading from file system: jar:file:/C:/Users/oscar/.m2/repository/com/github/almasb/fxgl/21/fxgl-21.jar!/fxglassets/ui/fonts/Courier-Prime.ttf
20:18:51.837 [JavaFX Application Thread] DEBUG Input                - Registered new binding: Screenshot - CTRL+8
20:18:51.837 [JavaFX Application Thread] DEBUG Input                - Registered new binding: System info dump - CTRL+9
20:18:51.838 [JavaFX Application Thread] DEBUG Input                - Registered new binding: Restart - CTRL+R
20:18:51.839 [JavaFX Application Thread] DEBUG Input                - Registered new binding: Toggle Debug Camera - CTRL+7
20:18:51.846 [JavaFX Application Thread] DEBUG LoopRunner           - Starting loop
20:18:51.847 [JavaFX Application Thread] DEBUG LoopRunner           - Initializing JavaFX AnimationTimerLoop
20:18:51.850 [JavaFX Application Thread] DEBUG GameApplicationServi - Starting new game
20:18:51.851 [JavaFX Application Thread] DEBUG Input                - Clearing active input actions
20:18:51.866 [JavaFX Application Thread] DEBUG GameApplicationServi - Removing overlay from FXGLStartupScene and adding to FXGLLoadingScene
20:18:51.866 [JavaFX Application Thread] DEBUG PrimaryStageWindow   - FXGLStartupScene -> FXGLLoadingScene
20:18:51.867 [JavaFX Application Thread] DEBUG GameApplicationServi - Clearing previous game
20:18:51.867 [JavaFX Application Thread] DEBUG GameScene            - Clearing game scene
20:18:51.867 [JavaFX Application Thread] DEBUG GameWorld            - Clearing game world
20:18:51.867 [JavaFX Application Thread] DEBUG PhysicsWorld         - Clearing physics world
20:18:51.869 [FXGL Background Thread 4 ] DEBUG FXGLApplication      - Initializing game
20:18:51.869 [JavaFX Application Thread] DEBUG FXGLApplication      - Registering font factories with UI factory
20:18:51.879 [FXGL Background Thread 4 ] INFO  FXGLApplication      - Game initialization took: 0.010 sec
20:18:51.957 [JavaFX Application Thread] DEBUG Input                - Clearing active input actions
20:18:51.975 [JavaFX Application Thread] DEBUG GameApplicationServi - Removing overlay from FXGLLoadingScene and adding to GameScene
20:18:51.975 [JavaFX Application Thread] DEBUG PrimaryStageWindow   - FXGLLoadingScene -> GameScene
20:18:52.547 [FXGL Background Thread 2 ] INFO  UpdaterService       - Your current version:  21
20:18:52.547 [FXGL Background Thread 2 ] INFO  UpdaterService       - Latest stable version: 25
20:18:53.968 [JavaFX Application Thread] DEBUG FXGLAssetLoaderServi - Loading from file system: file:/C:/Users/oscar/IdeaProjects/Batalla/target/classes/assets/textures/sprites/demon/idle.png
20:18:53.979 [JavaFX Application Thread] DEBUG FXGLAssetLoaderServi - Loading from file system: file:/C:/Users/oscar/IdeaProjects/Batalla/target/classes/assets/textures/sprites/demon/ataque1.png
20:18:53.982 [JavaFX Application Thread] DEBUG FXGLAssetLoaderServi - Loading from file system: file:/C:/Users/oscar/IdeaProjects/Batalla/target/classes/assets/textures/sprites/demon/ataque2.png
20:18:53.985 [JavaFX Application Thread] DEBUG FXGLAssetLoaderServi - Loading from file system: file:/C:/Users/oscar/IdeaProjects/Batalla/target/classes/assets/textures/sprites/demon/hurt.png
20:18:53.988 [JavaFX Application Thread] DEBUG FXGLAssetLoaderServi - Loading from file system: file:/C:/Users/oscar/IdeaProjects/Batalla/target/classes/assets/textures/sprites/demon/defensa.png
20:18:53.991 [JavaFX Application Thread] DEBUG FXGLAssetLoaderServi - Loading from file system: file:/C:/Users/oscar/IdeaProjects/Batalla/target/classes/assets/textures/sprites/demon/correr.png
20:18:53.994 [JavaFX Application Thread] DEBUG FXGLAssetLoaderServi - Loading from file system: file:/C:/Users/oscar/IdeaProjects/Batalla/target/classes/assets/textures/sprites/demon/muerte.png
20:18:54.003 [JavaFX Application Thread] DEBUG FXGLAssetLoaderServi - Loading from file system: file:/C:/Users/oscar/IdeaProjects/Batalla/target/classes/assets/textures/sprites/caballero/idle.png
20:18:54.007 [JavaFX Application Thread] DEBUG FXGLAssetLoaderServi - Loading from file system: file:/C:/Users/oscar/IdeaProjects/Batalla/target/classes/assets/textures/sprites/caballero/ataque1.png
20:18:54.010 [JavaFX Application Thread] DEBUG FXGLAssetLoaderServi - Loading from file system: file:/C:/Users/oscar/IdeaProjects/Batalla/target/classes/assets/textures/sprites/caballero/ataque2.png
20:18:54.013 [JavaFX Application Thread] DEBUG FXGLAssetLoaderServi - Loading from file system: file:/C:/Users/oscar/IdeaProjects/Batalla/target/classes/assets/textures/sprites/caballero/hurt.png
20:18:54.015 [JavaFX Application Thread] DEBUG FXGLAssetLoaderServi - Loading from file system: file:/C:/Users/oscar/IdeaProjects/Batalla/target/classes/assets/textures/sprites/caballero/defensa.png
20:18:54.018 [JavaFX Application Thread] DEBUG FXGLAssetLoaderServi - Loading from file system: file:/C:/Users/oscar/IdeaProjects/Batalla/target/classes/assets/textures/sprites/caballero/correr.png
20:18:54.020 [JavaFX Application Thread] DEBUG FXGLAssetLoaderServi - Loading from file system: file:/C:/Users/oscar/IdeaProjects/Batalla/target/classes/assets/textures/sprites/caballero/muerte.png
20:18:54.747 [FXGL Background Thread 3 ] DEBUG Engine               - Logging environment variables
20:18:54.748 [FXGL Background Thread 3 ] DEBUG Engine               - achievements: []
20:18:54.748 [FXGL Background Thread 3 ] DEBUG Engine               - actualHeight: 768.0
20:18:54.749 [FXGL Background Thread 3 ] DEBUG Engine               - actualHeightProperty: ReadOnlyDoubleProperty [value: 768.0]
20:18:54.749 [FXGL Background Thread 3 ] DEBUG Engine               - actualWidth: 1024.0
20:18:54.749 [FXGL Background Thread 3 ] DEBUG Engine               - actualWidthProperty: ReadOnlyDoubleProperty [value: 1024.0]
20:18:54.749 [FXGL Background Thread 3 ] DEBUG Engine               - appIcon: fxgl_icon.png
20:18:54.749 [FXGL Background Thread 3 ] DEBUG Engine               - applicationMode: DEVELOPER
20:18:54.750 [FXGL Background Thread 3 ] DEBUG Engine               - cSSList: [fxgl_dark.css]
20:18:54.750 [FXGL Background Thread 3 ] DEBUG Engine               - collisionDetectionStrategy: BRUTE_FORCE
20:18:54.750 [FXGL Background Thread 3 ] DEBUG Engine               - configClass: Optional.empty
20:18:54.750 [FXGL Background Thread 3 ] DEBUG Engine               - credits: []
20:18:54.751 [FXGL Background Thread 3 ] DEBUG Engine               - defaultCursor: CursorInfo(imageName=fxgl_default_cursor.png, hotspotX=7.0, hotspotY=6.0)
20:18:54.752 [FXGL Background Thread 3 ] DEBUG Engine               - devBBoxColorProperty: ObjectProperty [value: 0xff0000ff]
20:18:54.752 [FXGL Background Thread 3 ] DEBUG Engine               - devEnableDebugCameraProperty: BooleanProperty [value: false]
20:18:54.752 [FXGL Background Thread 3 ] DEBUG Engine               - devSensorColorProperty: ObjectProperty [value: 0xffff00ff]
20:18:54.752 [FXGL Background Thread 3 ] DEBUG Engine               - devShowBBoxProperty: BooleanProperty [value: false]
20:18:54.753 [FXGL Background Thread 3 ] DEBUG Engine               - devShowPositionProperty: BooleanProperty [value: false]
20:18:54.753 [FXGL Background Thread 3 ] DEBUG Engine               - enabledMenuItems: []
20:18:54.753 [FXGL Background Thread 3 ] DEBUG Engine               - engineServices: [class com.almasb.fxgl.app.services.FXGLAssetLoaderService, class com.almasb.fxgl.app.FXGLApplication$GameApplicationService, class com.almasb.fxgl.app.services.FXGLDialogService, class com.almasb.fxgl.app.services.IOTaskExecutorService, class com.almasb.fxgl.io.FileSystemService, class com.almasb.fxgl.localization.LocalizationService, class com.almasb.fxgl.app.services.SystemBundleService, class com.almasb.fxgl.profile.SaveLoadService, class com.almasb.fxgl.ui.FXGLUIFactoryServiceProvider, class com.almasb.fxgl.ui.FXGLDialogFactoryServiceProvider, class com.almasb.fxgl.audio.AudioPlayer, class com.almasb.fxgl.notification.impl.NotificationServiceProvider, class com.almasb.fxgl.achievement.AchievementService, class com.almasb.fxgl.cutscene.CutsceneService, class com.almasb.fxgl.minigames.MiniGameService, class com.almasb.fxgl.net.NetService, class com.almasb.fxgl.app.services.UpdaterService, class com.almasb.fxgl.dev.DevService]
20:18:54.753 [FXGL Background Thread 3 ] DEBUG Engine               - fontGame: Abel-Regular.ttf
20:18:54.754 [FXGL Background Thread 3 ] DEBUG Engine               - fontMono: TerminalLandMono-Regular.otf
20:18:54.754 [FXGL Background Thread 3 ] DEBUG Engine               - fontSizeScaleUI: 1.0
20:18:54.754 [FXGL Background Thread 3 ] DEBUG Engine               - fontText: Courier-Prime.ttf
20:18:54.754 [FXGL Background Thread 3 ] DEBUG Engine               - fontUI: VarelaRound-Regular.ttf
20:18:54.754 [FXGL Background Thread 3 ] DEBUG Engine               - fullScreen: BooleanProperty [value: false]
20:18:54.754 [FXGL Background Thread 3 ] DEBUG Engine               - gameDifficulty: MEDIUM
20:18:54.754 [FXGL Background Thread 3 ] DEBUG Engine               - gameDifficultyProperty: ObjectProperty [value: MEDIUM]
20:18:54.756 [FXGL Background Thread 3 ] DEBUG Engine               - globalMusicVolume: 0.5
20:18:54.756 [FXGL Background Thread 3 ] DEBUG Engine               - globalMusicVolumeProperty: DoubleProperty [value: 0.5]
20:18:54.756 [FXGL Background Thread 3 ] DEBUG Engine               - globalSoundVolume: 0.5
20:18:54.756 [FXGL Background Thread 3 ] DEBUG Engine               - globalSoundVolumeProperty: DoubleProperty [value: 0.5]
20:18:54.756 [FXGL Background Thread 3 ] DEBUG Engine               - height: 768
20:18:54.757 [FXGL Background Thread 3 ] DEBUG Engine               - is3D: false
20:18:54.757 [FXGL Background Thread 3 ] DEBUG Engine               - isAndroid: false
20:18:54.757 [FXGL Background Thread 3 ] DEBUG Engine               - isBrowser: false
20:18:54.757 [FXGL Background Thread 3 ] DEBUG Engine               - isClickFeedbackEnabled: false
20:18:54.757 [FXGL Background Thread 3 ] DEBUG Engine               - isCloseConfirmation: false
20:18:54.758 [FXGL Background Thread 3 ] DEBUG Engine               - isDesktop: true
20:18:54.758 [FXGL Background Thread 3 ] DEBUG Engine               - isDeveloperMenuEnabled: false
20:18:54.758 [FXGL Background Thread 3 ] DEBUG Engine               - isEmbedded: false
20:18:54.758 [FXGL Background Thread 3 ] DEBUG Engine               - isEntityPreloadEnabled: true
20:18:54.758 [FXGL Background Thread 3 ] DEBUG Engine               - isExperimentalTiledLargeMap: false
20:18:54.759 [FXGL Background Thread 3 ] DEBUG Engine               - isFileSystemWriteAllowed: true
20:18:54.759 [FXGL Background Thread 3 ] DEBUG Engine               - isFullScreenAllowed: false
20:18:54.759 [FXGL Background Thread 3 ] DEBUG Engine               - isFullScreenFromStart: false
20:18:54.759 [FXGL Background Thread 3 ] DEBUG Engine               - isGameMenuEnabled: true
20:18:54.759 [FXGL Background Thread 3 ] DEBUG Engine               - isIOS: false
20:18:54.759 [FXGL Background Thread 3 ] DEBUG Engine               - isIntroEnabled: false
20:18:54.759 [FXGL Background Thread 3 ] DEBUG Engine               - isLinux: false
20:18:54.759 [FXGL Background Thread 3 ] DEBUG Engine               - isMac: false
20:18:54.759 [FXGL Background Thread 3 ] DEBUG Engine               - isMainMenuEnabled: false
20:18:54.760 [FXGL Background Thread 3 ] DEBUG Engine               - isManualResizeEnabled: false
20:18:54.760 [FXGL Background Thread 3 ] DEBUG Engine               - isMobile: false
20:18:54.760 [FXGL Background Thread 3 ] DEBUG Engine               - isNative: false
20:18:54.760 [FXGL Background Thread 3 ] DEBUG Engine               - isPauseMusicWhenMinimized: true
20:18:54.760 [FXGL Background Thread 3 ] DEBUG Engine               - isPreserveResizeRatio: false
20:18:54.760 [FXGL Background Thread 3 ] DEBUG Engine               - isProfilingEnabled: false
20:18:54.760 [FXGL Background Thread 3 ] DEBUG Engine               - isScaleAffectedOnResize: true
20:18:54.760 [FXGL Background Thread 3 ] DEBUG Engine               - isSingleStep: false
20:18:54.760 [FXGL Background Thread 3 ] DEBUG Engine               - isUserProfileEnabled: false
20:18:54.761 [FXGL Background Thread 3 ] DEBUG Engine               - isWindows: true
20:18:54.761 [FXGL Background Thread 3 ] DEBUG Engine               - language: ObjectProperty [value: ENGLISH]
20:18:54.761 [FXGL Background Thread 3 ] DEBUG Engine               - menuKey: ESCAPE
20:18:54.761 [FXGL Background Thread 3 ] DEBUG Engine               - mouseSensitivity: 0.2
20:18:54.761 [FXGL Background Thread 3 ] DEBUG Engine               - notificationViewClass: class com.almasb.fxgl.notification.view.XboxNotificationView
20:18:54.761 [FXGL Background Thread 3 ] DEBUG Engine               - pixelsPerMeter: 50.0
20:18:54.761 [FXGL Background Thread 3 ] DEBUG Engine               - platform: WINDOWS
20:18:54.761 [FXGL Background Thread 3 ] DEBUG Engine               - prefHeightProperty: ReadOnlyDoubleProperty [value: 768.0]
20:18:54.761 [FXGL Background Thread 3 ] DEBUG Engine               - prefWidthProperty: ReadOnlyDoubleProperty [value: 1024.0]
20:18:54.762 [FXGL Background Thread 3 ] DEBUG Engine               - profileDir: profiles/
20:18:54.762 [FXGL Background Thread 3 ] DEBUG Engine               - profileName: StringProperty [value: DEFAULT]
20:18:54.762 [FXGL Background Thread 3 ] DEBUG Engine               - randomSeed: -1
20:18:54.762 [FXGL Background Thread 3 ] DEBUG Engine               - runtimeInfo: RuntimeInfo(platform=WINDOWS, version=21, build=28.12.2023 13.35)
20:18:54.762 [FXGL Background Thread 3 ] DEBUG Engine               - saveFileExt: sav
20:18:54.763 [FXGL Background Thread 3 ] DEBUG Engine               - scaledHeightProp$fxgl: DoubleProperty [bound, value: 768.0]
20:18:54.763 [FXGL Background Thread 3 ] DEBUG Engine               - scaledWidthProp$fxgl: DoubleProperty [bound, value: 1024.0]
20:18:54.763 [FXGL Background Thread 3 ] DEBUG Engine               - sceneFactory: com.almasb.fxgl.app.scene.SceneFactory@20fa8b40
20:18:54.763 [FXGL Background Thread 3 ] DEBUG Engine               - secondsIn24h: 60
20:18:54.763 [FXGL Background Thread 3 ] DEBUG Engine               - soundMenuBack: menu/back.wav
20:18:54.763 [FXGL Background Thread 3 ] DEBUG Engine               - soundMenuPress: menu/press.wav
20:18:54.763 [FXGL Background Thread 3 ] DEBUG Engine               - soundMenuSelect: menu/select.wav
20:18:54.763 [FXGL Background Thread 3 ] DEBUG Engine               - soundNotification: core/notification.wav
20:18:54.763 [FXGL Background Thread 3 ] DEBUG Engine               - stageStyle: DECORATED
20:18:54.763 [FXGL Background Thread 3 ] DEBUG Engine               - supportedLanguages: [ENGLISH, FRENCH, GERMAN, HUNGARIAN, RUSSIAN]
20:18:54.763 [FXGL Background Thread 3 ] DEBUG Engine               - ticksPerSecond: -1
20:18:54.763 [FXGL Background Thread 3 ] DEBUG Engine               - title: Simulador de Batalla
20:18:54.763 [FXGL Background Thread 3 ] DEBUG Engine               - urlGithub: https://github.com/AlmasB/FXGL
20:18:54.763 [FXGL Background Thread 3 ] DEBUG Engine               - urlLeaderboard: http://fxgl-top.herokuapp.com/
20:18:54.763 [FXGL Background Thread 3 ] DEBUG Engine               - urlPOM: https://raw.githubusercontent.com/AlmasB/FXGL/release/README.md
20:18:54.763 [FXGL Background Thread 3 ] DEBUG Engine               - userAppClass: class Batalla.BattleSimulatorApp
20:18:54.763 [FXGL Background Thread 3 ] DEBUG Engine               - version: 1.0
20:18:54.764 [FXGL Background Thread 3 ] DEBUG Engine               - versionCheckDays: 7
20:18:54.764 [FXGL Background Thread 3 ] DEBUG Engine               - width: 1024
20:18:54.764 [FXGL Background Thread 3 ] DEBUG Engine               - Logging services
20:18:54.764 [FXGL Background Thread 3 ] DEBUG Engine               - class com.almasb.fxgl.app.services.FXGLAssetLoaderService
20:18:54.764 [FXGL Background Thread 3 ] DEBUG Engine               - class com.almasb.fxgl.app.FXGLApplication$GameApplicationService
20:18:54.764 [FXGL Background Thread 3 ] DEBUG Engine               - class com.almasb.fxgl.app.services.FXGLDialogService
20:18:54.764 [FXGL Background Thread 3 ] DEBUG Engine               - class com.almasb.fxgl.app.services.IOTaskExecutorService
20:18:54.764 [FXGL Background Thread 3 ] DEBUG Engine               - class com.almasb.fxgl.io.FileSystemService
20:18:54.764 [FXGL Background Thread 3 ] DEBUG Engine               - class com.almasb.fxgl.localization.LocalizationService
20:18:54.764 [FXGL Background Thread 3 ] DEBUG Engine               - class com.almasb.fxgl.app.services.SystemBundleService
20:18:54.764 [FXGL Background Thread 3 ] DEBUG Engine               - class com.almasb.fxgl.profile.SaveLoadService
20:18:54.764 [FXGL Background Thread 3 ] DEBUG Engine               - class com.almasb.fxgl.ui.FXGLUIFactoryServiceProvider
20:18:54.764 [FXGL Background Thread 3 ] DEBUG Engine               - class com.almasb.fxgl.ui.FXGLDialogFactoryServiceProvider
20:18:54.764 [FXGL Background Thread 3 ] DEBUG Engine               - class com.almasb.fxgl.audio.AudioPlayer
20:18:54.764 [FXGL Background Thread 3 ] DEBUG Engine               - class com.almasb.fxgl.notification.impl.NotificationServiceProvider
20:18:54.764 [FXGL Background Thread 3 ] DEBUG Engine               - class com.almasb.fxgl.achievement.AchievementService
20:18:54.764 [FXGL Background Thread 3 ] DEBUG Engine               - class com.almasb.fxgl.cutscene.CutsceneService
20:18:54.764 [FXGL Background Thread 3 ] DEBUG Engine               - class com.almasb.fxgl.minigames.MiniGameService
20:18:54.764 [FXGL Background Thread 3 ] DEBUG Engine               - class com.almasb.fxgl.net.NetService
20:18:54.764 [FXGL Background Thread 3 ] DEBUG Engine               - class com.almasb.fxgl.app.services.UpdaterService
20:18:54.764 [FXGL Background Thread 3 ] DEBUG Engine               - class com.almasb.fxgl.dev.DevService
20:19:19.946 [JavaFX Application Thread] DEBUG FXGLApplication      - Exiting FXGL
20:19:19.946 [JavaFX Application Thread] DEBUG LoopRunner           - Stopping loop
20:19:19.946 [JavaFX Application Thread] DEBUG SystemBundleService  - Saving FXGL system data
20:19:19.949 [JavaFX Application Thread] DEBUG FileSystemAccess     - Writing to: C:\Users\oscar\IdeaProjects\Batalla\system\fxgl.bundle
20:19:19.951 [JavaFX Application Thread] DEBUG Async                - Shutting down background threads
20:19:19.951 [JavaFX Application Thread] DEBUG PrimaryStageWindow   - Closing main window
20:19:19.977 [JavaFX Application Thread] DEBUG Logger               - Closing Logger
