18:24:22.931 [main                     ] DEBUG Logger               - Configured Logger
18:24:22.977 [main                     ] DEBUG GameApplication      - Logging settings
Title: Simulador de Batalla
Version: 1.0
Width: 1024
Height: 768
Fullscreen: false
Intro: false
Profiling: false
Single step:false
App Mode: DEVELOPER
Menu Key: ESCAPE
Stage Style: DECORATED
Scene Factory: class com.almasb.fxgl.app.scene.SceneFactory

18:24:23.715 [JavaFX Application Thread] DEBUG FXGLApplication      - Initializing FXGL
18:24:23.730 [JavaFX Application Thread] INFO  Engine               - FXGL-21 (28.12.2023 13.35) on WINDOWS (J:21.0.10 FX:21.0.1)
18:24:23.730 [JavaFX Application Thread] DEBUG Engine               - JRE Vendor Name: Eclipse Adoptium
18:24:23.731 [JavaFX Application Thread] DEBUG Engine               - Running on OS: Windows 11 version 10.0
18:24:23.731 [JavaFX Application Thread] DEBUG Engine               - Architecture: amd64
18:24:23.732 [JavaFX Application Thread] INFO  Engine               - Source code and latest versions at: https://github.com/AlmasB/FXGL
18:24:23.732 [JavaFX Application Thread] INFO  Engine               -       Ask questions and discuss at: https://github.com/AlmasB/FXGL/discussions
18:24:23.733 [JavaFX Application Thread] INFO  Engine               -              Join the FXGL chat at: https://gitter.im/AlmasB/FXGL
18:24:23.947 [JavaFX Application Thread] DEBUG PrimaryStageWindow   - Creating a JavaFX scene
18:24:24.046 [JavaFX Application Thread] DEBUG PrimaryStageWindow   - Target settings size: 1024.0 x 768.0
18:24:24.046 [JavaFX Application Thread] DEBUG PrimaryStageWindow   - Scaled scene size:    1024.0 x 768.0
18:24:24.047 [JavaFX Application Thread] DEBUG PrimaryStageWindow   - Scaled ratio: (1.0, 1.0)
18:24:24.049 [JavaFX Application Thread] DEBUG PrimaryStageWindow   - Set initial scene to FXGLStartupScene
18:24:24.053 [JavaFX Application Thread] DEBUG PrimaryStageWindow   - Opening main window
18:24:24.218 [JavaFX Application Thread] DEBUG PrimaryStageWindow   - Window border size: (14.4000244140625, 37.5999755859375)
18:24:24.218 [JavaFX Application Thread] DEBUG PrimaryStageWindow   - Scaled size: 1024.0 x 768.0
18:24:24.219 [JavaFX Application Thread] DEBUG PrimaryStageWindow   - Scaled ratio: (1.0, 1.0)
18:24:24.220 [JavaFX Application Thread] DEBUG PrimaryStageWindow   - Scene size: 1024.0 x 768.0
18:24:24.221 [JavaFX Application Thread] DEBUG PrimaryStageWindow   - Stage size: 1038.4000244140625 x 805.5999755859375
18:24:24.240 [FXGL Background Thread 1 ] DEBUG Engine               - Initializing environment variables
18:24:24.345 [FXGL Background Thread 1 ] DEBUG FXGLAssetLoaderServi - User app class for loading assets: class Batalla.BattleSimulatorApp
18:24:24.346 [FXGL Background Thread 1 ] DEBUG GameApplicationServi - Applying CSS: fxgl_dark.css
18:24:24.348 [FXGL Background Thread 1 ] DEBUG FXGLAssetLoaderServi - Loading from file system: jar:file:/C:/Users/jdani/.m2/repository/com/github/almasb/fxgl/21/fxgl-21.jar!/fxglassets/ui/css/fxgl_dark.css
18:24:24.424 [FXGL Background Thread 1 ] DEBUG GameApplicationServi - Initializing application scenes
18:24:24.499 [FXGL Background Thread 1 ] DEBUG GameWorld            - Game world initialized
18:24:24.635 [FXGL Background Thread 1 ] DEBUG PhysicsWorld         - Physics world initialized: appHeight=768, physics.ppm=50,0
18:24:24.635 [FXGL Background Thread 1 ] DEBUG PhysicsWorld         - Using strategy: BRUTE_FORCE
18:24:24.645 [FXGL Background Thread 1 ] DEBUG GameScene            - Game scene initialized: 1024x768
18:24:24.669 [FXGL Background Thread 1 ] DEBUG FXGL.DefaultMenu     - createMenuBodyGameMenu()
18:24:24.697 [FXGL Background Thread 1 ] DEBUG FXGL.DefaultMenu     - createOptionsMenu()
18:24:24.717 [FXGL Background Thread 1 ] DEBUG FXGLAssetLoaderServi - Loading from file system: jar:file:/C:/Users/jdani/.m2/repository/com/github/almasb/fxgl/21/fxgl-21.jar!/fxglassets/textures/particles/smoke.png
18:24:24.900 [FXGL Background Thread 1 ] DEBUG FXGLAssetLoaderServi - Loading from file system: jar:file:/C:/Users/jdani/.m2/repository/com/github/almasb/fxgl/21/fxgl-21.jar!/fxglassets/textures/particles/trace_horizontal.png
18:24:24.946 [FXGL Background Thread 1 ] DEBUG GameApplicationServi - Application scenes initialized
18:24:24.972 [FXGL Background Thread 1 ] DEBUG SystemBundleService  - Loading FXGL system data
18:24:24.981 [FXGL Background Thread 1 ] DEBUG FileSystemAccess     - Reading from: C:\Users\jdani\Documents\5toSemestreIngSoftware\IngenieriaProcesos\Programas\proyecto_procesos\system\fxgl.bundle
18:24:24.998 [FXGL Background Thread 1 ] DEBUG SystemBundleService  - Bundle FXGL: {}
18:24:24.998 [FXGL Background Thread 1 ] DEBUG UpdaterService       - Checking for updates
18:24:25.005 [FXGL Background Thread 4 ] DEBUG FXGLApplication      - Loading fonts
18:24:25.006 [FXGL Background Thread 4 ] DEBUG FXGLAssetLoaderServi - Loading from file system: jar:file:/C:/Users/jdani/.m2/repository/com/github/almasb/fxgl/21/fxgl-21.jar!/fxglassets/ui/fonts/VarelaRound-Regular.ttf
18:24:25.007 [FXGL Background Thread 1 ] DEBUG FXGLApplication      - Loading default localization
18:24:25.010 [FXGL Background Thread 1 ] DEBUG FXGLAssetLoaderServi - Loading from file system: jar:file:/C:/Users/jdani/.m2/repository/com/github/almasb/fxgl/21/fxgl-21.jar!/fxglassets/languages/english.lang
18:24:25.080 [FXGL Background Thread 1 ] INFO  FXGLApplication      - FXGL initialization took: 0,840 sec
18:24:25.082 [JavaFX Application Thread] DEBUG FXGLAssetLoaderServi - Loading from file system: jar:file:/C:/Users/jdani/.m2/repository/com/github/almasb/fxgl/21/fxgl-21.jar!/fxglassets/textures/fxgl_icon.png
18:24:25.119 [FXGL Background Thread 4 ] DEBUG FXGLAssetLoaderServi - Loading from file system: jar:file:/C:/Users/jdani/.m2/repository/com/github/almasb/fxgl/21/fxgl-21.jar!/fxglassets/ui/fonts/Abel-Regular.ttf
18:24:25.126 [JavaFX Application Thread] DEBUG FXGLAssetLoaderServi - Loading from file system: jar:file:/C:/Users/jdani/.m2/repository/com/github/almasb/fxgl/21/fxgl-21.jar!/fxglassets/textures/fxgl_default_cursor.png
18:24:25.146 [FXGL Background Thread 4 ] DEBUG FXGLAssetLoaderServi - Loading from file system: jar:file:/C:/Users/jdani/.m2/repository/com/github/almasb/fxgl/21/fxgl-21.jar!/fxglassets/ui/fonts/TerminalLandMono-Regular.otf
18:24:25.154 [JavaFX Application Thread] DEBUG Input                - Registered new binding: Screenshot - CTRL+8
18:24:25.155 [JavaFX Application Thread] DEBUG Input                - Registered new binding: System info dump - CTRL+9
18:24:25.157 [JavaFX Application Thread] DEBUG Input                - Registered new binding: Restart - CTRL+R
18:24:25.161 [JavaFX Application Thread] DEBUG Input                - Registered new binding: Toggle Debug Camera - CTRL+7
18:24:25.169 [JavaFX Application Thread] DEBUG LoopRunner           - Starting loop
18:24:25.169 [JavaFX Application Thread] DEBUG LoopRunner           - Initializing JavaFX AnimationTimerLoop
18:24:25.171 [FXGL Background Thread 4 ] DEBUG FXGLAssetLoaderServi - Loading from file system: jar:file:/C:/Users/jdani/.m2/repository/com/github/almasb/fxgl/21/fxgl-21.jar!/fxglassets/ui/fonts/Courier-Prime.ttf
18:24:25.172 [JavaFX Application Thread] DEBUG GameApplicationServi - Starting new game
18:24:25.173 [JavaFX Application Thread] DEBUG Input                - Clearing active input actions
18:24:25.201 [JavaFX Application Thread] DEBUG GameApplicationServi - Removing overlay from FXGLStartupScene and adding to FXGLLoadingScene
18:24:25.202 [JavaFX Application Thread] DEBUG PrimaryStageWindow   - FXGLStartupScene -> FXGLLoadingScene
18:24:25.202 [JavaFX Application Thread] DEBUG GameApplicationServi - Clearing previous game
18:24:25.202 [JavaFX Application Thread] DEBUG GameScene            - Clearing game scene
18:24:25.202 [JavaFX Application Thread] DEBUG GameWorld            - Clearing game world
18:24:25.203 [JavaFX Application Thread] DEBUG PhysicsWorld         - Clearing physics world
18:24:25.206 [FXGL Background Thread 4 ] DEBUG FXGLApplication      - Initializing game
18:24:25.267 [FXGL Background Thread 4 ] INFO  FXGLApplication      - Game initialization took: 0,061 sec
18:24:25.308 [JavaFX Application Thread] DEBUG FXGLApplication      - Registering font factories with UI factory
18:24:25.313 [JavaFX Application Thread] DEBUG Input                - Clearing active input actions
18:24:25.341 [JavaFX Application Thread] DEBUG GameApplicationServi - Removing overlay from FXGLLoadingScene and adding to GameScene
18:24:25.342 [JavaFX Application Thread] DEBUG PrimaryStageWindow   - FXGLLoadingScene -> GameScene
18:24:25.926 [FXGL Background Thread 2 ] INFO  UpdaterService       - Your current version:  21
18:24:25.927 [FXGL Background Thread 2 ] INFO  UpdaterService       - Latest stable version: 25
18:24:26.568 [JavaFX Application Thread] DEBUG FXGLAssetLoaderServi - Loading from file system: file:/C:/Users/jdani/Documents/5toSemestreIngSoftware/IngenieriaProcesos/Programas/Proyecto_procesos/target/classes/assets/textures/sprites/caballero/idle.png
18:24:26.586 [JavaFX Application Thread] DEBUG FXGLAssetLoaderServi - Loading from file system: file:/C:/Users/jdani/Documents/5toSemestreIngSoftware/IngenieriaProcesos/Programas/Proyecto_procesos/target/classes/assets/textures/sprites/caballero/ataque1.png
18:24:26.595 [JavaFX Application Thread] DEBUG FXGLAssetLoaderServi - Loading from file system: file:/C:/Users/jdani/Documents/5toSemestreIngSoftware/IngenieriaProcesos/Programas/Proyecto_procesos/target/classes/assets/textures/sprites/caballero/ataque2.png
18:24:26.602 [JavaFX Application Thread] DEBUG FXGLAssetLoaderServi - Loading from file system: file:/C:/Users/jdani/Documents/5toSemestreIngSoftware/IngenieriaProcesos/Programas/Proyecto_procesos/target/classes/assets/textures/sprites/caballero/hurt.png
18:24:26.608 [JavaFX Application Thread] DEBUG FXGLAssetLoaderServi - Loading from file system: file:/C:/Users/jdani/Documents/5toSemestreIngSoftware/IngenieriaProcesos/Programas/Proyecto_procesos/target/classes/assets/textures/sprites/caballero/defensa.png
18:24:26.613 [JavaFX Application Thread] DEBUG FXGLAssetLoaderServi - Loading from file system: file:/C:/Users/jdani/Documents/5toSemestreIngSoftware/IngenieriaProcesos/Programas/Proyecto_procesos/target/classes/assets/textures/sprites/caballero/correr.png
18:24:26.619 [JavaFX Application Thread] DEBUG FXGLAssetLoaderServi - Loading from file system: file:/C:/Users/jdani/Documents/5toSemestreIngSoftware/IngenieriaProcesos/Programas/Proyecto_procesos/target/classes/assets/textures/sprites/caballero/muerte.png
18:24:27.249 [JavaFX Application Thread] DEBUG FXGLAssetLoaderServi - Loading from file system: file:/C:/Users/jdani/Documents/5toSemestreIngSoftware/IngenieriaProcesos/Programas/Proyecto_procesos/target/classes/assets/textures/sprites/chino/idle.png
18:24:27.255 [JavaFX Application Thread] DEBUG FXGLAssetLoaderServi - Loading from file system: file:/C:/Users/jdani/Documents/5toSemestreIngSoftware/IngenieriaProcesos/Programas/Proyecto_procesos/target/classes/assets/textures/sprites/chino/ataque1.png
18:24:27.261 [JavaFX Application Thread] DEBUG FXGLAssetLoaderServi - Loading from file system: file:/C:/Users/jdani/Documents/5toSemestreIngSoftware/IngenieriaProcesos/Programas/Proyecto_procesos/target/classes/assets/textures/sprites/chino/ataque2.png
18:24:27.268 [JavaFX Application Thread] DEBUG FXGLAssetLoaderServi - Loading from file system: file:/C:/Users/jdani/Documents/5toSemestreIngSoftware/IngenieriaProcesos/Programas/Proyecto_procesos/target/classes/assets/textures/sprites/chino/hurt.png
18:24:27.279 [JavaFX Application Thread] DEBUG FXGLAssetLoaderServi - Loading from file system: file:/C:/Users/jdani/Documents/5toSemestreIngSoftware/IngenieriaProcesos/Programas/Proyecto_procesos/target/classes/assets/textures/sprites/chino/defensa.png
18:24:27.284 [JavaFX Application Thread] DEBUG FXGLAssetLoaderServi - Loading from file system: file:/C:/Users/jdani/Documents/5toSemestreIngSoftware/IngenieriaProcesos/Programas/Proyecto_procesos/target/classes/assets/textures/sprites/chino/correr.png
18:24:27.289 [JavaFX Application Thread] DEBUG FXGLAssetLoaderServi - Loading from file system: file:/C:/Users/jdani/Documents/5toSemestreIngSoftware/IngenieriaProcesos/Programas/Proyecto_procesos/target/classes/assets/textures/sprites/chino/muerte.png
18:24:27.298 [JavaFX Application Thread] DEBUG FXGLAssetLoaderServi - Loading from file system: file:/C:/Users/jdani/Documents/5toSemestreIngSoftware/IngenieriaProcesos/Programas/Proyecto_procesos/target/classes/assets/textures/C.png
18:24:28.004 [FXGL Background Thread 3 ] DEBUG Engine               - Logging environment variables
18:24:28.006 [FXGL Background Thread 3 ] DEBUG Engine               - achievements: []
18:24:28.006 [FXGL Background Thread 3 ] DEBUG Engine               - actualHeight: 768.0
18:24:28.007 [FXGL Background Thread 3 ] DEBUG Engine               - actualHeightProperty: ReadOnlyDoubleProperty [value: 768.0]
18:24:28.007 [FXGL Background Thread 3 ] DEBUG Engine               - actualWidth: 1024.0
18:24:28.007 [FXGL Background Thread 3 ] DEBUG Engine               - actualWidthProperty: ReadOnlyDoubleProperty [value: 1024.0]
18:24:28.007 [FXGL Background Thread 3 ] DEBUG Engine               - appIcon: fxgl_icon.png
18:24:28.007 [FXGL Background Thread 3 ] DEBUG Engine               - applicationMode: DEVELOPER
18:24:28.007 [FXGL Background Thread 3 ] DEBUG Engine               - cSSList: [fxgl_dark.css]
18:24:28.008 [FXGL Background Thread 3 ] DEBUG Engine               - collisionDetectionStrategy: BRUTE_FORCE
18:24:28.008 [FXGL Background Thread 3 ] DEBUG Engine               - configClass: Optional.empty
18:24:28.009 [FXGL Background Thread 3 ] DEBUG Engine               - credits: []
18:24:28.010 [FXGL Background Thread 3 ] DEBUG Engine               - defaultCursor: CursorInfo(imageName=fxgl_default_cursor.png, hotspotX=7.0, hotspotY=6.0)
18:24:28.011 [FXGL Background Thread 3 ] DEBUG Engine               - devBBoxColorProperty: ObjectProperty [value: 0xff0000ff]
18:24:28.011 [FXGL Background Thread 3 ] DEBUG Engine               - devEnableDebugCameraProperty: BooleanProperty [value: false]
18:24:28.011 [FXGL Background Thread 3 ] DEBUG Engine               - devSensorColorProperty: ObjectProperty [value: 0xffff00ff]
18:24:28.012 [FXGL Background Thread 3 ] DEBUG Engine               - devShowBBoxProperty: BooleanProperty [value: false]
18:24:28.012 [FXGL Background Thread 3 ] DEBUG Engine               - devShowPositionProperty: BooleanProperty [value: false]
18:24:28.012 [FXGL Background Thread 3 ] DEBUG Engine               - enabledMenuItems: []
18:24:28.012 [FXGL Background Thread 3 ] DEBUG Engine               - engineServices: [class com.almasb.fxgl.app.services.FXGLAssetLoaderService, class com.almasb.fxgl.app.FXGLApplication$GameApplicationService, class com.almasb.fxgl.app.services.FXGLDialogService, class com.almasb.fxgl.app.services.IOTaskExecutorService, class com.almasb.fxgl.io.FileSystemService, class com.almasb.fxgl.localization.LocalizationService, class com.almasb.fxgl.app.services.SystemBundleService, class com.almasb.fxgl.profile.SaveLoadService, class com.almasb.fxgl.ui.FXGLUIFactoryServiceProvider, class com.almasb.fxgl.ui.FXGLDialogFactoryServiceProvider, class com.almasb.fxgl.audio.AudioPlayer, class com.almasb.fxgl.notification.impl.NotificationServiceProvider, class com.almasb.fxgl.achievement.AchievementService, class com.almasb.fxgl.cutscene.CutsceneService, class com.almasb.fxgl.minigames.MiniGameService, class com.almasb.fxgl.net.NetService, class com.almasb.fxgl.app.services.UpdaterService, class com.almasb.fxgl.dev.DevService]
18:24:28.012 [FXGL Background Thread 3 ] DEBUG Engine               - fontGame: Abel-Regular.ttf
18:24:28.012 [FXGL Background Thread 3 ] DEBUG Engine               - fontMono: TerminalLandMono-Regular.otf
18:24:28.012 [FXGL Background Thread 3 ] DEBUG Engine               - fontSizeScaleUI: 1.0
18:24:28.012 [FXGL Background Thread 3 ] DEBUG Engine               - fontText: Courier-Prime.ttf
18:24:28.012 [FXGL Background Thread 3 ] DEBUG Engine               - fontUI: VarelaRound-Regular.ttf
18:24:28.012 [FXGL Background Thread 3 ] DEBUG Engine               - fullScreen: BooleanProperty [value: false]
18:24:28.013 [FXGL Background Thread 3 ] DEBUG Engine               - gameDifficulty: MEDIUM
18:24:28.013 [FXGL Background Thread 3 ] DEBUG Engine               - gameDifficultyProperty: ObjectProperty [value: MEDIUM]
18:24:28.013 [FXGL Background Thread 3 ] DEBUG Engine               - globalMusicVolume: 0.5
18:24:28.013 [FXGL Background Thread 3 ] DEBUG Engine               - globalMusicVolumeProperty: DoubleProperty [value: 0.5]
18:24:28.013 [FXGL Background Thread 3 ] DEBUG Engine               - globalSoundVolume: 0.5
18:24:28.013 [FXGL Background Thread 3 ] DEBUG Engine               - globalSoundVolumeProperty: DoubleProperty [value: 0.5]
18:24:28.013 [FXGL Background Thread 3 ] DEBUG Engine               - height: 768
18:24:28.013 [FXGL Background Thread 3 ] DEBUG Engine               - is3D: false
18:24:28.013 [FXGL Background Thread 3 ] DEBUG Engine               - isAndroid: false
18:24:28.013 [FXGL Background Thread 3 ] DEBUG Engine               - isBrowser: false
18:24:28.013 [FXGL Background Thread 3 ] DEBUG Engine               - isClickFeedbackEnabled: false
18:24:28.013 [FXGL Background Thread 3 ] DEBUG Engine               - isCloseConfirmation: false
18:24:28.014 [FXGL Background Thread 3 ] DEBUG Engine               - isDesktop: true
18:24:28.014 [FXGL Background Thread 3 ] DEBUG Engine               - isDeveloperMenuEnabled: false
18:24:28.014 [FXGL Background Thread 3 ] DEBUG Engine               - isEmbedded: false
18:24:28.014 [FXGL Background Thread 3 ] DEBUG Engine               - isEntityPreloadEnabled: true
18:24:28.014 [FXGL Background Thread 3 ] DEBUG Engine               - isExperimentalTiledLargeMap: false
18:24:28.014 [FXGL Background Thread 3 ] DEBUG Engine               - isFileSystemWriteAllowed: true
18:24:28.014 [FXGL Background Thread 3 ] DEBUG Engine               - isFullScreenAllowed: false
18:24:28.014 [FXGL Background Thread 3 ] DEBUG Engine               - isFullScreenFromStart: false
18:24:28.014 [FXGL Background Thread 3 ] DEBUG Engine               - isGameMenuEnabled: true
18:24:28.014 [FXGL Background Thread 3 ] DEBUG Engine               - isIOS: false
18:24:28.014 [FXGL Background Thread 3 ] DEBUG Engine               - isIntroEnabled: false
18:24:28.015 [FXGL Background Thread 3 ] DEBUG Engine               - isLinux: false
18:24:28.015 [FXGL Background Thread 3 ] DEBUG Engine               - isMac: false
18:24:28.015 [FXGL Background Thread 3 ] DEBUG Engine               - isMainMenuEnabled: false
18:24:28.015 [FXGL Background Thread 3 ] DEBUG Engine               - isManualResizeEnabled: false
18:24:28.015 [FXGL Background Thread 3 ] DEBUG Engine               - isMobile: false
18:24:28.015 [FXGL Background Thread 3 ] DEBUG Engine               - isNative: false
18:24:28.015 [FXGL Background Thread 3 ] DEBUG Engine               - isPauseMusicWhenMinimized: true
18:24:28.015 [FXGL Background Thread 3 ] DEBUG Engine               - isPreserveResizeRatio: false
18:24:28.015 [FXGL Background Thread 3 ] DEBUG Engine               - isProfilingEnabled: false
18:24:28.015 [FXGL Background Thread 3 ] DEBUG Engine               - isScaleAffectedOnResize: true
18:24:28.015 [FXGL Background Thread 3 ] DEBUG Engine               - isSingleStep: false
18:24:28.016 [FXGL Background Thread 3 ] DEBUG Engine               - isUserProfileEnabled: false
18:24:28.016 [FXGL Background Thread 3 ] DEBUG Engine               - isWindows: true
18:24:28.016 [FXGL Background Thread 3 ] DEBUG Engine               - language: ObjectProperty [value: ENGLISH]
18:24:28.016 [FXGL Background Thread 3 ] DEBUG Engine               - menuKey: ESCAPE
18:24:28.016 [FXGL Background Thread 3 ] DEBUG Engine               - mouseSensitivity: 0.2
18:24:28.016 [FXGL Background Thread 3 ] DEBUG Engine               - notificationViewClass: class com.almasb.fxgl.notification.view.XboxNotificationView
18:24:28.016 [FXGL Background Thread 3 ] DEBUG Engine               - pixelsPerMeter: 50.0
18:24:28.016 [FXGL Background Thread 3 ] DEBUG Engine               - platform: WINDOWS
18:24:28.016 [FXGL Background Thread 3 ] DEBUG Engine               - prefHeightProperty: ReadOnlyDoubleProperty [value: 768.0]
18:24:28.016 [FXGL Background Thread 3 ] DEBUG Engine               - prefWidthProperty: ReadOnlyDoubleProperty [value: 1024.0]
18:24:28.016 [FXGL Background Thread 3 ] DEBUG Engine               - profileDir: profiles/
18:24:28.017 [FXGL Background Thread 3 ] DEBUG Engine               - profileName: StringProperty [value: DEFAULT]
18:24:28.017 [FXGL Background Thread 3 ] DEBUG Engine               - randomSeed: -1
18:24:28.019 [FXGL Background Thread 3 ] DEBUG Engine               - runtimeInfo: RuntimeInfo(platform=WINDOWS, version=21, build=28.12.2023 13.35)
18:24:28.020 [FXGL Background Thread 3 ] DEBUG Engine               - saveFileExt: sav
18:24:28.020 [FXGL Background Thread 3 ] DEBUG Engine               - scaledHeightProp$fxgl: DoubleProperty [bound, value: 768.0]
18:24:28.020 [FXGL Background Thread 3 ] DEBUG Engine               - scaledWidthProp$fxgl: DoubleProperty [bound, value: 1024.0]
18:24:28.020 [FXGL Background Thread 3 ] DEBUG Engine               - sceneFactory: com.almasb.fxgl.app.scene.SceneFactory@635c7cfa
18:24:28.020 [FXGL Background Thread 3 ] DEBUG Engine               - secondsIn24h: 60
18:24:28.020 [FXGL Background Thread 3 ] DEBUG Engine               - soundMenuBack: menu/back.wav
18:24:28.020 [FXGL Background Thread 3 ] DEBUG Engine               - soundMenuPress: menu/press.wav
18:24:28.020 [FXGL Background Thread 3 ] DEBUG Engine               - soundMenuSelect: menu/select.wav
18:24:28.020 [FXGL Background Thread 3 ] DEBUG Engine               - soundNotification: core/notification.wav
18:24:28.020 [FXGL Background Thread 3 ] DEBUG Engine               - stageStyle: DECORATED
18:24:28.021 [FXGL Background Thread 3 ] DEBUG Engine               - supportedLanguages: [ENGLISH, FRENCH, GERMAN, HUNGARIAN, RUSSIAN]
18:24:28.021 [FXGL Background Thread 3 ] DEBUG Engine               - ticksPerSecond: -1
18:24:28.021 [FXGL Background Thread 3 ] DEBUG Engine               - title: Simulador de Batalla
18:24:28.021 [FXGL Background Thread 3 ] DEBUG Engine               - urlGithub: https://github.com/AlmasB/FXGL
18:24:28.021 [FXGL Background Thread 3 ] DEBUG Engine               - urlLeaderboard: http://fxgl-top.herokuapp.com/
18:24:28.021 [FXGL Background Thread 3 ] DEBUG Engine               - urlPOM: https://raw.githubusercontent.com/AlmasB/FXGL/release/README.md
18:24:28.021 [FXGL Background Thread 3 ] DEBUG Engine               - userAppClass: class Batalla.BattleSimulatorApp
18:24:28.021 [FXGL Background Thread 3 ] DEBUG Engine               - version: 1.0
18:24:28.021 [FXGL Background Thread 3 ] DEBUG Engine               - versionCheckDays: 7
18:24:28.021 [FXGL Background Thread 3 ] DEBUG Engine               - width: 1024
18:24:28.021 [FXGL Background Thread 3 ] DEBUG Engine               - Logging services
18:24:28.021 [FXGL Background Thread 3 ] DEBUG Engine               - class com.almasb.fxgl.app.services.FXGLAssetLoaderService
18:24:28.022 [FXGL Background Thread 3 ] DEBUG Engine               - class com.almasb.fxgl.app.FXGLApplication$GameApplicationService
18:24:28.022 [FXGL Background Thread 3 ] DEBUG Engine               - class com.almasb.fxgl.app.services.FXGLDialogService
18:24:28.023 [FXGL Background Thread 3 ] DEBUG Engine               - class com.almasb.fxgl.app.services.IOTaskExecutorService
18:24:28.023 [FXGL Background Thread 3 ] DEBUG Engine               - class com.almasb.fxgl.io.FileSystemService
18:24:28.023 [FXGL Background Thread 3 ] DEBUG Engine               - class com.almasb.fxgl.localization.LocalizationService
18:24:28.023 [FXGL Background Thread 3 ] DEBUG Engine               - class com.almasb.fxgl.app.services.SystemBundleService
18:24:28.023 [FXGL Background Thread 3 ] DEBUG Engine               - class com.almasb.fxgl.profile.SaveLoadService
18:24:28.023 [FXGL Background Thread 3 ] DEBUG Engine               - class com.almasb.fxgl.ui.FXGLUIFactoryServiceProvider
18:24:28.024 [FXGL Background Thread 3 ] DEBUG Engine               - class com.almasb.fxgl.ui.FXGLDialogFactoryServiceProvider
18:24:28.024 [FXGL Background Thread 3 ] DEBUG Engine               - class com.almasb.fxgl.audio.AudioPlayer
18:24:28.024 [FXGL Background Thread 3 ] DEBUG Engine               - class com.almasb.fxgl.notification.impl.NotificationServiceProvider
18:24:28.024 [FXGL Background Thread 3 ] DEBUG Engine               - class com.almasb.fxgl.achievement.AchievementService
18:24:28.024 [FXGL Background Thread 3 ] DEBUG Engine               - class com.almasb.fxgl.cutscene.CutsceneService
18:24:28.024 [FXGL Background Thread 3 ] DEBUG Engine               - class com.almasb.fxgl.minigames.MiniGameService
18:24:28.024 [FXGL Background Thread 3 ] DEBUG Engine               - class com.almasb.fxgl.net.NetService
18:24:28.024 [FXGL Background Thread 3 ] DEBUG Engine               - class com.almasb.fxgl.app.services.UpdaterService
18:24:28.024 [FXGL Background Thread 3 ] DEBUG Engine               - class com.almasb.fxgl.dev.DevService
18:24:29.856 [JavaFX Application Thread] DEBUG LoopRunner           - Stopping loop
18:24:29.860 [JavaFX Application Thread] FATAL FXGLApplication      - Uncaught Exception:
java.lang.NullPointerException: Cannot invoke "Batalla.Datos.stats.PlayerStat.getCurrentValue()" because the return value of "java.util.HashMap.get(Object)" is null
	at Utility_IA.AttackAction.executeAction(AttackAction.java:23)
	at Batalla.Datos.Personaje.executeCurrentAction(Personaje.java:142)
	at Batalla.Datos.SimuladorBatallaLogica.nextTurn(SimuladorBatallaLogica.java:65)
	at Batalla.Datos.SimuladorBatallaLogica.lambda$0(SimuladorBatallaLogica.java:49)
	at com.sun.scenario.animation.shared.TimelineClipCore.visitKeyFrame(TimelineClipCore.java:239)
	at com.sun.scenario.animation.shared.TimelineClipCore.playTo(TimelineClipCore.java:180)
	at javafx.animation.Timeline.doPlayTo(Timeline.java:172)
	at javafx.animation.AnimationAccessorImpl.playTo(AnimationAccessorImpl.java:39)
	at com.sun.scenario.animation.shared.InfiniteClipEnvelope.timePulse(InfiniteClipEnvelope.java:104)
	at javafx.animation.Animation.doTimePulse(Animation.java:1189)
	at javafx.animation.Animation$1.lambda$timePulse$0(Animation.java:207)
	at java.base/java.security.AccessController.doPrivileged(Unknown Source)
	at javafx.animation.Animation$1.timePulse(Animation.java:206)
	at com.sun.scenario.animation.AbstractPrimaryTimer.timePulseImpl(AbstractPrimaryTimer.java:343)
	at com.sun.scenario.animation.AbstractPrimaryTimer$MainLoop.run(AbstractPrimaryTimer.java:266)
	at com.sun.javafx.tk.quantum.QuantumToolkit.pulse(QuantumToolkit.java:588)
	at com.sun.javafx.tk.quantum.QuantumToolkit.pulse(QuantumToolkit.java:572)
	at com.sun.javafx.tk.quantum.QuantumToolkit.pulseFromQueue(QuantumToolkit.java:565)
	at com.sun.javafx.tk.quantum.QuantumToolkit.lambda$runToolkit$11(QuantumToolkit.java:352)
	at com.sun.glass.ui.InvokeLaterDispatcher$Future.run(InvokeLaterDispatcher.java:95)
	at com.sun.glass.ui.win.WinApplication._runLoop(Native Method)
	at com.sun.glass.ui.win.WinApplication.lambda$runLoop$3(WinApplication.java:185)
	at java.base/java.lang.Thread.run(Unknown Source)

18:24:29.861 [JavaFX Application Thread] FATAL FXGLApplication      - Application will now exit
18:24:29.904 [JavaFX Application Thread] DEBUG PrimaryStageWindow   - Push state: ErrorSubScene
18:24:29.905 [JavaFX Application Thread] DEBUG Input                - Clearing active input actions
18:24:29.913 [JavaFX Application Thread] DEBUG GameApplicationServi - Removing overlay from GameScene and adding to ErrorSubScene
18:24:29.914 [JavaFX Application Thread] DEBUG PrimaryStageWindow   - GameScene -> ErrorSubScene
18:24:36.790 [JavaFX Application Thread] DEBUG LoopRunner           - Pausing loop
18:24:53.639 [JavaFX Application Thread] DEBUG LoopRunner           - Resuming loop
18:24:55.451 [JavaFX Application Thread] DEBUG FXGLApplication      - Exiting FXGL
18:24:55.451 [JavaFX Application Thread] DEBUG Async                - Shutting down background threads
18:24:55.452 [JavaFX Application Thread] DEBUG PrimaryStageWindow   - Closing main window
18:24:55.494 [JavaFX Application Thread] DEBUG Logger               - Closing Logger
