14:07:53.257 [main                     ] DEBUG Logger               - Configured Logger
14:07:53.310 [main                     ] DEBUG GameApplication      - Logging settings
Title: Simulador de Batalla
Version: 1.0
Width: 1024
Height: 768
Fullscreen: false
Intro: false
Profiling: false
Single step:false
App Mode: DEVELOPER
Menu Key: ESCAPE
Stage Style: DECORATED
Scene Factory: class com.almasb.fxgl.app.scene.SceneFactory

14:07:54.200 [JavaFX Application Thread] DEBUG FXGLApplication      - Initializing FXGL
14:07:54.219 [JavaFX Application Thread] INFO  Engine               - FXGL-21 (28.12.2023 13.35) on WINDOWS (J:21.0.10 FX:21.0.1)
14:07:54.220 [JavaFX Application Thread] DEBUG Engine               - JRE Vendor Name: Eclipse Adoptium
14:07:54.221 [JavaFX Application Thread] DEBUG Engine               - Running on OS: Windows 11 version 10.0
14:07:54.221 [JavaFX Application Thread] DEBUG Engine               - Architecture: amd64
14:07:54.221 [JavaFX Application Thread] INFO  Engine               - Source code and latest versions at: https://github.com/AlmasB/FXGL
14:07:54.223 [JavaFX Application Thread] INFO  Engine               -       Ask questions and discuss at: https://github.com/AlmasB/FXGL/discussions
14:07:54.224 [JavaFX Application Thread] INFO  Engine               -              Join the FXGL chat at: https://gitter.im/AlmasB/FXGL
14:07:54.570 [JavaFX Application Thread] DEBUG PrimaryStageWindow   - Creating a JavaFX scene
14:07:54.699 [JavaFX Application Thread] DEBUG PrimaryStageWindow   - Target settings size: 1024.0 x 768.0
14:07:54.699 [JavaFX Application Thread] DEBUG PrimaryStageWindow   - Scaled scene size:    1024.0 x 768.0
14:07:54.700 [JavaFX Application Thread] DEBUG PrimaryStageWindow   - Scaled ratio: (1.0, 1.0)
14:07:54.702 [JavaFX Application Thread] DEBUG PrimaryStageWindow   - Set initial scene to FXGLStartupScene
14:07:54.709 [JavaFX Application Thread] DEBUG PrimaryStageWindow   - Opening main window
14:07:54.942 [JavaFX Application Thread] DEBUG PrimaryStageWindow   - Window border size: (14.4000244140625, 37.5999755859375)
14:07:54.943 [JavaFX Application Thread] DEBUG PrimaryStageWindow   - Scaled size: 1024.0 x 768.0
14:07:54.944 [JavaFX Application Thread] DEBUG PrimaryStageWindow   - Scaled ratio: (1.0, 1.0)
14:07:54.945 [JavaFX Application Thread] DEBUG PrimaryStageWindow   - Scene size: 1024.0 x 768.0
14:07:54.946 [JavaFX Application Thread] DEBUG PrimaryStageWindow   - Stage size: 1038.4000244140625 x 805.5999755859375
14:07:54.974 [FXGL Background Thread 1 ] DEBUG Engine               - Initializing environment variables
14:07:55.117 [FXGL Background Thread 1 ] DEBUG FXGLAssetLoaderServi - User app class for loading assets: class Batalla.BattleSimulatorApp
14:07:55.117 [FXGL Background Thread 1 ] DEBUG GameApplicationServi - Applying CSS: fxgl_dark.css
14:07:55.120 [FXGL Background Thread 1 ] DEBUG FXGLAssetLoaderServi - Loading from file system: jar:file:/C:/Users/jdani/.m2/repository/com/github/almasb/fxgl/21/fxgl-21.jar!/fxglassets/ui/css/fxgl_dark.css
14:07:55.211 [FXGL Background Thread 1 ] DEBUG GameApplicationServi - Initializing application scenes
14:07:55.305 [FXGL Background Thread 1 ] DEBUG GameWorld            - Game world initialized
14:07:55.445 [FXGL Background Thread 1 ] DEBUG PhysicsWorld         - Physics world initialized: appHeight=768, physics.ppm=50,0
14:07:55.445 [FXGL Background Thread 1 ] DEBUG PhysicsWorld         - Using strategy: BRUTE_FORCE
14:07:55.452 [FXGL Background Thread 1 ] DEBUG GameScene            - Game scene initialized: 1024x768
14:07:55.473 [FXGL Background Thread 1 ] DEBUG FXGL.DefaultMenu     - createMenuBodyGameMenu()
14:07:55.503 [FXGL Background Thread 1 ] DEBUG FXGL.DefaultMenu     - createOptionsMenu()
14:07:55.520 [FXGL Background Thread 1 ] DEBUG FXGLAssetLoaderServi - Loading from file system: jar:file:/C:/Users/jdani/.m2/repository/com/github/almasb/fxgl/21/fxgl-21.jar!/fxglassets/textures/particles/smoke.png
14:07:55.698 [FXGL Background Thread 1 ] DEBUG FXGLAssetLoaderServi - Loading from file system: jar:file:/C:/Users/jdani/.m2/repository/com/github/almasb/fxgl/21/fxgl-21.jar!/fxglassets/textures/particles/trace_horizontal.png
14:07:55.747 [FXGL Background Thread 1 ] DEBUG GameApplicationServi - Application scenes initialized
14:07:55.780 [FXGL Background Thread 1 ] DEBUG SystemBundleService  - Loading FXGL system data
14:07:55.804 [FXGL Background Thread 1 ] DEBUG FileSystemAccess     - Reading from: C:\Users\jdani\Documents\5toSemestreIngSoftware\IngenieriaProcesos\Programas\proyecto_procesos\system\fxgl.bundle
14:07:55.824 [FXGL Background Thread 1 ] DEBUG SystemBundleService  - Bundle FXGL: {}
14:07:55.825 [FXGL Background Thread 1 ] DEBUG UpdaterService       - Checking for updates
14:07:55.834 [FXGL Background Thread 4 ] DEBUG FXGLApplication      - Loading fonts
14:07:55.836 [FXGL Background Thread 4 ] DEBUG FXGLAssetLoaderServi - Loading from file system: jar:file:/C:/Users/jdani/.m2/repository/com/github/almasb/fxgl/21/fxgl-21.jar!/fxglassets/ui/fonts/VarelaRound-Regular.ttf
14:07:55.836 [FXGL Background Thread 1 ] DEBUG FXGLApplication      - Loading default localization
14:07:55.838 [FXGL Background Thread 1 ] DEBUG FXGLAssetLoaderServi - Loading from file system: jar:file:/C:/Users/jdani/.m2/repository/com/github/almasb/fxgl/21/fxgl-21.jar!/fxglassets/languages/english.lang
14:07:55.895 [FXGL Background Thread 1 ] INFO  FXGLApplication      - FXGL initialization took: 0,922 sec
14:07:55.898 [JavaFX Application Thread] DEBUG FXGLAssetLoaderServi - Loading from file system: jar:file:/C:/Users/jdani/.m2/repository/com/github/almasb/fxgl/21/fxgl-21.jar!/fxglassets/textures/fxgl_icon.png
14:07:55.935 [JavaFX Application Thread] DEBUG FXGLAssetLoaderServi - Loading from file system: jar:file:/C:/Users/jdani/.m2/repository/com/github/almasb/fxgl/21/fxgl-21.jar!/fxglassets/textures/fxgl_default_cursor.png
14:07:55.941 [FXGL Background Thread 4 ] DEBUG FXGLAssetLoaderServi - Loading from file system: jar:file:/C:/Users/jdani/.m2/repository/com/github/almasb/fxgl/21/fxgl-21.jar!/fxglassets/ui/fonts/Abel-Regular.ttf
14:07:55.960 [JavaFX Application Thread] DEBUG Input                - Registered new binding: Screenshot - CTRL+8
14:07:55.961 [JavaFX Application Thread] DEBUG Input                - Registered new binding: System info dump - CTRL+9
14:07:55.963 [JavaFX Application Thread] DEBUG Input                - Registered new binding: Restart - CTRL+R
14:07:55.965 [JavaFX Application Thread] DEBUG Input                - Registered new binding: Toggle Debug Camera - CTRL+7
14:07:55.966 [FXGL Background Thread 4 ] DEBUG FXGLAssetLoaderServi - Loading from file system: jar:file:/C:/Users/jdani/.m2/repository/com/github/almasb/fxgl/21/fxgl-21.jar!/fxglassets/ui/fonts/TerminalLandMono-Regular.otf
14:07:55.971 [JavaFX Application Thread] DEBUG LoopRunner           - Starting loop
14:07:55.972 [JavaFX Application Thread] DEBUG LoopRunner           - Initializing JavaFX AnimationTimerLoop
14:07:55.978 [JavaFX Application Thread] DEBUG GameApplicationServi - Starting new game
14:07:55.979 [JavaFX Application Thread] DEBUG Input                - Clearing active input actions
14:07:55.990 [FXGL Background Thread 4 ] DEBUG FXGLAssetLoaderServi - Loading from file system: jar:file:/C:/Users/jdani/.m2/repository/com/github/almasb/fxgl/21/fxgl-21.jar!/fxglassets/ui/fonts/Courier-Prime.ttf
14:07:56.004 [JavaFX Application Thread] DEBUG GameApplicationServi - Removing overlay from FXGLStartupScene and adding to FXGLLoadingScene
14:07:56.005 [JavaFX Application Thread] DEBUG PrimaryStageWindow   - FXGLStartupScene -> FXGLLoadingScene
14:07:56.005 [JavaFX Application Thread] DEBUG GameApplicationServi - Clearing previous game
14:07:56.005 [JavaFX Application Thread] DEBUG GameScene            - Clearing game scene
14:07:56.005 [JavaFX Application Thread] DEBUG GameWorld            - Clearing game world
14:07:56.005 [JavaFX Application Thread] DEBUG PhysicsWorld         - Clearing physics world
14:07:56.008 [FXGL Background Thread 1 ] DEBUG FXGLApplication      - Initializing game
14:07:56.067 [FXGL Background Thread 1 ] INFO  FXGLApplication      - Game initialization took: 0,059 sec
14:07:56.103 [JavaFX Application Thread] DEBUG FXGLApplication      - Registering font factories with UI factory
14:07:56.108 [JavaFX Application Thread] DEBUG Input                - Clearing active input actions
14:07:56.133 [JavaFX Application Thread] DEBUG GameApplicationServi - Removing overlay from FXGLLoadingScene and adding to GameScene
14:07:56.134 [JavaFX Application Thread] DEBUG PrimaryStageWindow   - FXGLLoadingScene -> GameScene
14:07:56.670 [FXGL Background Thread 2 ] WARN  UpdaterService       - Failed to find updates: javax.net.ssl.SSLHandshakeException: (certificate_unknown) No subject alternative DNS name matching raw.githubusercontent.com found.
14:07:57.346 [JavaFX Application Thread] DEBUG FXGLAssetLoaderServi - Loading from file system: file:/C:/Users/jdani/Documents/5toSemestreIngSoftware/IngenieriaProcesos/Programas/Proyecto_procesos/target/classes/assets/textures/sprites/caballero/idle.png
14:07:57.368 [JavaFX Application Thread] DEBUG FXGLAssetLoaderServi - Loading from file system: file:/C:/Users/jdani/Documents/5toSemestreIngSoftware/IngenieriaProcesos/Programas/Proyecto_procesos/target/classes/assets/textures/sprites/caballero/ataque1.png
14:07:57.375 [JavaFX Application Thread] DEBUG FXGLAssetLoaderServi - Loading from file system: file:/C:/Users/jdani/Documents/5toSemestreIngSoftware/IngenieriaProcesos/Programas/Proyecto_procesos/target/classes/assets/textures/sprites/caballero/ataque2.png
14:07:57.382 [JavaFX Application Thread] DEBUG FXGLAssetLoaderServi - Loading from file system: file:/C:/Users/jdani/Documents/5toSemestreIngSoftware/IngenieriaProcesos/Programas/Proyecto_procesos/target/classes/assets/textures/sprites/caballero/hurt.png
14:07:57.387 [JavaFX Application Thread] DEBUG FXGLAssetLoaderServi - Loading from file system: file:/C:/Users/jdani/Documents/5toSemestreIngSoftware/IngenieriaProcesos/Programas/Proyecto_procesos/target/classes/assets/textures/sprites/caballero/defensa.png
14:07:57.393 [JavaFX Application Thread] DEBUG FXGLAssetLoaderServi - Loading from file system: file:/C:/Users/jdani/Documents/5toSemestreIngSoftware/IngenieriaProcesos/Programas/Proyecto_procesos/target/classes/assets/textures/sprites/caballero/correr.png
14:07:57.400 [JavaFX Application Thread] DEBUG FXGLAssetLoaderServi - Loading from file system: file:/C:/Users/jdani/Documents/5toSemestreIngSoftware/IngenieriaProcesos/Programas/Proyecto_procesos/target/classes/assets/textures/sprites/caballero/muerte.png
14:07:58.227 [JavaFX Application Thread] DEBUG FXGLAssetLoaderServi - Loading from file system: file:/C:/Users/jdani/Documents/5toSemestreIngSoftware/IngenieriaProcesos/Programas/Proyecto_procesos/target/classes/assets/textures/sprites/demon/idle.png
14:07:58.248 [JavaFX Application Thread] DEBUG FXGLAssetLoaderServi - Loading from file system: file:/C:/Users/jdani/Documents/5toSemestreIngSoftware/IngenieriaProcesos/Programas/Proyecto_procesos/target/classes/assets/textures/sprites/demon/ataque1.png
14:07:58.256 [JavaFX Application Thread] DEBUG FXGLAssetLoaderServi - Loading from file system: file:/C:/Users/jdani/Documents/5toSemestreIngSoftware/IngenieriaProcesos/Programas/Proyecto_procesos/target/classes/assets/textures/sprites/demon/ataque2.png
14:07:58.264 [JavaFX Application Thread] DEBUG FXGLAssetLoaderServi - Loading from file system: file:/C:/Users/jdani/Documents/5toSemestreIngSoftware/IngenieriaProcesos/Programas/Proyecto_procesos/target/classes/assets/textures/sprites/demon/hurt.png
14:07:58.270 [JavaFX Application Thread] DEBUG FXGLAssetLoaderServi - Loading from file system: file:/C:/Users/jdani/Documents/5toSemestreIngSoftware/IngenieriaProcesos/Programas/Proyecto_procesos/target/classes/assets/textures/sprites/demon/defensa.png
14:07:58.278 [JavaFX Application Thread] DEBUG FXGLAssetLoaderServi - Loading from file system: file:/C:/Users/jdani/Documents/5toSemestreIngSoftware/IngenieriaProcesos/Programas/Proyecto_procesos/target/classes/assets/textures/sprites/demon/correr.png
14:07:58.284 [JavaFX Application Thread] DEBUG FXGLAssetLoaderServi - Loading from file system: file:/C:/Users/jdani/Documents/5toSemestreIngSoftware/IngenieriaProcesos/Programas/Proyecto_procesos/target/classes/assets/textures/sprites/demon/muerte.png
14:07:58.299 [JavaFX Application Thread] DEBUG FXGLAssetLoaderServi - Loading from file system: file:/C:/Users/jdani/Documents/5toSemestreIngSoftware/IngenieriaProcesos/Programas/Proyecto_procesos/target/classes/assets/textures/C.png
14:07:58.832 [FXGL Background Thread 3 ] DEBUG Engine               - Logging environment variables
14:07:58.833 [FXGL Background Thread 3 ] DEBUG Engine               - achievements: []
14:07:58.833 [FXGL Background Thread 3 ] DEBUG Engine               - actualHeight: 768.0
14:07:58.834 [FXGL Background Thread 3 ] DEBUG Engine               - actualHeightProperty: ReadOnlyDoubleProperty [value: 768.0]
14:07:58.834 [FXGL Background Thread 3 ] DEBUG Engine               - actualWidth: 1024.0
14:07:58.834 [FXGL Background Thread 3 ] DEBUG Engine               - actualWidthProperty: ReadOnlyDoubleProperty [value: 1024.0]
14:07:58.834 [FXGL Background Thread 3 ] DEBUG Engine               - appIcon: fxgl_icon.png
14:07:58.834 [FXGL Background Thread 3 ] DEBUG Engine               - applicationMode: DEVELOPER
14:07:58.834 [FXGL Background Thread 3 ] DEBUG Engine               - cSSList: [fxgl_dark.css]
14:07:58.834 [FXGL Background Thread 3 ] DEBUG Engine               - collisionDetectionStrategy: BRUTE_FORCE
14:07:58.834 [FXGL Background Thread 3 ] DEBUG Engine               - configClass: Optional.empty
14:07:58.834 [FXGL Background Thread 3 ] DEBUG Engine               - credits: []
14:07:58.835 [FXGL Background Thread 3 ] DEBUG Engine               - defaultCursor: CursorInfo(imageName=fxgl_default_cursor.png, hotspotX=7.0, hotspotY=6.0)
14:07:58.836 [FXGL Background Thread 3 ] DEBUG Engine               - devBBoxColorProperty: ObjectProperty [value: 0xff0000ff]
14:07:58.836 [FXGL Background Thread 3 ] DEBUG Engine               - devEnableDebugCameraProperty: BooleanProperty [value: false]
14:07:58.836 [FXGL Background Thread 3 ] DEBUG Engine               - devSensorColorProperty: ObjectProperty [value: 0xffff00ff]
14:07:58.836 [FXGL Background Thread 3 ] DEBUG Engine               - devShowBBoxProperty: BooleanProperty [value: false]
14:07:58.836 [FXGL Background Thread 3 ] DEBUG Engine               - devShowPositionProperty: BooleanProperty [value: false]
14:07:58.836 [FXGL Background Thread 3 ] DEBUG Engine               - enabledMenuItems: []
14:07:58.836 [FXGL Background Thread 3 ] DEBUG Engine               - engineServices: [class com.almasb.fxgl.app.services.FXGLAssetLoaderService, class com.almasb.fxgl.app.FXGLApplication$GameApplicationService, class com.almasb.fxgl.app.services.FXGLDialogService, class com.almasb.fxgl.app.services.IOTaskExecutorService, class com.almasb.fxgl.io.FileSystemService, class com.almasb.fxgl.localization.LocalizationService, class com.almasb.fxgl.app.services.SystemBundleService, class com.almasb.fxgl.profile.SaveLoadService, class com.almasb.fxgl.ui.FXGLUIFactoryServiceProvider, class com.almasb.fxgl.ui.FXGLDialogFactoryServiceProvider, class com.almasb.fxgl.audio.AudioPlayer, class com.almasb.fxgl.notification.impl.NotificationServiceProvider, class com.almasb.fxgl.achievement.AchievementService, class com.almasb.fxgl.cutscene.CutsceneService, class com.almasb.fxgl.minigames.MiniGameService, class com.almasb.fxgl.net.NetService, class com.almasb.fxgl.app.services.UpdaterService, class com.almasb.fxgl.dev.DevService]
14:07:58.836 [FXGL Background Thread 3 ] DEBUG Engine               - fontGame: Abel-Regular.ttf
14:07:58.837 [FXGL Background Thread 3 ] DEBUG Engine               - fontMono: TerminalLandMono-Regular.otf
14:07:58.837 [FXGL Background Thread 3 ] DEBUG Engine               - fontSizeScaleUI: 1.0
14:07:58.837 [FXGL Background Thread 3 ] DEBUG Engine               - fontText: Courier-Prime.ttf
14:07:58.837 [FXGL Background Thread 3 ] DEBUG Engine               - fontUI: VarelaRound-Regular.ttf
14:07:58.837 [FXGL Background Thread 3 ] DEBUG Engine               - fullScreen: BooleanProperty [value: false]
14:07:58.837 [FXGL Background Thread 3 ] DEBUG Engine               - gameDifficulty: MEDIUM
14:07:58.837 [FXGL Background Thread 3 ] DEBUG Engine               - gameDifficultyProperty: ObjectProperty [value: MEDIUM]
14:07:58.837 [FXGL Background Thread 3 ] DEBUG Engine               - globalMusicVolume: 0.5
14:07:58.837 [FXGL Background Thread 3 ] DEBUG Engine               - globalMusicVolumeProperty: DoubleProperty [value: 0.5]
14:07:58.837 [FXGL Background Thread 3 ] DEBUG Engine               - globalSoundVolume: 0.5
14:07:58.838 [FXGL Background Thread 3 ] DEBUG Engine               - globalSoundVolumeProperty: DoubleProperty [value: 0.5]
14:07:58.838 [FXGL Background Thread 3 ] DEBUG Engine               - height: 768
14:07:58.838 [FXGL Background Thread 3 ] DEBUG Engine               - is3D: false
14:07:58.838 [FXGL Background Thread 3 ] DEBUG Engine               - isAndroid: false
14:07:58.838 [FXGL Background Thread 3 ] DEBUG Engine               - isBrowser: false
14:07:58.838 [FXGL Background Thread 3 ] DEBUG Engine               - isClickFeedbackEnabled: false
14:07:58.838 [FXGL Background Thread 3 ] DEBUG Engine               - isCloseConfirmation: false
14:07:58.838 [FXGL Background Thread 3 ] DEBUG Engine               - isDesktop: true
14:07:58.839 [FXGL Background Thread 3 ] DEBUG Engine               - isDeveloperMenuEnabled: false
14:07:58.839 [FXGL Background Thread 3 ] DEBUG Engine               - isEmbedded: false
14:07:58.839 [FXGL Background Thread 3 ] DEBUG Engine               - isEntityPreloadEnabled: true
14:07:58.839 [FXGL Background Thread 3 ] DEBUG Engine               - isExperimentalTiledLargeMap: false
14:07:58.839 [FXGL Background Thread 3 ] DEBUG Engine               - isFileSystemWriteAllowed: true
14:07:58.839 [FXGL Background Thread 3 ] DEBUG Engine               - isFullScreenAllowed: false
14:07:58.839 [FXGL Background Thread 3 ] DEBUG Engine               - isFullScreenFromStart: false
14:07:58.839 [FXGL Background Thread 3 ] DEBUG Engine               - isGameMenuEnabled: true
14:07:58.839 [FXGL Background Thread 3 ] DEBUG Engine               - isIOS: false
14:07:58.839 [FXGL Background Thread 3 ] DEBUG Engine               - isIntroEnabled: false
14:07:58.840 [FXGL Background Thread 3 ] DEBUG Engine               - isLinux: false
14:07:58.840 [FXGL Background Thread 3 ] DEBUG Engine               - isMac: false
14:07:58.840 [FXGL Background Thread 3 ] DEBUG Engine               - isMainMenuEnabled: false
14:07:58.840 [FXGL Background Thread 3 ] DEBUG Engine               - isManualResizeEnabled: false
14:07:58.840 [FXGL Background Thread 3 ] DEBUG Engine               - isMobile: false
14:07:58.840 [FXGL Background Thread 3 ] DEBUG Engine               - isNative: false
14:07:58.840 [FXGL Background Thread 3 ] DEBUG Engine               - isPauseMusicWhenMinimized: true
14:07:58.840 [FXGL Background Thread 3 ] DEBUG Engine               - isPreserveResizeRatio: false
14:07:58.840 [FXGL Background Thread 3 ] DEBUG Engine               - isProfilingEnabled: false
14:07:58.840 [FXGL Background Thread 3 ] DEBUG Engine               - isScaleAffectedOnResize: true
14:07:58.840 [FXGL Background Thread 3 ] DEBUG Engine               - isSingleStep: false
14:07:58.840 [FXGL Background Thread 3 ] DEBUG Engine               - isUserProfileEnabled: false
14:07:58.840 [FXGL Background Thread 3 ] DEBUG Engine               - isWindows: true
14:07:58.840 [FXGL Background Thread 3 ] DEBUG Engine               - language: ObjectProperty [value: ENGLISH]
14:07:58.840 [FXGL Background Thread 3 ] DEBUG Engine               - menuKey: ESCAPE
14:07:58.840 [FXGL Background Thread 3 ] DEBUG Engine               - mouseSensitivity: 0.2
14:07:58.841 [FXGL Background Thread 3 ] DEBUG Engine               - notificationViewClass: class com.almasb.fxgl.notification.view.XboxNotificationView
14:07:58.841 [FXGL Background Thread 3 ] DEBUG Engine               - pixelsPerMeter: 50.0
14:07:58.841 [FXGL Background Thread 3 ] DEBUG Engine               - platform: WINDOWS
14:07:58.841 [FXGL Background Thread 3 ] DEBUG Engine               - prefHeightProperty: ReadOnlyDoubleProperty [value: 768.0]
14:07:58.841 [FXGL Background Thread 3 ] DEBUG Engine               - prefWidthProperty: ReadOnlyDoubleProperty [value: 1024.0]
14:07:58.841 [FXGL Background Thread 3 ] DEBUG Engine               - profileDir: profiles/
14:07:58.841 [FXGL Background Thread 3 ] DEBUG Engine               - profileName: StringProperty [value: DEFAULT]
14:07:58.841 [FXGL Background Thread 3 ] DEBUG Engine               - randomSeed: -1
14:07:58.842 [FXGL Background Thread 3 ] DEBUG Engine               - runtimeInfo: RuntimeInfo(platform=WINDOWS, version=21, build=28.12.2023 13.35)
14:07:58.842 [FXGL Background Thread 3 ] DEBUG Engine               - saveFileExt: sav
14:07:58.842 [FXGL Background Thread 3 ] DEBUG Engine               - scaledHeightProp$fxgl: DoubleProperty [bound, value: 768.0]
14:07:58.842 [FXGL Background Thread 3 ] DEBUG Engine               - scaledWidthProp$fxgl: DoubleProperty [bound, value: 1024.0]
14:07:58.842 [FXGL Background Thread 3 ] DEBUG Engine               - sceneFactory: com.almasb.fxgl.app.scene.SceneFactory@6baefbc9
14:07:58.842 [FXGL Background Thread 3 ] DEBUG Engine               - secondsIn24h: 60
14:07:58.842 [FXGL Background Thread 3 ] DEBUG Engine               - soundMenuBack: menu/back.wav
14:07:58.842 [FXGL Background Thread 3 ] DEBUG Engine               - soundMenuPress: menu/press.wav
14:07:58.842 [FXGL Background Thread 3 ] DEBUG Engine               - soundMenuSelect: menu/select.wav
14:07:58.842 [FXGL Background Thread 3 ] DEBUG Engine               - soundNotification: core/notification.wav
14:07:58.842 [FXGL Background Thread 3 ] DEBUG Engine               - stageStyle: DECORATED
14:07:58.842 [FXGL Background Thread 3 ] DEBUG Engine               - supportedLanguages: [ENGLISH, FRENCH, GERMAN, HUNGARIAN, RUSSIAN]
14:07:58.842 [FXGL Background Thread 3 ] DEBUG Engine               - ticksPerSecond: -1
14:07:58.843 [FXGL Background Thread 3 ] DEBUG Engine               - title: Simulador de Batalla
14:07:58.843 [FXGL Background Thread 3 ] DEBUG Engine               - urlGithub: https://github.com/AlmasB/FXGL
14:07:58.843 [FXGL Background Thread 3 ] DEBUG Engine               - urlLeaderboard: http://fxgl-top.herokuapp.com/
14:07:58.843 [FXGL Background Thread 3 ] DEBUG Engine               - urlPOM: https://raw.githubusercontent.com/AlmasB/FXGL/release/README.md
14:07:58.843 [FXGL Background Thread 3 ] DEBUG Engine               - userAppClass: class Batalla.BattleSimulatorApp
14:07:58.843 [FXGL Background Thread 3 ] DEBUG Engine               - version: 1.0
14:07:58.843 [FXGL Background Thread 3 ] DEBUG Engine               - versionCheckDays: 7
14:07:58.843 [FXGL Background Thread 3 ] DEBUG Engine               - width: 1024
14:07:58.843 [FXGL Background Thread 3 ] DEBUG Engine               - Logging services
14:07:58.843 [FXGL Background Thread 3 ] DEBUG Engine               - class com.almasb.fxgl.app.services.FXGLAssetLoaderService
14:07:58.843 [FXGL Background Thread 3 ] DEBUG Engine               - class com.almasb.fxgl.app.FXGLApplication$GameApplicationService
14:07:58.844 [FXGL Background Thread 3 ] DEBUG Engine               - class com.almasb.fxgl.app.services.FXGLDialogService
14:07:58.844 [FXGL Background Thread 3 ] DEBUG Engine               - class com.almasb.fxgl.app.services.IOTaskExecutorService
14:07:58.844 [FXGL Background Thread 3 ] DEBUG Engine               - class com.almasb.fxgl.io.FileSystemService
14:07:58.844 [FXGL Background Thread 3 ] DEBUG Engine               - class com.almasb.fxgl.localization.LocalizationService
14:07:58.844 [FXGL Background Thread 3 ] DEBUG Engine               - class com.almasb.fxgl.app.services.SystemBundleService
14:07:58.844 [FXGL Background Thread 3 ] DEBUG Engine               - class com.almasb.fxgl.profile.SaveLoadService
14:07:58.844 [FXGL Background Thread 3 ] DEBUG Engine               - class com.almasb.fxgl.ui.FXGLUIFactoryServiceProvider
14:07:58.844 [FXGL Background Thread 3 ] DEBUG Engine               - class com.almasb.fxgl.ui.FXGLDialogFactoryServiceProvider
14:07:58.845 [FXGL Background Thread 3 ] DEBUG Engine               - class com.almasb.fxgl.audio.AudioPlayer
14:07:58.845 [FXGL Background Thread 3 ] DEBUG Engine               - class com.almasb.fxgl.notification.impl.NotificationServiceProvider
14:07:58.845 [FXGL Background Thread 3 ] DEBUG Engine               - class com.almasb.fxgl.achievement.AchievementService
14:07:58.845 [FXGL Background Thread 3 ] DEBUG Engine               - class com.almasb.fxgl.cutscene.CutsceneService
14:07:58.845 [FXGL Background Thread 3 ] DEBUG Engine               - class com.almasb.fxgl.minigames.MiniGameService
14:07:58.845 [FXGL Background Thread 3 ] DEBUG Engine               - class com.almasb.fxgl.net.NetService
14:07:58.845 [FXGL Background Thread 3 ] DEBUG Engine               - class com.almasb.fxgl.app.services.UpdaterService
14:07:58.845 [FXGL Background Thread 3 ] DEBUG Engine               - class com.almasb.fxgl.dev.DevService
14:08:07.382 [JavaFX Application Thread] DEBUG FXGLAssetLoaderServi - Loading from file system: file:/C:/Users/jdani/Documents/5toSemestreIngSoftware/IngenieriaProcesos/Programas/Proyecto_procesos/target/classes/assets/textures/sprites/panda/idle.png
14:08:07.390 [JavaFX Application Thread] DEBUG FXGLAssetLoaderServi - Loading from file system: file:/C:/Users/jdani/Documents/5toSemestreIngSoftware/IngenieriaProcesos/Programas/Proyecto_procesos/target/classes/assets/textures/sprites/panda/ataque1.png
14:08:07.397 [JavaFX Application Thread] DEBUG FXGLAssetLoaderServi - Loading from file system: file:/C:/Users/jdani/Documents/5toSemestreIngSoftware/IngenieriaProcesos/Programas/Proyecto_procesos/target/classes/assets/textures/sprites/panda/ataque2.png
14:08:07.408 [JavaFX Application Thread] DEBUG FXGLAssetLoaderServi - Loading from file system: file:/C:/Users/jdani/Documents/5toSemestreIngSoftware/IngenieriaProcesos/Programas/Proyecto_procesos/target/classes/assets/textures/sprites/panda/hurt.png
14:08:07.413 [JavaFX Application Thread] DEBUG FXGLAssetLoaderServi - Loading from file system: file:/C:/Users/jdani/Documents/5toSemestreIngSoftware/IngenieriaProcesos/Programas/Proyecto_procesos/target/classes/assets/textures/sprites/panda/defensa.png
14:08:07.419 [JavaFX Application Thread] DEBUG FXGLAssetLoaderServi - Loading from file system: file:/C:/Users/jdani/Documents/5toSemestreIngSoftware/IngenieriaProcesos/Programas/Proyecto_procesos/target/classes/assets/textures/sprites/panda/correr.png
14:08:07.428 [JavaFX Application Thread] DEBUG FXGLAssetLoaderServi - Loading from file system: file:/C:/Users/jdani/Documents/5toSemestreIngSoftware/IngenieriaProcesos/Programas/Proyecto_procesos/target/classes/assets/textures/sprites/panda/muerte.png
14:08:16.901 [JavaFX Application Thread] DEBUG FXGLAssetLoaderServi - Loading from file system: file:/C:/Users/jdani/Documents/5toSemestreIngSoftware/IngenieriaProcesos/Programas/Proyecto_procesos/target/classes/assets/textures/sprites/chino/idle.png
14:08:16.909 [JavaFX Application Thread] DEBUG FXGLAssetLoaderServi - Loading from file system: file:/C:/Users/jdani/Documents/5toSemestreIngSoftware/IngenieriaProcesos/Programas/Proyecto_procesos/target/classes/assets/textures/sprites/chino/ataque1.png
14:08:16.915 [JavaFX Application Thread] DEBUG FXGLAssetLoaderServi - Loading from file system: file:/C:/Users/jdani/Documents/5toSemestreIngSoftware/IngenieriaProcesos/Programas/Proyecto_procesos/target/classes/assets/textures/sprites/chino/ataque2.png
14:08:16.922 [JavaFX Application Thread] DEBUG FXGLAssetLoaderServi - Loading from file system: file:/C:/Users/jdani/Documents/5toSemestreIngSoftware/IngenieriaProcesos/Programas/Proyecto_procesos/target/classes/assets/textures/sprites/chino/hurt.png
14:08:16.930 [JavaFX Application Thread] DEBUG FXGLAssetLoaderServi - Loading from file system: file:/C:/Users/jdani/Documents/5toSemestreIngSoftware/IngenieriaProcesos/Programas/Proyecto_procesos/target/classes/assets/textures/sprites/chino/defensa.png
14:08:16.936 [JavaFX Application Thread] DEBUG FXGLAssetLoaderServi - Loading from file system: file:/C:/Users/jdani/Documents/5toSemestreIngSoftware/IngenieriaProcesos/Programas/Proyecto_procesos/target/classes/assets/textures/sprites/chino/correr.png
14:08:16.944 [JavaFX Application Thread] DEBUG FXGLAssetLoaderServi - Loading from file system: file:/C:/Users/jdani/Documents/5toSemestreIngSoftware/IngenieriaProcesos/Programas/Proyecto_procesos/target/classes/assets/textures/sprites/chino/muerte.png
14:08:26.028 [JavaFX Application Thread] DEBUG FXGLApplication      - Exiting FXGL
14:08:26.029 [JavaFX Application Thread] DEBUG LoopRunner           - Stopping loop
14:08:26.029 [JavaFX Application Thread] DEBUG SystemBundleService  - Saving FXGL system data
14:08:26.035 [JavaFX Application Thread] DEBUG FileSystemAccess     - Writing to: C:\Users\jdani\Documents\5toSemestreIngSoftware\IngenieriaProcesos\Programas\proyecto_procesos\system\fxgl.bundle
14:08:26.040 [JavaFX Application Thread] DEBUG Async                - Shutting down background threads
14:08:26.041 [JavaFX Application Thread] DEBUG PrimaryStageWindow   - Closing main window
14:08:26.086 [JavaFX Application Thread] DEBUG Logger               - Closing Logger
